
 Start         Length     Name                   Class
 0001:00401000 0006ED0CH .text                   CODE
 0002:00470000 000007ECH .itext                  ICODE
 0003:00471000 00001F60H .data                   DATA
 0004:00473000 000051D4H .bss                    BSS
 0005:00000000 0000003CH .tls                    TLS


Detailed map of segments

 0001:00000000 0000672B C=CODE     S=.text    G=(none)   M=System   ACBP=A9
 0001:0000672C 00000105 C=CODE     S=.text    G=(none)   M=SysInit  ACBP=A9
 0001:00006834 000002F8 C=CODE     S=.text    G=(none)   M=Types    ACBP=A9
 0001:00006B2C 00000DC0 C=CODE     S=.text    G=(none)   M=Windows  ACBP=A9
 0001:000078EC 00000071 C=CODE     S=.text    G=(none)   M=Messages ACBP=A9
 0001:00007960 0000001E C=CODE     S=.text    G=(none)   M=ActiveX  ACBP=A9
 0001:00007980 00000310 C=CODE     S=.text    G=(none)   M=SysConst ACBP=A9
 0001:00007C90 00000138 C=CODE     S=.text    G=(none)   M=RTLConsts ACBP=A9
 0001:00007DC8 00000230 C=CODE     S=.text    G=(none)   M=Character ACBP=A9
 0001:00007FF8 00009796 C=CODE     S=.text    G=(none)   M=SysUtils ACBP=A9
 0001:00011790 000007FA C=CODE     S=.text    G=(none)   M=VarUtils ACBP=A9
 0001:00011F8C 00002E34 C=CODE     S=.text    G=(none)   M=Variants ACBP=A9
 0001:00014DC0 00000DF3 C=CODE     S=.text    G=(none)   M=TypInfo  ACBP=A9
 0001:00015BB4 0000BAFF C=CODE     S=.text    G=(none)   M=Classes  ACBP=A9
 0001:000216B4 000001A9 C=CODE     S=.text    G=(none)   M=Contnrs  ACBP=A9
 0001:00021860 0000182A C=CODE     S=.text    G=(none)   M=HelpIntfs ACBP=A9
 0001:0002308C 00000876 C=CODE     S=.text    G=(none)   M=MultiMon ACBP=A9
 0001:00023904 00000200 C=CODE     S=.text    G=(none)   M=CommCtrl ACBP=A9
 0001:00023B04 00000290 C=CODE     S=.text    G=(none)   M=Consts   ACBP=A9
 0001:00023D94 00000065 C=CODE     S=.text    G=(none)   M=IniFiles ACBP=A9
 0001:00023DFC 00000659 C=CODE     S=.text    G=(none)   M=Registry ACBP=A9
 0001:00024458 0000A2FA C=CODE     S=.text    G=(none)   M=Graphics ACBP=A9
 0001:0002E754 00000BC2 C=CODE     S=.text    G=(none)   M=SyncObjs ACBP=A9
 0001:0002F318 00000F71 C=CODE     S=.text    G=(none)   M=UxTheme  ACBP=A9
 0001:0003028C 000001E0 C=CODE     S=.text    G=(none)   M=DwmApi   ACBP=A9
 0001:0003046C 0000178A C=CODE     S=.text    G=(none)   M=GraphUtil ACBP=A9
 0001:00031BF8 00004688 C=CODE     S=.text    G=(none)   M=StdCtrls ACBP=A9
 0001:00036280 0000003A C=CODE     S=.text    G=(none)   M=Printers ACBP=A9
 0001:000362BC 00000047 C=CODE     S=.text    G=(none)   M=WideStrUtils ACBP=A9
 0001:00036304 0000003A C=CODE     S=.text    G=(none)   M=Clipbrd  ACBP=A9
 0001:00036340 00000FF2 C=CODE     S=.text    G=(none)   M=ExtCtrls ACBP=A9
 0001:00037334 000002D5 C=CODE     S=.text    G=(none)   M=ComCtrls ACBP=A9
 0001:0003760C 0000388C C=CODE     S=.text    G=(none)   M=Dialogs  ACBP=A9
 0001:0003AE98 00000139 C=CODE     S=.text    G=(none)   M=StdActns ACBP=A9
 0001:0003AFD4 000003AE C=CODE     S=.text    G=(none)   M=FlatSB   ACBP=A9
 0001:0003B384 00008145 C=CODE     S=.text    G=(none)   M=Menus    ACBP=A9
 0001:000434CC 000161B0 C=CODE     S=.text    G=(none)   M=Controls ACBP=A9
 0001:0005967C 00000E0E C=CODE     S=.text    G=(none)   M=Themes   ACBP=A9
 0001:0005A48C 00001961 C=CODE     S=.text    G=(none)   M=ImgList  ACBP=A9
 0001:0005BDF0 00001542 C=CODE     S=.text    G=(none)   M=ActnList ACBP=A9
 0001:0005D334 0000FB38 C=CODE     S=.text    G=(none)   M=Forms    ACBP=A9
 0001:0006CE6C 000002B6 C=CODE     S=.text    G=(none)   M=NempApi  ACBP=A9
 0001:0006D124 00000413 C=CODE     S=.text    G=(none)   M=lcdg15   ACBP=A9
 0001:0006D538 000011C8 C=CODE     S=.text    G=(none)   M=lcdg15Nemp ACBP=A9
 0001:0006E700 000003E1 C=CODE     S=.text    G=(none)   M=MainUnit ACBP=A9
 0001:0006EAE4 00000228 C=CODE     S=.text    G=(none)   M=NempG15App ACBP=A9
 0002:00000000 000000AE C=ICODE    S=.itext   G=(none)   M=System   ACBP=A9
 0002:000000B0 00000011 C=ICODE    S=.itext   G=(none)   M=Windows  ACBP=A9
 0002:000000C4 00000094 C=ICODE    S=.itext   G=(none)   M=SysUtils ACBP=A9
 0002:00000158 0000000F C=ICODE    S=.itext   G=(none)   M=VarUtils ACBP=A9
 0002:00000168 000000AA C=ICODE    S=.itext   G=(none)   M=Variants ACBP=A9
 0002:00000214 00000008 C=ICODE    S=.itext   G=(none)   M=TypInfo  ACBP=A9
 0002:0000021C 00000092 C=ICODE    S=.itext   G=(none)   M=Classes  ACBP=A9
 0002:000002B0 00000008 C=ICODE    S=.itext   G=(none)   M=HelpIntfs ACBP=A9
 0002:000002B8 0000000F C=ICODE    S=.itext   G=(none)   M=MultiMon ACBP=A9
 0002:000002C8 00000008 C=ICODE    S=.itext   G=(none)   M=IniFiles ACBP=A9
 0002:000002D0 00000008 C=ICODE    S=.itext   G=(none)   M=Registry ACBP=A9
 0002:000002D8 000000FB C=ICODE    S=.itext   G=(none)   M=Graphics ACBP=A9
 0002:000003D4 0000000F C=ICODE    S=.itext   G=(none)   M=SyncObjs ACBP=A9
 0002:000003E4 0000001B C=ICODE    S=.itext   G=(none)   M=UxTheme  ACBP=A9
 0002:00000400 00000008 C=ICODE    S=.itext   G=(none)   M=DwmApi   ACBP=A9
 0002:00000408 00000086 C=ICODE    S=.itext   G=(none)   M=GraphUtil ACBP=A9
 0002:00000490 00000008 C=ICODE    S=.itext   G=(none)   M=Printers ACBP=A9
 0002:00000498 00000078 C=ICODE    S=.itext   G=(none)   M=Clipbrd  ACBP=A9
 0002:00000510 00000054 C=ICODE    S=.itext   G=(none)   M=ExtCtrls ACBP=A9
 0002:00000564 00000039 C=ICODE    S=.itext   G=(none)   M=ComCtrls ACBP=A9
 0002:000005A0 0000003D C=ICODE    S=.itext   G=(none)   M=Dialogs  ACBP=A9
 0002:000005E0 0000000F C=ICODE    S=.itext   G=(none)   M=FlatSB   ACBP=A9
 0002:000005F0 00000085 C=ICODE    S=.itext   G=(none)   M=Menus    ACBP=A9
 0002:00000678 00000088 C=ICODE    S=.itext   G=(none)   M=Controls ACBP=A9
 0002:00000700 00000008 C=ICODE    S=.itext   G=(none)   M=Themes   ACBP=A9
 0002:00000708 0000002A C=ICODE    S=.itext   G=(none)   M=ActnList ACBP=A9
 0002:00000734 0000005C C=ICODE    S=.itext   G=(none)   M=Forms    ACBP=A9
 0002:00000790 00000008 C=ICODE    S=.itext   G=(none)   M=NempApi  ACBP=A9
 0002:00000798 00000053 C=ICODE    S=.itext   G=(none)   M=NempG15App ACBP=A9
 0003:00000000 000007B6 C=DATA     S=.data    G=DGROUP   M=System   ACBP=A9
 0003:000007B8 00000020 C=DATA     S=.data    G=DGROUP   M=SysInit  ACBP=A9
 0003:000007D8 00000100 C=DATA     S=.data    G=DGROUP   M=Character ACBP=A9
 0003:000008D8 0000027C C=DATA     S=.data    G=DGROUP   M=SysUtils ACBP=A9
 0003:00000B54 00000008 C=DATA     S=.data    G=DGROUP   M=VarUtils ACBP=A9
 0003:00000B5C 00000092 C=DATA     S=.data    G=DGROUP   M=Variants ACBP=A9
 0003:00000BF0 0000000C C=DATA     S=.data    G=DGROUP   M=TypInfo  ACBP=A9
 0003:00000BFC 00000064 C=DATA     S=.data    G=DGROUP   M=Classes  ACBP=A9
 0003:00000C60 00000008 C=DATA     S=.data    G=DGROUP   M=IniFiles ACBP=A9
 0003:00000C68 00000008 C=DATA     S=.data    G=DGROUP   M=Registry ACBP=A9
 0003:00000C70 000003B8 C=DATA     S=.data    G=DGROUP   M=Graphics ACBP=A9
 0003:00001028 00000450 C=DATA     S=.data    G=DGROUP   M=GraphUtil ACBP=A9
 0003:00001478 0000006C C=DATA     S=.data    G=DGROUP   M=StdCtrls ACBP=A9
 0003:000014E4 00000004 C=DATA     S=.data    G=DGROUP   M=Printers ACBP=A9
 0003:000014E8 00000010 C=DATA     S=.data    G=DGROUP   M=ComCtrls ACBP=A9
 0003:000014F8 00000198 C=DATA     S=.data    G=DGROUP   M=Dialogs  ACBP=A9
 0003:00001690 00000134 C=DATA     S=.data    G=DGROUP   M=Menus    ACBP=A9
 0003:000017C4 0000013C C=DATA     S=.data    G=DGROUP   M=Controls ACBP=A9
 0003:00001900 00000068 C=DATA     S=.data    G=DGROUP   M=Themes   ACBP=A9
 0003:00001968 0000003C C=DATA     S=.data    G=DGROUP   M=ImgList  ACBP=A9
 0003:000019A4 00000140 C=DATA     S=.data    G=DGROUP   M=Forms    ACBP=A9
 0003:00001AE4 00000004 C=DATA     S=.data    G=DGROUP   M=NempApi  ACBP=A9
 0004:00000000 00002B48 C=BSS      S=.bss     G=DGROUP   M=System   ACBP=A9
 0004:00002B48 0000000C C=BSS      S=.bss     G=DGROUP   M=SysInit  ACBP=A9
 0004:00002B54 00000008 C=BSS      S=.bss     G=DGROUP   M=Windows  ACBP=A9
 0004:00002B5C 0000001C C=BSS      S=.bss     G=DGROUP   M=Character ACBP=A9
 0004:00002B78 00002234 C=BSS      S=.bss     G=DGROUP   M=SysUtils ACBP=A9
 0004:00004DAC 0000005C C=BSS      S=.bss     G=DGROUP   M=VarUtils ACBP=A9
 0004:00004E08 00000040 C=BSS      S=.bss     G=DGROUP   M=Variants ACBP=A9
 0004:00004E48 00000004 C=BSS      S=.bss     G=DGROUP   M=TypInfo  ACBP=A9
 0004:00004E4C 00000048 C=BSS      S=.bss     G=DGROUP   M=Classes  ACBP=A9
 0004:00004E94 00000008 C=BSS      S=.bss     G=DGROUP   M=HelpIntfs ACBP=A9
 0004:00004E9C 00000031 C=BSS      S=.bss     G=DGROUP   M=MultiMon ACBP=A9
 0004:00004ED0 0000000C C=BSS      S=.bss     G=DGROUP   M=CommCtrl ACBP=A9
 0004:00004EDC 00000004 C=BSS      S=.bss     G=DGROUP   M=IniFiles ACBP=A9
 0004:00004EE0 00000004 C=BSS      S=.bss     G=DGROUP   M=Registry ACBP=A9
 0004:00004EE4 00000060 C=BSS      S=.bss     G=DGROUP   M=Graphics ACBP=A9
 0004:00004F44 00000018 C=BSS      S=.bss     G=DGROUP   M=SyncObjs ACBP=A9
 0004:00004F5C 000000DC C=BSS      S=.bss     G=DGROUP   M=UxTheme  ACBP=A9
 0004:00005038 00000010 C=BSS      S=.bss     G=DGROUP   M=DwmApi   ACBP=A9
 0004:00005048 00000010 C=BSS      S=.bss     G=DGROUP   M=GraphUtil ACBP=A9
 0004:00005058 00000004 C=BSS      S=.bss     G=DGROUP   M=Printers ACBP=A9
 0004:0000505C 0000000C C=BSS      S=.bss     G=DGROUP   M=Clipbrd  ACBP=A9
 0004:00005068 00000008 C=BSS      S=.bss     G=DGROUP   M=ExtCtrls ACBP=A9
 0004:00005070 00000010 C=BSS      S=.bss     G=DGROUP   M=ComCtrls ACBP=A9
 0004:00005080 0000003C C=BSS      S=.bss     G=DGROUP   M=Dialogs  ACBP=A9
 0004:000050BC 00000034 C=BSS      S=.bss     G=DGROUP   M=FlatSB   ACBP=A9
 0004:000050F0 00000010 C=BSS      S=.bss     G=DGROUP   M=Menus    ACBP=A9
 0004:00005100 0000008C C=BSS      S=.bss     G=DGROUP   M=Controls ACBP=A9
 0004:0000518C 0000000C C=BSS      S=.bss     G=DGROUP   M=Themes   ACBP=A9
 0004:00005198 00000008 C=BSS      S=.bss     G=DGROUP   M=ImgList  ACBP=A9
 0004:000051A0 00000004 C=BSS      S=.bss     G=DGROUP   M=ActnList ACBP=A9
 0004:000051A4 00000028 C=BSS      S=.bss     G=DGROUP   M=Forms    ACBP=A9
 0004:000051CC 00000004 C=BSS      S=.bss     G=DGROUP   M=NempApi  ACBP=A9
 0004:000051D0 00000004 C=BSS      S=.bss     G=DGROUP   M=MainUnit ACBP=A9
 0005:00000000 00000008 C=TLS      S=.tls     G=(none)   M=System   ACBP=A9
 0005:00000008 0000000C C=TLS      S=.tls     G=(none)   M=Classes  ACBP=A9
 0005:00000014 00000004 C=TLS      S=.tls     G=(none)   M=SyncObjs ACBP=A9
 0005:00000018 00000024 C=TLS      S=.tls     G=(none)   M=GraphUtil ACBP=A9


  Address             Publics by Name

 0001:00007960       ActiveX.CoTaskMemAlloc
 0001:00007968       ActiveX.CoTaskMemFree
 0001:00007970       ActiveX.OleInitialize
 0001:00007978       ActiveX.OleUninitialize
 0004:000051A0       ActnList..9
 0001:0005C258       ActnList..TActionLink
 0001:0005BDF0       ActnList..TContainedAction
 0001:0005C144       ActnList..TCustomAction
 0001:0005BF20       ActnList..TCustomActionList
 0001:0005C00C       ActnList..TShortCutList
 0002:00000708       ActnList.ActnList
 0001:0005D304       ActnList.Finalization
 0001:0005C970       ActnList.TActionLink.IsCaptionLinked
 0001:0005C984       ActnList.TActionLink.IsCheckedLinked
 0001:0005C998       ActnList.TActionLink.IsEnabledLinked
 0001:0005C9AC       ActnList.TActionLink.IsGroupIndexLinked
 0001:0005C9C0       ActnList.TActionLink.IsHelpContextLinked
 0001:0005C9D4       ActnList.TActionLink.IsHelpLinked
 0001:0005C9E8       ActnList.TActionLink.IsHintLinked
 0001:0005C9FC       ActnList.TActionLink.IsImageIndexLinked
 0001:0005CA10       ActnList.TActionLink.IsShortCutLinked
 0001:0005CA24       ActnList.TActionLink.IsVisibleLinked
 0001:0005CA38       ActnList.TActionLink.SetAutoCheck
 0001:0005CA3C       ActnList.TActionLink.SetCaption
 0001:0005CA40       ActnList.TActionLink.SetChecked
 0001:0005CA44       ActnList.TActionLink.SetEnabled
 0001:0005CA48       ActnList.TActionLink.SetGroupIndex
 0001:0005CA4C       ActnList.TActionLink.SetHelpContext
 0001:0005CA50       ActnList.TActionLink.SetHelpKeyword
 0001:0005CA54       ActnList.TActionLink.SetHelpType
 0001:0005CA58       ActnList.TActionLink.SetHint
 0001:0005CA5C       ActnList.TActionLink.SetImageIndex
 0001:0005CA60       ActnList.TActionLink.SetShortCut
 0001:0005CA64       ActnList.TActionLink.SetVisible
 0001:0005C334       ActnList.TContainedAction.Destroy
 0001:0005C4A0       ActnList.TContainedAction.Execute
 0001:0005C368       ActnList.TContainedAction.GetIndex
 0001:0005C384       ActnList.TContainedAction.GetParentComponent
 0001:0005C394       ActnList.TContainedAction.HasParent
 0001:0005C380       ActnList.TContainedAction.IsCategoryStored
 0001:0005C3A4       ActnList.TContainedAction.ReadState
 0001:0005C44C       ActnList.TContainedAction.SetActionList
 0001:0005C420       ActnList.TContainedAction.SetCategory
 0001:0005C3D8       ActnList.TContainedAction.SetIndex
 0001:0005C474       ActnList.TContainedAction.SetParentComponent
 0001:0005C4F8       ActnList.TContainedAction.Update
 0001:0005CB14       ActnList.TCustomAction.AssignTo
 0001:0005CA68       ActnList.TCustomAction.Create
 0001:0005CABC       ActnList.TCustomAction.Destroy
 0001:0005D1A0       ActnList.TCustomAction.DoHint
 0001:0005D1C8       ActnList.TCustomAction.Execute
 0001:0005D22C       ActnList.TCustomAction.GetSecondaryShortCuts
 0001:0005D288       ActnList.TCustomAction.HandleShortCut
 0001:0005CC20       ActnList.TCustomAction.SetAutoCheck
 0001:0005CC80       ActnList.TCustomAction.SetCaption
 0001:0005CCE0       ActnList.TCustomAction.SetChecked
 0001:0005CDE8       ActnList.TCustomAction.SetEnabled
 0001:0005CE64       ActnList.TCustomAction.SetGroupIndex
 0001:0005CF7C       ActnList.TCustomAction.SetHelpContext
 0001:0005CF14       ActnList.TCustomAction.SetHelpKeyword
 0001:0005CEBC       ActnList.TCustomAction.SetHelpType
 0001:0005CFD4       ActnList.TCustomAction.SetHint
 0001:0005D034       ActnList.TCustomAction.SetImageIndex
 0001:0005D154       ActnList.TCustomAction.SetName
 0001:0005D254       ActnList.TCustomAction.SetSecondaryShortCuts
 0001:0005D090       ActnList.TCustomAction.SetShortCut
 0001:0005D0F4       ActnList.TCustomAction.SetVisible
 0001:0005C738       ActnList.TCustomActionList.AddAction
 0001:0005C780       ActnList.TCustomActionList.Change
 0001:0005C550       ActnList.TCustomActionList.Create
 0001:0005C5BC       ActnList.TCustomActionList.Destroy
 0001:0005C88C       ActnList.TCustomActionList.ExecuteAction
 0001:0005C68C       ActnList.TCustomActionList.GetAction
 0001:0005C6A0       ActnList.TCustomActionList.GetActionCount
 0001:0005C614       ActnList.TCustomActionList.GetChildren
 0001:0005C6DC       ActnList.TCustomActionList.ImageListChange
 0001:0005C7E8       ActnList.TCustomActionList.IsShortCut
 0001:0005C6E8       ActnList.TCustomActionList.Notification
 0001:0005C758       ActnList.TCustomActionList.RemoveAction
 0001:0005C65C       ActnList.TCustomActionList.SetChildOrder
 0001:0005C6A8       ActnList.TCustomActionList.SetImages
 0001:0005C8CC       ActnList.TCustomActionList.SetState
 0001:0005C8AC       ActnList.TCustomActionList.UpdateAction
 0001:0005D294       ActnList.TShortCutList.Add
 0001:0005D2C0       ActnList.TShortCutList.IndexOfShortCut
 0004:00002B68       Character.CategoryTable
 0004:00002B60       Character.CatIndexPrimary
 0004:00002B64       Character.CatIndexSecondary
 0004:00002B5C       Character.DataTable
 0003:000007D8       Character.Latin1Categories
 0004:00002B74       Character.NumericValueTable
 0004:00002B6C       Character.NumIndexPrimary
 0004:00002B70       Character.NumIndexSecondary
 0001:00007DC8       Character.TCharacter.CheckLetter
 0001:00007DD4       Character.TCharacter.CheckLetterOrDigit
 0001:00007EF0       Character.TCharacter.GetUnicodeCategory
 0001:00007F50       Character.TCharacter.Initialize
 0001:00007EE4       Character.TCharacter.IsAscii
 0001:00007DE4       Character.TCharacter.IsLatin1
 0001:00007DF0       Character.TCharacter.IsLetter
 0001:00007E7C       Character.TCharacter.IsLetterOrDigit
 0004:00004E58       Classes..66
 0001:000161C4       Classes..EBitsError
 0001:00016078       Classes..EClassNotFound
 0001:000162A4       Classes..EComponentError
 0001:00015E58       Classes..EFCreateError
 0001:00015F34       Classes..EFilerError
 0001:00015DE4       Classes..EFileStreamError
 0001:00015EC8       Classes..EFOpenError
 0001:00016384       Classes..EInvalidOperation
 0001:00016158       Classes..EListError
 0001:00016314       Classes..EOutOfResources
 0001:00015FA0       Classes..EReadError
 0001:000160E8       Classes..EResNotFound
 0001:00015D74       Classes..EStreamError
 0001:00016230       Classes..EStringListError
 0001:00017254       Classes..EThread
 0001:0001600C       Classes..EWriteError
 0001:00017684       Classes..TBasicAction
 0001:000175F8       Classes..TBasicActionLink
 0001:000164CC       Classes..TBits
 0001:000170DC       Classes..TClassFinder
 0001:000167A8       Classes..TCollection
 0001:000166E4       Classes..TCollectionItem
 0001:0001748C       Classes..TComponent
 0001:00016DA4       Classes..TCustomMemoryStream
 0001:00017144       Classes..TFiler
 0001:00016D10       Classes..TFileStream
 0001:00016C8C       Classes..THandleStream
 0001:000185D0       Classes..TIntConst
 0001:00016624       Classes..TInterfacedPersistent
 0001:000163F8       Classes..TList
 0001:00016E2C       Classes..TMemoryStream
 0001:00016888       Classes..TOwnedCollection
 0001:0001652C       Classes..TPersistent
 0001:0001C2B0       Classes..TPropFixup
 0001:0001C334       Classes..TPropIntfFixup
 0001:000171B4       Classes..TReader
 0001:00017804       Classes..TRegGroup
 0001:00017868       Classes..TRegGroups
 0001:00016EB4       Classes..TResourceStream
 0001:00016C10       Classes..TStream
 0001:00017048       Classes..TStreamAdapter
 0001:00016ADC       Classes..TStringList
 0001:00016988       Classes..TStrings
 0001:0001731C       Classes..TThread
 0001:00016468       Classes..TThreadList
 0001:00018574       Classes.ActivateClassGroup
 0003:00000BFC       Classes.AddDataModule
 0001:0001C5EC       Classes.AddFinished
 0001:0001C624       Classes.AddNotFinished
 0001:0001D1A4       Classes.AddSubComponentsToLoaded
 0001:0001FA88       Classes.AddThread
 0001:000214F0       Classes.AllocateHWnd
 0003:00000C0C       Classes.ApplicationHandleException
 0003:00000C14       Classes.ApplicationShowException
 0001:000188D8       Classes.BeginGlobalLoading
 0003:00000C34       Classes.BlockCode
 0001:000177C8       Classes.Bounds
 0001:00021420       Classes.CalcJmpOffset
 0001:0001D1E0       Classes.CheckSubComponents
 0001:0001FAA0       Classes.CheckSynchronize
 0002:0000021C       Classes.Classes
 0001:00018338       Classes.ClassNotFound
 0001:0001D2C0       Classes.ComponentCreated
 0001:0001D340       Classes.CreateComponent
 0001:000215A4       Classes.DeallocateHWnd
 0001:0001F9BC       Classes.DoneThreadSynchronization
 0001:00019FE0       Classes.DoWrite
 0001:00018960       Classes.EndGlobalLoading
 0001:00017EDC       Classes.Error
 0001:0001C0E8       Classes.Error
 0004:00004E88       Classes.ExternalThreads
 0003:00000C24       Classes.FilerSignature
 0001:000215CC       Classes.Finalization
 0001:000183F8       Classes.FindClass
 0001:0001D4F0       Classes.FindExistingComponent
 0001:000187F0       Classes.FindGlobalComponent
 0004:00004E64       Classes.FindGlobalComponentProcs
 0001:00018698       Classes.FindIdentToInt
 0001:0001C4F4       Classes.FindNestedComponent
 0001:0001E56C       Classes.FindUniqueName
 0001:0001F9D4       Classes.FreeExternalThreads
 0001:0002138C       Classes.FreeIntConstList
 0001:000214C0       Classes.FreeObjectInstance
 0001:000183A4       Classes.GetClass
 0001:0001958C       Classes.GetDesigner
 0001:0001832C       Classes.GetFieldClassTable
 0004:00004E68       Classes.GlobalFixupList
 0001:0001C66C       Classes.GlobalFixupReferences
 0005:0000000C       Classes.GlobalLists
 0005:00000008       Classes.GlobalLoaded
 0004:00004E4C       Classes.GlobalNameSpace
 0001:00018520       Classes.GroupDescendentsWith
 0001:0001DD00       Classes.HandleException
 0001:00018714       Classes.IdentToInt
 0001:000189BC       Classes.InitComponent
 0001:00018A48       Classes.InitInheritedComponent
 0001:0001F988       Classes.InitThreadSynchronization
 0004:00004E8C       Classes.InstBlockList
 0004:00004E90       Classes.InstFreeList
 0004:00004E5C       Classes.IntConstList
 0005:00000010       Classes.InternalCurrentThread
 0001:00018854       Classes.InternalReadComponentRes
 0001:00018754       Classes.IntToIdent
 0001:000177F0       Classes.InvalidPoint
 0001:00018830       Classes.IsUniqueGlobalComponentName
 0004:00004E50       Classes.IsUniqueGlobalComponentNameProc
 0001:00021428       Classes.MakeObjectInstance
 0001:000191DC       Classes.Min
 0001:000213F8       Classes.ModuleUnload
 0003:00000C28       Classes.NilMethod
 0001:0001962C       Classes.NotifyDesigner
 0001:00018930       Classes.NotifyGlobalLoading
 0001:00017788       Classes.Point
 0001:0001C98C       Classes.PropertyNotFound
 0001:0001DDD0       Classes.PropPathError
 0001:0001C980       Classes.PropValueError
 0001:0001B8B0       Classes.RaiseException
 0001:0001F204       Classes.ReadCustomVariant
 0001:0001C968       Classes.ReadError
 0001:0001D2E0       Classes.Recover
 0001:000177A0       Classes.Rect
 0004:00004E60       Classes.RegGroups
 0001:00018418       Classes.RegisterClass
 0001:00018798       Classes.RegisterFindGlobalComponentProc
 0001:0001866C       Classes.RegisterIntegerConsts
 0003:00000C04       Classes.RemoveDataModule
 0001:0001C838       Classes.RemoveFixupReferences
 0001:0001C8E4       Classes.RemoveFixups
 0001:0001CC4C       Classes.RemoveGlobalFixup
 0001:0001FA94       Classes.RemoveThread
 0001:0001FA54       Classes.ResetSyncEvent
 0001:0001A14C       Classes.ReturnAddr
 0001:00018BD4       Classes.ReturnAddr
 0001:0001D450       Classes.SetCompName
 0001:0001C9B8       Classes.SetElementValue
 0001:0001E148       Classes.SetInterfaceReference
 0001:0001E064       Classes.SetIntIdent
 0001:0001E0AC       Classes.SetObjectIdent
 0001:0001D258       Classes.SetSubComponentState
 0001:0001E0EC       Classes.SetVariantReference
 0001:0001FA7C       Classes.SignalSyncEvent
 0001:0001ED24       Classes.SkipBinary
 0001:0001ED54       Classes.SkipCollection
 0001:0001ECFC       Classes.SkipList
 0001:000184D4       Classes.StartClassGroup
 0001:00021400       Classes.StdWndProc
 0001:0001B5B8       Classes.StringListCompareStrings
 0004:00004E54       Classes.SyncEvent
 0003:00000C30       Classes.SyncList
 0001:00020DF8       Classes.TBasicAction.Change
 0001:00020C84       Classes.TBasicAction.Create
 0001:00020CC8       Classes.TBasicAction.Destroy
 0001:00020D64       Classes.TBasicAction.Execute
 0001:00020D34       Classes.TBasicAction.ExecuteTarget
 0001:00020D30       Classes.TBasicAction.HandlesTarget
 0001:00020D38       Classes.TBasicAction.Notification
 0001:00020E0C       Classes.TBasicAction.RegisterChanges
 0001:00020E58       Classes.TBasicAction.SetActionComponent
 0001:00020D9C       Classes.TBasicAction.SetOnExecute
 0001:00020E18       Classes.TBasicAction.UnRegisterChanges
 0001:00020D80       Classes.TBasicAction.Update
 0001:00020D60       Classes.TBasicAction.UpdateTarget
 0001:00020BD4       Classes.TBasicActionLink.AssignClient
 0001:00020C0C       Classes.TBasicActionLink.Change
 0001:00020B90       Classes.TBasicActionLink.Create
 0001:00020BD8       Classes.TBasicActionLink.Destroy
 0001:00020C24       Classes.TBasicActionLink.Execute
 0001:00020C6C       Classes.TBasicActionLink.IsOnExecuteLinked
 0001:00020C40       Classes.TBasicActionLink.SetAction
 0001:00020C70       Classes.TBasicActionLink.SetOnExecute
 0001:00020C78       Classes.TBasicActionLink.Update
 0001:00019194       Classes.TBits.Destroy
 0001:000191C4       Classes.TBits.Error
 0001:000192B8       Classes.TBits.OpenBit
 0001:0001928C       Classes.TBits.SetBit
 0001:000191E8       Classes.TBits.SetSize
 0001:00018148       Classes.TClassFinder.Create
 0001:00018274       Classes.TClassFinder.Destroy
 0001:000182A4       Classes.TClassFinder.GetClass
 0001:000198F0       Classes.TCollection.Add
 0001:00019D68       Classes.TCollection.Added
 0001:00019910       Classes.TCollection.Assign
 0001:000199B8       Classes.TCollection.BeginUpdate
 0001:000199BC       Classes.TCollection.Changed
 0001:000199CC       Classes.TCollection.Clear
 0001:00019858       Classes.TCollection.Create
 0001:00019D6C       Classes.TCollection.Deleting
 0001:000198A4       Classes.TCollection.Destroy
 0001:00019A34       Classes.TCollection.EndUpdate
 0001:00019A44       Classes.TCollection.GetAttr
 0001:00019A40       Classes.TCollection.GetAttrCount
 0001:00019A74       Classes.TCollection.GetCount
 0001:00019A7C       Classes.TCollection.GetItem
 0001:00019A54       Classes.TCollection.GetItemAttr
 0001:00019A90       Classes.TCollection.GetNamePath
 0001:00019B44       Classes.TCollection.GetPropName
 0001:00019C98       Classes.TCollection.InsertItem
 0001:00019D70       Classes.TCollection.Notify
 0001:00019D5C       Classes.TCollection.Owner
 0001:00019D00       Classes.TCollection.RemoveItem
 0001:00019D54       Classes.TCollection.SetItemName
 0001:00019D58       Classes.TCollection.Update
 0001:000196F8       Classes.TCollectionItem.Changed
 0001:00019690       Classes.TCollectionItem.Create
 0001:000196C8       Classes.TCollectionItem.Destroy
 0001:00019734       Classes.TCollectionItem.GetDisplayName
 0001:0001971C       Classes.TCollectionItem.GetIndex
 0001:00019748       Classes.TCollectionItem.GetNamePath
 0001:000197F4       Classes.TCollectionItem.GetOwner
 0001:000197F8       Classes.TCollectionItem.SetCollection
 0001:00019820       Classes.TCollectionItem.SetDisplayName
 0001:00019828       Classes.TCollectionItem.SetIndex
 0001:00020438       Classes.TComponent.BeforeDestruction
 0001:00020980       Classes.TComponent.ChangeName
 0001:00020368       Classes.TComponent.Create
 0001:00020700       Classes.TComponent.DefineProperties
 0001:000203B4       Classes.TComponent.Destroy
 0001:000205C8       Classes.TComponent.DestroyComponents
 0001:00020624       Classes.TComponent.Destroying
 0001:00020A9C       Classes.TComponent.ExecuteAction
 0001:000208A0       Classes.TComponent.FindComponent
 0001:00020444       Classes.TComponent.FreeNotification
 0001:000207A4       Classes.TComponent.GetChildOwner
 0001:000207A8       Classes.TComponent.GetChildParent
 0001:0002079C       Classes.TComponent.GetChildren
 0001:00020994       Classes.TComponent.GetComponent
 0001:000209C0       Classes.TComponent.GetComponentCount
 0001:000207AC       Classes.TComponent.GetNamePath
 0001:000207C0       Classes.TComponent.GetOwner
 0001:000207C8       Classes.TComponent.GetParentComponent
 0001:00020798       Classes.TComponent.HasParent
 0001:000204D8       Classes.TComponent.Insert
 0001:0002052C       Classes.TComponent.InsertComponent
 0001:00020B8C       Classes.TComponent.IntfGetComponent
 0001:000207E8       Classes.TComponent.Loaded
 0001:000206A0       Classes.TComponent.Notification
 0001:000207F4       Classes.TComponent.PaletteCreated
 0001:00020B0C       Classes.TComponent.QueryInterface
 0001:00020498       Classes.TComponent.ReadLeft
 0001:000207F8       Classes.TComponent.ReadState
 0001:000204AC       Classes.TComponent.ReadTop
 0001:00020504       Classes.TComponent.Remove
 0001:00020590       Classes.TComponent.RemoveComponent
 0001:00020684       Classes.TComponent.RemoveFreeNotification
 0001:00020660       Classes.TComponent.RemoveNotification
 0001:00020AEC       Classes.TComponent.SafeCallException
 0001:000207C4       Classes.TComponent.SetChildOrder
 0001:000209D0       Classes.TComponent.SetComponentIndex
 0001:00020A24       Classes.TComponent.SetDesigning
 0001:000208F0       Classes.TComponent.SetName
 0001:000207CC       Classes.TComponent.SetParentComponent
 0001:00020A74       Classes.TComponent.SetReference
 0001:00020AC4       Classes.TComponent.UpdateAction
 0001:000207DC       Classes.TComponent.Updated
 0001:00020B04       Classes.TComponent.UpdateRegistry
 0001:000207D0       Classes.TComponent.Updating
 0001:00020888       Classes.TComponent.ValidateContainer
 0001:0002089C       Classes.TComponent.ValidateInsert
 0001:00020808       Classes.TComponent.ValidateRename
 0001:000204C0       Classes.TComponent.WriteLeft
 0001:00020800       Classes.TComponent.WriteState
 0001:000204CC       Classes.TComponent.WriteTop
 0001:00020B4C       Classes.TComponent._AddRef
 0001:00020B6C       Classes.TComponent._Release
 0001:0001BE94       Classes.TCustomMemoryStream.Read
 0001:0001BECC       Classes.TCustomMemoryStream.Seek
 0001:0001BE8C       Classes.TCustomMemoryStream.SetPointer
 0001:0001C23C       Classes.TFiler.Create
 0001:0001C284       Classes.TFiler.Destroy
 0001:0001C2AC       Classes.TFiler.SetRoot
 0001:0001BCA0       Classes.TFileStream.Create
 0001:0001BCE4       Classes.TFileStream.Create
 0001:0001BE58       Classes.TFileStream.Destroy
 0001:0001BBDC       Classes.THandleStream.Create
 0001:0001BC18       Classes.THandleStream.Read
 0001:0001BC38       Classes.THandleStream.Seek
 0001:0001BC78       Classes.THandleStream.SetSize
 0001:0001BC64       Classes.THandleStream.SetSize
 0001:0001BC28       Classes.THandleStream.Write
 0004:00004E84       Classes.ThreadCount
 0004:00004E6C       Classes.ThreadLock
 0001:0001FC94       Classes.ThreadProc
 0001:00018634       Classes.TIntConst.Create
 0001:000194D4       Classes.TInterfacedPersistent.AfterConstruction
 0001:00019564       Classes.TInterfacedPersistent.QueryInterface
 0001:00019524       Classes.TInterfacedPersistent._AddRef
 0001:00019544       Classes.TInterfacedPersistent._Release
 0001:00018B2C       Classes.TList.Add
 0001:00018B60       Classes.TList.Clear
 0001:00018B78       Classes.TList.Delete
 0001:00018B0C       Classes.TList.Destroy
 0001:00018BD8       Classes.TList.Error
 0001:00018C10       Classes.TList.Error
 0001:00018C64       Classes.TList.Expand
 0001:00018C7C       Classes.TList.First
 0001:00018C84       Classes.TList.Get
 0001:00018CAC       Classes.TList.Grow
 0001:00018CE0       Classes.TList.IndexOf
 0001:00018D04       Classes.TList.Insert
 0001:00018D70       Classes.TList.Last
 0001:00018D94       Classes.TList.Move
 0001:00018F80       Classes.TList.Notify
 0001:00018E5C       Classes.TList.Pack
 0001:00018DEC       Classes.TList.Put
 0001:00018E3C       Classes.TList.Remove
 0001:00018ED0       Classes.TList.SetCapacity
 0001:00018F0C       Classes.TList.SetCount
 0001:0001BF1C       Classes.TMemoryStream.Clear
 0001:0001BEF0       Classes.TMemoryStream.Destroy
 0001:0001BF34       Classes.TMemoryStream.LoadFromStream
 0001:0001BFC0       Classes.TMemoryStream.Realloc
 0001:0001BF6C       Classes.TMemoryStream.SetCapacity
 0001:0001BF94       Classes.TMemoryStream.SetSize
 0001:0001C040       Classes.TMemoryStream.Write
 0001:00019D94       Classes.TOwnedCollection.Create
 0001:00019DD8       Classes.TOwnedCollection.GetOwner
 0001:0001935C       Classes.TPersistent.Assign
 0001:00019370       Classes.TPersistent.AssignError
 0001:0001942C       Classes.TPersistent.AssignTo
 0001:00019434       Classes.TPersistent.DefineProperties
 0001:00019330       Classes.TPersistent.Destroy
 0001:00019438       Classes.TPersistent.GetNamePath
 0001:000194D0       Classes.TPersistent.GetOwner
 0001:0001C3A0       Classes.TPropFixup.Create
 0001:0001C3F8       Classes.TPropFixup.MakeGlobalReference
 0001:0001C460       Classes.TPropFixup.ResolveReference
 0001:0001C470       Classes.TPropIntfFixup.ResolveReference
 0001:0001CA0C       Classes.TReader.CheckValue
 0001:0001CA6C       Classes.TReader.DefineBinaryProperty
 0001:0001CA30       Classes.TReader.DefineProperty
 0001:0001C9D0       Classes.TReader.Destroy
 0001:0001CCC8       Classes.TReader.DoFixupReferences
 0001:0001CB54       Classes.TReader.EndOfList
 0001:0001CB68       Classes.TReader.Error
 0001:0001F050       Classes.TReader.FindAncestorComponent
 0001:0001F148       Classes.TReader.FindComponentClass
 0001:0001CBFC       Classes.TReader.FindMethod
 0001:0001CB8C       Classes.TReader.FindMethodInstance
 0001:0001CE0C       Classes.TReader.FlushBuffer
 0001:0001CE30       Classes.TReader.FreeFixups
 0001:0001CE6C       Classes.TReader.GetFieldClass
 0001:0001CF00       Classes.TReader.GetPosition
 0001:0001CF18       Classes.TReader.NextValue
 0001:0001CF28       Classes.TReader.PropertyError
 0001:0001CF3C       Classes.TReader.Read
 0001:0001CFC4       Classes.TReader.ReadBoolean
 0001:0001CF88       Classes.TReader.ReadBuffer
 0001:0001CFD8       Classes.TReader.ReadChar
 0001:0001D0CC       Classes.TReader.ReadCollection
 0001:0001D594       Classes.TReader.ReadComponent
 0001:0001D9D4       Classes.TReader.ReadCurrency
 0001:0001D7D4       Classes.TReader.ReadData
 0001:0001D844       Classes.TReader.ReadDataInner
 0001:0001DA24       Classes.TReader.ReadDate
 0001:0001D94C       Classes.TReader.ReadDouble
 0001:0001D914       Classes.TReader.ReadFloat
 0001:0001DA68       Classes.TReader.ReadIdent
 0001:0001DC6C       Classes.TReader.ReadInt64
 0001:0001DC00       Classes.TReader.ReadInteger
 0001:0001DCB0       Classes.TReader.ReadListBegin
 0001:0001DCB8       Classes.TReader.ReadListEnd
 0001:0001DCC0       Classes.TReader.ReadPrefix
 0001:0001DDEC       Classes.TReader.ReadProperty
 0001:0001E208       Classes.TReader.ReadPropValue
 0001:0001E5D4       Classes.TReader.ReadRootComponent
 0001:0001E908       Classes.TReader.ReadSet
 0001:0001E9C4       Classes.TReader.ReadSignature
 0001:0001D990       Classes.TReader.ReadSingle
 0001:0001E9E8       Classes.TReader.ReadStr
 0001:0001EA78       Classes.TReader.ReadString
 0001:0001ECA0       Classes.TReader.ReadValue
 0001:0001F3CC       Classes.TReader.ReadVariant
 0001:0001D06C       Classes.TReader.ReadWideChar
 0001:0001EB60       Classes.TReader.ReadWideString
 0001:0001F108       Classes.TReader.ReferenceName
 0001:0001F120       Classes.TReader.SetName
 0001:0001F1BC       Classes.TReader.SkipBytes
 0001:0001EFA8       Classes.TReader.SkipComponent
 0001:0001EF60       Classes.TReader.SkipProperty
 0001:0001ECB4       Classes.TReader.SkipSetBody
 0001:0001EDB0       Classes.TReader.SkipValue
 0001:000178CC       Classes.TRegGroup.AddClass
 0001:000178D8       Classes.TRegGroup.BestClass
 0001:00017938       Classes.TRegGroup.BestGroup
 0001:000179A8       Classes.TRegGroup.Create
 0001:00017A04       Classes.TRegGroup.Destroy
 0001:00017A44       Classes.TRegGroup.GetClass
 0001:00017A94       Classes.TRegGroup.InGroup
 0001:00017AD8       Classes.TRegGroup.RegisterClass
 0001:00017B8C       Classes.TRegGroup.Registered
 0001:00017BF4       Classes.TRegGroup.UnregisterModuleClasses
 0001:00017D34       Classes.TRegGroups.Activate
 0001:00017D80       Classes.TRegGroups.Create
 0001:00017DF4       Classes.TRegGroups.Destroy
 0001:00017E54       Classes.TRegGroups.FindGroup
 0001:00017E98       Classes.TRegGroups.GetClass
 0001:00017F60       Classes.TRegGroups.GroupWith
 0001:00018034       Classes.TRegGroups.Lock
 0001:00018040       Classes.TRegGroups.RegisterClass
 0001:00018058       Classes.TRegGroups.Registered
 0001:0001809C       Classes.TRegGroups.StartGroup
 0001:000180EC       Classes.TRegGroups.Unlock
 0001:000180F8       Classes.TRegGroups.UnregisterModuleClasses
 0001:0001C090       Classes.TResourceStream.Create
 0001:0001C1F4       Classes.TResourceStream.Destroy
 0001:0001C188       Classes.TResourceStream.Initialize
 0001:0001C224       Classes.TResourceStream.Write
 0001:0001BA88       Classes.TStream.CopyFrom
 0001:0001B7C4       Classes.TStream.GetPosition
 0001:0001B7F8       Classes.TStream.GetSize
 0001:0001BA18       Classes.TStream.ReadBuffer
 0001:0001BB7C       Classes.TStream.ReadComponent
 0001:0001B924       Classes.TStream.Seek
 0001:0001B9A8       Classes.TStream.Seek
 0001:0001B7E4       Classes.TStream.SetPosition
 0001:0001B844       Classes.TStream.SetSize
 0001:0001B85C       Classes.TStream.SetSize
 0001:0001B848       Classes.TStream.SetSize64
 0001:0001BA50       Classes.TStream.WriteBuffer
 0001:00021374       Classes.TStreamAdapter.Clone
 0001:000212C8       Classes.TStreamAdapter.Commit
 0001:000210C0       Classes.TStreamAdapter.CopyTo
 0001:00020E84       Classes.TStreamAdapter.Create
 0001:00020ED0       Classes.TStreamAdapter.Destroy
 0001:000212E0       Classes.TStreamAdapter.LockRegion
 0001:00020F08       Classes.TStreamAdapter.Read
 0001:000212D4       Classes.TStreamAdapter.Revert
 0001:00020FD8       Classes.TStreamAdapter.Seek
 0001:0002105C       Classes.TStreamAdapter.SetSize
 0001:000212F8       Classes.TStreamAdapter.Stat
 0001:000212EC       Classes.TStreamAdapter.UnlockRegion
 0001:00020F70       Classes.TStreamAdapter.Write
 0001:0001AFB8       Classes.TStringList.Add
 0001:0001AFC8       Classes.TStringList.AddObject
 0001:0001B02C       Classes.TStringList.Changed
 0001:0001B048       Classes.TStringList.Changing
 0001:0001B064       Classes.TStringList.Clear
 0001:0001B620       Classes.TStringList.CompareStrings
 0001:0001B78C       Classes.TStringList.Create
 0001:0001B5E8       Classes.TStringList.CustomSort
 0001:0001B0CC       Classes.TStringList.Delete
 0001:0001AF34       Classes.TStringList.Destroy
 0001:0001B14C       Classes.TStringList.Exchange
 0001:0001B1A8       Classes.TStringList.ExchangeItems
 0001:0001B1CC       Classes.TStringList.Find
 0001:0001B250       Classes.TStringList.Get
 0001:0001B284       Classes.TStringList.GetCapacity
 0001:0001B288       Classes.TStringList.GetCount
 0001:0001B28C       Classes.TStringList.GetObject
 0001:0001B2B4       Classes.TStringList.Grow
 0001:0001B2E8       Classes.TStringList.IndexOf
 0001:0001B324       Classes.TStringList.Insert
 0001:0001B388       Classes.TStringList.InsertItem
 0001:0001B334       Classes.TStringList.InsertObject
 0001:0001B404       Classes.TStringList.Put
 0001:0001B460       Classes.TStringList.PutObject
 0001:0001B4A0       Classes.TStringList.QuickSort
 0001:0001B538       Classes.TStringList.SetCapacity
 0001:0001B578       Classes.TStringList.SetSorted
 0001:0001B598       Classes.TStringList.SetUpdateState
 0001:0001B5D8       Classes.TStringList.Sort
 0001:00019E0C       Classes.TStrings.Add
 0001:00019E30       Classes.TStrings.AddObject
 0001:00019E54       Classes.TStrings.AddStrings
 0001:00019F0C       Classes.TStrings.Assign
 0001:00019FC8       Classes.TStrings.BeginUpdate
 0001:0001AE28       Classes.TStrings.CompareStrings
 0001:0001A038       Classes.TStrings.DefineProperties
 0001:00019DDC       Classes.TStrings.Destroy
 0001:0001A090       Classes.TStrings.EndUpdate
 0001:0001A0A4       Classes.TStrings.Equals
 0001:0001A188       Classes.TStrings.Error
 0001:0001A150       Classes.TStrings.Error
 0001:0001A1E0       Classes.TStrings.Exchange
 0001:0001A2CC       Classes.TStrings.GetCapacity
 0001:0001ADC0       Classes.TStrings.GetLineBreak
 0001:0001AEF8       Classes.TStrings.GetNameValueSeparator
 0001:0001A2D4       Classes.TStrings.GetObject
 0001:0001A2D8       Classes.TStrings.GetText
 0001:0001A32C       Classes.TStrings.GetTextStr
 0001:0001A4C4       Classes.TStrings.IndexOf
 0001:0001A550       Classes.TStrings.IndexOfName
 0001:0001A624       Classes.TStrings.IndexOfObject
 0001:0001A658       Classes.TStrings.InsertObject
 0001:0001A688       Classes.TStrings.LoadFromFile
 0001:0001A6DC       Classes.TStrings.LoadFromFile
 0001:0001A738       Classes.TStrings.LoadFromStream
 0001:0001A744       Classes.TStrings.LoadFromStream
 0001:0001A838       Classes.TStrings.Move
 0001:0001A8E8       Classes.TStrings.Put
 0001:0001A918       Classes.TStrings.PutObject
 0001:0001A91C       Classes.TStrings.ReadData
 0001:0001A9CC       Classes.TStrings.SaveToFile
 0001:0001A9DC       Classes.TStrings.SaveToFile
 0001:0001AA4C       Classes.TStrings.SaveToStream
 0001:0001AA3C       Classes.TStrings.SaveToStream
 0001:0001AB04       Classes.TStrings.SetCapacity
 0001:0001ADFC       Classes.TStrings.SetLineBreak
 0001:0001AF14       Classes.TStrings.SetNameValueSeparator
 0001:0001AB08       Classes.TStrings.SetStringsAdapter
 0001:0001AB3C       Classes.TStrings.SetText
 0001:0001AB8C       Classes.TStrings.SetTextStr
 0001:0001AD38       Classes.TStrings.SetUpdateState
 0001:0001AD3C       Classes.TStrings.WriteData
 0001:0001FED0       Classes.TThread.AfterConstruction
 0001:0001FF78       Classes.TThread.CallOnTerminate
 0001:0001FF60       Classes.TThread.CheckThreadError
 0001:0001FEE4       Classes.TThread.CheckThreadError
 0001:0001FD48       Classes.TThread.Create
 0001:0001FE50       Classes.TThread.Destroy
 0001:0001FF8C       Classes.TThread.DoTerminate
 0001:0001FFA0       Classes.TThread.RemoveQueuedEvents
 0001:0002025C       Classes.TThread.Resume
 0001:00020064       Classes.TThread.Synchronize
 0001:00020228       Classes.TThread.Synchronize
 0001:00020284       Classes.TThread.Terminate
 0001:000202A8       Classes.TThread.WaitFor
 0001:00019054       Classes.TThreadList.Add
 0001:000190DC       Classes.TThreadList.Clear
 0001:00018F84       Classes.TThreadList.Create
 0001:00018FD8       Classes.TThreadList.Destroy
 0001:00019124       Classes.TThreadList.LockList
 0001:00019138       Classes.TThreadList.Remove
 0001:00019188       Classes.TThreadList.UnlockList
 0001:0001F5EC       Classes.TWriter.Write
 0001:0001F650       Classes.TWriter.WriteBoolean
 0001:0001F638       Classes.TWriter.WriteBuffer
 0001:0001F664       Classes.TWriter.WriteInteger
 0001:0001F6D8       Classes.TWriter.WriteListBegin
 0001:0001F6E0       Classes.TWriter.WriteListEnd
 0001:0001F6E8       Classes.TWriter.WriteMinStr
 0001:0001F83C       Classes.TWriter.WriteString
 0001:0001F974       Classes.TWriter.WriteValue
 0001:000187D8       Classes.UnregisterFindGlobalComponentProc
 0001:00018488       Classes.UnRegisterModuleClasses
 0003:00000C38       Classes.UtilWindowClass
 0001:0001FA60       Classes.WaitForSyncEvent
 0003:00000C1C       Classes.WakeMainThread
 0004:00005060       Clipbrd..3
 0004:0000505E       Clipbrd.CF_COMPONENT
 0004:0000505C       Clipbrd.CF_PICTURE
 0002:00000498       Clipbrd.Clipbrd
 0004:00005064       Clipbrd.FClipboard
 0001:00036304       Clipbrd.Finalization
 0004:00005070       ComCtrls..96
 0001:00037380       ComCtrls..TConversion
 0002:00000564       ComCtrls.ComCtrls
 0004:00005074       ComCtrls.ConversionFormatList
 0001:0003758C       ComCtrls.Finalization
 0001:00037530       ComCtrls.FreeConversionFormatList
 0004:0000507C       ComCtrls.FRichEditModule
 0003:000014E8       ComCtrls.RTFConversionFormat
 0004:00005078       ComCtrls.ShellModule
 0001:00037478       ComCtrls.TConversion.ConvertReadStream
 0001:000374D4       ComCtrls.TConversion.ConvertWriteStream
 0001:00037440       ComCtrls.TConversion.Create
 0003:000014F0       ComCtrls.TextConversionFormat
 0004:00004ED0       CommCtrl.ComCtl32DLL
 0001:00023A34       CommCtrl.FlatSB_GetScrollInfo
 0001:00023A3C       CommCtrl.FlatSB_GetScrollPos
 0001:00023A44       CommCtrl.FlatSB_SetScrollInfo
 0001:00023A4C       CommCtrl.FlatSB_SetScrollPos
 0001:00023A54       CommCtrl.FlatSB_SetScrollProp
 0001:000239A4       CommCtrl.ImageList_Add
 0001:000239D4       CommCtrl.ImageList_BeginDrag
 0001:00023984       CommCtrl.ImageList_Create
 0001:0002398C       CommCtrl.ImageList_Destroy
 0001:000239E4       CommCtrl.ImageList_DragEnter
 0001:000239EC       CommCtrl.ImageList_DragLeave
 0001:000239F4       CommCtrl.ImageList_DragMove
 0001:000239FC       CommCtrl.ImageList_DragShowNolock
 0001:000239BC       CommCtrl.ImageList_Draw
 0001:000239C4       CommCtrl.ImageList_DrawEx
 0001:000239DC       CommCtrl.ImageList_EndDrag
 0001:000239B4       CommCtrl.ImageList_GetBkColor
 0001:00023A04       CommCtrl.ImageList_GetDragImage
 0001:00023A1C       CommCtrl.ImageList_GetIconSize
 0001:00023994       CommCtrl.ImageList_GetImageCount
 0001:00023A0C       CommCtrl.ImageList_Read
 0001:000239CC       CommCtrl.ImageList_Remove
 0001:000239AC       CommCtrl.ImageList_SetBkColor
 0001:00023A24       CommCtrl.ImageList_SetIconSize
 0001:0002399C       CommCtrl.ImageList_SetImageCount
 0001:00023A14       CommCtrl.ImageList_Write
 0001:00023904       CommCtrl.InitComCtl
 0001:00023A5C       CommCtrl.InitializeFlatSB
 0001:00023A64       CommCtrl.TaskDialogIndirect
 0004:00004ED4       CommCtrl._InitCommonControlsEx
 0004:00004ED8       CommCtrl._TaskDialogIndirect
 0001:00023A2C       CommCtrl._TrackMouseEvent
 0001:000216B4       Contnrs..TOrderedList
 0001:00021728       Contnrs..TStack
 0001:000217AC       Contnrs.TOrderedList.Create
 0001:000217F0       Contnrs.TOrderedList.Destroy
 0001:00021820       Contnrs.TOrderedList.PeekItem
 0001:00021794       Contnrs.TOrderedList.Pop
 0001:00021834       Contnrs.TOrderedList.PopItem
 0001:0002179C       Contnrs.TOrderedList.Push
 0001:00021854       Contnrs.TStack.PushItem
 0004:00005110       Controls..73
 0001:0004362C       Controls..TBaseDragControlObject
 0001:00044A3C       Controls..TControl
 0001:00043B50       Controls..TControlActionLink
 0001:000439B0       Controls..TControlCanvas
 0001:00045700       Controls..TCustomControl
 0001:00043A5C       Controls..TCustomControlAction
 0001:00046220       Controls..TCustomHint
 0001:000461A4       Controls..TCustomHintShowHideThread
 0001:00045FF4       Controls..TCustomHintWindow
 0001:00045EA0       Controls..TDockTree
 0001:00045D48       Controls..TDockZone
 0001:000436FC       Controls..TDragControlObject
 0001:00043794       Controls..TDragControlObjectEx
 0001:00043830       Controls..TDragDockObject
 0001:00043904       Controls..TDragDockObjectEx
 0001:00045A1C       Controls..TDragImageList
 0001:0004357C       Controls..TDragObject
 0001:000455D0       Controls..TGraphicControl
 0001:0004587C       Controls..THintWindow
 0001:00045AF4       Controls..TImageList
 0001:00043FB8       Controls..TMargins
 0001:00045F50       Controls..TMouse
 0001:000440DC       Controls..TPadding
 0001:000469BC       Controls..TSiteList
 0001:00043E60       Controls..TSizeConstraints
 0001:000451A4       Controls..TWinControl
 0001:00044F08       Controls..TWinControlActionLink
 0001:0004703C       Controls.AbsMin
 0004:00005144       Controls.ActiveDrag
 0001:0004D78C       Controls.AlignNestedControls
 0001:0004D738       Controls.AlignWork
 0003:000017D0       Controls.AnchorAlign
 0003:000017C4       Controls.AnimateWindowProc
 0003:000018CC       Controls.AnimationStyle
 0001:0004A0BC       Controls.BackgroundClipped
 0001:00057718       Controls.CalcSplitterPos
 0001:000480CC       Controls.CancelDrag
 0004:00005158       Controls.CanvasList
 0003:00001888       Controls.CaptureControl
 0001:00046388       Controls.ChangeBiDiModeAlignment
 0001:00047D34       Controls.CheckUndock
 0001:00054448       Controls.ClientToWindow
 0004:00005116       Controls.ControlAtom
 0004:0000511C       Controls.ControlAtomString
 0002:00000678       Controls.Controls
 0003:000017CC       Controls.CreationControl
 0003:000018C4       Controls.Ctl3DStyles
 0003:000017D8       Controls.Cursors
 0001:00046850       Controls.CursorToIdent
 0003:000017C8       Controls.DefaultDockTreeClass
 0001:0004EAF8       Controls.DestroyChildWindow
 0001:0004DA04       Controls.DoAdjustSize
 0001:0004D5AC       Controls.DoAlign
 0001:00052C98       Controls.DoCalcConstraints
 0004:0000514C       Controls.DockSiteList
 0001:0004F9CC       Controls.DoControlMsg
 0001:0004763C       Controls.DoDragOver
 0001:00055138       Controls.DoFindControlZone
 0001:00055860       Controls.DoFindZone
 0001:000551BC       Controls.DoForEach
 0001:00056EE4       Controls.DoGetNextLimit
 0001:00058010       Controls.DoneControls
 0001:0004D564       Controls.DoPosition
 0001:00056380       Controls.DoPrune
 0001:000568C8       Controls.DoSaveZone
 0001:00056BCC       Controls.DoSetNewBounds
 0001:0004E78C       Controls.DoWriteDesignSize
 0001:0004B494       Controls.DoWriteExplicit
 0001:0004B460       Controls.DoWriteIsControl
 0004:00005130       Controls.DragCapture
 0004:00005124       Controls.DragControl
 0001:00047DA8       Controls.DragDone
 0001:000475EC       Controls.DragFindTarget
 0001:000475C0       Controls.DragFindWindow
 0004:00005148       Controls.DragImageList
 0001:00047A00       Controls.DragInit
 0001:00047B70       Controls.DragInitControl
 0004:0000512C       Controls.DragInternalObject
 0001:00047508       Controls.DragMessage
 0004:00005128       Controls.DragObject
 0004:00005154       Controls.DragSave
 0004:0000513C       Controls.DragSaveCursor
 0004:00005134       Controls.DragStartPos
 0004:00005140       Controls.DragThreshold
 0001:00047718       Controls.DragTo
 0001:00055E04       Controls.DrawCloseButton
 0001:00055E98       Controls.DrawGrabberLine
 0001:00055F20       Controls.DrawThemedGrabber
 0001:0004FE7C       Controls.DrawThemeEdge
 0003:000018B4       Controls.EdgeStyles
 0001:0005960C       Controls.Finalization
 0001:000464E0       Controls.FindControl
 0001:00048118       Controls.FindDragTarget
 0001:000480E4       Controls.FindVCLWindow
 0004:0000515C       Controls.FlagControl
 0001:000481DC       Controls.FreeDeviceContext
 0001:00048298       Controls.FreeDeviceContexts
 0001:00046950       Controls.GetCaptureControl
 0001:0004D3D4       Controls.GetClientSize
 0001:0004F004       Controls.GetControlAtPos
 0001:00056FC4       Controls.GetDockAlign
 0001:00047360       Controls.GetDockSiteAtPos
 0001:00047678       Controls.GetDropCtl
 0001:00054E64       Controls.GetLastChildZone
 0001:000468B8       Controls.GetLongHint
 0001:00046870       Controls.GetShortHint
 0001:00046A68       Controls.GetTopParent
 0001:00057040       Controls.HideZone
 0001:00046860       Controls.IdentToCursor
 0003:000018F4       Controls.IMM32DLL
 0001:00057FFC       Controls.Imm32IsIME
 0001:000580B0       Controls.InitControls
 0001:00057BC8       Controls.InitIMM32
 0001:0004639C       Controls.InitWndProc
 0003:00001894       Controls.InnerStyles
 0001:0004D434       Controls.InsertBefore
 0001:00047120       Controls.IsBeforeTargetWindow
 0001:00047560       Controls.IsDelphiHandle
 0001:0005487C       Controls.IsOrientationSet
 0001:0004731C       Controls.IsSiteChildOfClient
 0001:0004653C       Controls.IsVCLControl
 0004:00005104       Controls.IsVCLControlHook
 0001:000590A0       Controls.LatestHintWindow
 0001:00048164       Controls.ListAdd
 0001:0004818C       Controls.ListRemove
 0003:000018E0       Controls.MakeLast
 0001:0004C628       Controls.MinVar
 0003:000018F8       Controls.ModeMap
 0004:00005100       Controls.Mouse
 0001:000481AC       Controls.MoveWindowOrg
 0004:0000510C       Controls.NewStyleControls
 0001:00054860       Controls.NextVisibleZone
 0001:000464AC       Controls.ObjectFromHWnd
 0003:000018D8       Controls.OrientArray
 0003:000018A4       Controls.OuterStyles
 0001:00054C8C       Controls.ParentNotLast
 0001:00046900       Controls.PerformEraseBackground
 0001:0004E778       Controls.PointsEqual
 0004:00005150       Controls.QualifyingSites
 0001:000559FC       Controls.ReadControlName
 0001:000474AC       Controls.RegisterDockSite
 0004:00005120       Controls.RM_GetObjectInstance
 0001:0004656C       Controls.SendAppMessage
 0001:00046978       Controls.SetCaptureControl
 0001:00057F24       Controls.SetImeMode
 0001:0004BF64       Controls.SetParentColor
 0003:0000188C       Controls.ShowFlags
 0001:000570C0       Controls.ShowZone
 0003:000018EC       Controls.SizeCursors
 0001:00046E3C       Controls.TBaseDragControlObject.Assign
 0001:00046E00       Controls.TBaseDragControlObject.Create
 0001:00046E68       Controls.TBaseDragControlObject.EndDrag
 0001:00046E8C       Controls.TBaseDragControlObject.Finished
 0001:0004C358       Controls.TControl.ActionChange
 0001:0004C748       Controls.TControl.AdjustSize
 0001:0004C57C       Controls.TControl.AssignTo
 0001:0004A400       Controls.TControl.BeginAutoDrag
 0001:0004A41C       Controls.TControl.BeginDrag
 0001:00049F1C       Controls.TControl.BringToFront
 0001:0004AE7C       Controls.TControl.CalcCursorPos
 0001:0004B020       Controls.TControl.CalcDockSizes
 0001:0004AD7C       Controls.TControl.CanAutoSize
 0001:0004AD80       Controls.TControl.CanResize
 0001:000498A4       Controls.TControl.ChangeScale
 0001:0004BAA8       Controls.TControl.CheckNewSize
 0001:0004B894       Controls.TControl.Click
 0001:0004C984       Controls.TControl.ClientToParent
 0001:000496A8       Controls.TControl.ClientToScreen
 0001:0004C06C       Controls.TControl.CMBiDiModeChanged
 0001:0004BF58       Controls.TControl.CMColorChanged
 0001:0004C1E4       Controls.TControl.CMDesignHitTest
 0001:0004BF40       Controls.TControl.CMEnabledChanged
 0001:0004C2F8       Controls.TControl.CMFloat
 0001:0004BF4C       Controls.TControl.CMFontChanged
 0001:0004C7D4       Controls.TControl.CMHintShow
 0001:0004C114       Controls.TControl.CMHitTest
 0001:0004CA94       Controls.TControl.CMMouseActivate
 0001:0004C11C       Controls.TControl.CMMouseEnter
 0001:0004C180       Controls.TControl.CMMouseLeave
 0001:0004BFFC       Controls.TControl.CMMouseWheel
 0001:0004BFD8       Controls.TControl.CMParentBiDiModeChanged
 0001:0004BF9C       Controls.TControl.CMParentColorChanged
 0001:0004C0C4       Controls.TControl.CMParentFontChanged
 0001:0004C088       Controls.TControl.CMParentShowHintChanged
 0001:0004C0F4       Controls.TControl.CMSysFontChanged
 0001:0004BF18       Controls.TControl.CMVisibleChanged
 0001:0004AE4C       Controls.TControl.ConstrainedResize
 0001:00048A18       Controls.TControl.Create
 0001:0004C1EC       Controls.TControl.CreateFloatingDockSite
 0001:0004B90C       Controls.TControl.DblClick
 0001:0004A8A8       Controls.TControl.DefaultDockImage
 0001:0004B3AC       Controls.TControl.DefaultHandler
 0001:0004B6B4       Controls.TControl.DefineProperties
 0001:0004AEA8       Controls.TControl.DesignWndProc
 0001:00048B28       Controls.TControl.Destroy
 0001:0004C458       Controls.TControl.DoActionChange
 0001:0004ADB0       Controls.TControl.DoCanAutoSize
 0001:0004AE1C       Controls.TControl.DoCanResize
 0001:0004937C       Controls.TControl.Dock
 0001:0004A694       Controls.TControl.DockTrackNoTarget
 0001:0004AEDC       Controls.TControl.DoConstrainedResize
 0001:0004AD70       Controls.TControl.DoConstraintsChange
 0001:0004C944       Controls.TControl.DoContextPopup
 0001:000494A8       Controls.TControl.DoDock
 0001:0004A9F4       Controls.TControl.DoDragMsg
 0001:0004A6AC       Controls.TControl.DoEndDock
 0001:0004A594       Controls.TControl.DoEndDrag
 0001:0004CAB8       Controls.TControl.DoMarginChange
 0001:0004A708       Controls.TControl.DoMouseActivate
 0001:0004B964       Controls.TControl.DoMouseDown
 0001:0004BCD8       Controls.TControl.DoMouseUp
 0001:0004A73C       Controls.TControl.DoMouseWheel
 0001:0004A810       Controls.TControl.DoMouseWheelDown
 0001:0004A85C       Controls.TControl.DoMouseWheelUp
 0001:0004A6D8       Controls.TControl.DoStartDock
 0001:0004A574       Controls.TControl.DoStartDrag
 0001:0004A4FC       Controls.TControl.DragCanceled
 0001:0004A548       Controls.TControl.DragDrop
 0001:0004A500       Controls.TControl.Dragging
 0001:0004A50C       Controls.TControl.DragOver
 0001:0004A9D4       Controls.TControl.DrawDragDockImage
 0001:0004C768       Controls.TControl.DrawTextBiDiModeFlags
 0001:0004C7A8       Controls.TControl.DrawTextBiDiModeFlagsReadingOnly
 0001:0004A9E4       Controls.TControl.EraseDragDockImage
 0001:00049D2C       Controls.TControl.FontChanged
 0001:00048CB8       Controls.TControl.GetAction
 0001:0004C47C       Controls.TControl.GetActionLinkClass
 0001:0004CACC       Controls.TControl.GetAlignWithMargins
 0001:00049538       Controls.TControl.GetBoundsRect
 0001:000495D8       Controls.TControl.GetClientHeight
 0001:00049618       Controls.TControl.GetClientOrigin
 0001:0004957C       Controls.TControl.GetClientRect
 0001:00049594       Controls.TControl.GetClientWidth
 0001:0004A3B0       Controls.TControl.GetControlsAlignment
 0001:0004AFF8       Controls.TControl.GetCustomHint
 0001:0004A014       Controls.TControl.GetDeviceContext
 0001:0004C664       Controls.TControl.GetDockEdge
 0001:00048BFC       Controls.TControl.GetDragImages
 0001:00048E48       Controls.TControl.GetDragMode
 0001:00048C00       Controls.TControl.GetEnabled
 0001:0004C714       Controls.TControl.GetFloating
 0001:0004C740       Controls.TControl.GetFloatingDockSiteClass
 0001:00049EE4       Controls.TControl.GetMouseCapture
 0001:00048C08       Controls.TControl.GetPalette
 0001:00048C14       Controls.TControl.GetParentComponent
 0001:0004BAA4       Controls.TControl.GetPopupMenu
 0001:00049C74       Controls.TControl.GetText
 0001:00049C1C       Controls.TControl.GetTextBuf
 0001:00049C0C       Controls.TControl.GetTextLen
 0001:00049C28       Controls.TControl.GetUndockHeight
 0001:00049C3C       Controls.TControl.GetUndockWidth
 0001:00048C0C       Controls.TControl.HasParent
 0001:0004C7C4       Controls.TControl.InitiateAction
 0001:0004A1D8       Controls.TControl.Invalidate
 0001:0004A144       Controls.TControl.InvalidateControl
 0001:00048DE4       Controls.TControl.IsAnchorsStored
 0001:00049DA0       Controls.TControl.IsBiDiModeStored
 0001:0004C484       Controls.TControl.IsCaptionStored
 0001:00049E78       Controls.TControl.IsColorStored
 0001:0004C4A4       Controls.TControl.IsEnabledStored
 0001:00049D80       Controls.TControl.IsFontStored
 0001:0004C4E4       Controls.TControl.IsHelpContextStored
 0001:0004C4C4       Controls.TControl.IsHintStored
 0001:0004C524       Controls.TControl.IsOnClickStored
 0001:00049D94       Controls.TControl.IsShowHintStored
 0001:0004C504       Controls.TControl.IsVisibleStored
 0001:0004C544       Controls.TControl.Loaded
 0001:0004AAE4       Controls.TControl.ManualDock
 0001:0004ACD0       Controls.TControl.ManualFloat
 0001:0004A1EC       Controls.TControl.MouseActivate
 0001:0004B92C       Controls.TControl.MouseDown
 0001:0004BBF4       Controls.TControl.MouseMove
 0001:0004BCA0       Controls.TControl.MouseUp
 0001:0004A234       Controls.TControl.MouseWheelHandler
 0001:00048F14       Controls.TControl.Notification
 0001:00048C40       Controls.TControl.PaletteChanged
 0001:0004AFB0       Controls.TControl.Perform
 0001:0004AFE4       Controls.TControl.Perform
 0001:0004A5C0       Controls.TControl.PositionDockRect
 0001:0004CBA8       Controls.TControl.ReadExplicitHeight
 0001:0004CBC0       Controls.TControl.ReadExplicitLeft
 0001:0004CB90       Controls.TControl.ReadExplicitTop
 0001:0004CB68       Controls.TControl.ReadExplicitWidth
 0001:0004B440       Controls.TControl.ReadIsControl
 0001:00048E70       Controls.TControl.ReadState
 0001:0004A2B4       Controls.TControl.Repaint
 0001:00048E38       Controls.TControl.RequestAlign
 0001:00048E50       Controls.TControl.Resize
 0001:000496D4       Controls.TControl.ScaleConstraints
 0001:00049758       Controls.TControl.ScaleMargins
 0001:000497DC       Controls.TControl.ScreenToClient
 0001:00049808       Controls.TControl.SendCancelMode
 0001:00049838       Controls.TControl.SendDockNotification
 0001:00048D68       Controls.TControl.SetAction
 0001:00048F7C       Controls.TControl.SetAlign
 0001:0004CAD4       Controls.TControl.SetAlignWithMargins
 0001:00048CC8       Controls.TControl.SetAnchors
 0001:00049A6C       Controls.TControl.SetAutoSize
 0001:00049D10       Controls.TControl.SetBiDiMode
 0001:00049064       Controls.TControl.SetBounds
 0001:00049558       Controls.TControl.SetBoundsRect
 0001:000495F0       Controls.TControl.SetClientHeight
 0001:00049B28       Controls.TControl.SetClientSize
 0001:000495AC       Controls.TControl.SetClientWidth
 0001:00049E2C       Controls.TControl.SetColor
 0001:0004C978       Controls.TControl.SetConstraints
 0001:00049EC8       Controls.TControl.SetCursor
 0001:00049FDC       Controls.TControl.SetCustomHint
 0001:00048DFC       Controls.TControl.SetDesignVisible
 0001:00048E34       Controls.TControl.SetDragMode
 0001:00049BF4       Controls.TControl.SetEnabled
 0001:00049D70       Controls.TControl.SetFont
 0001:00049348       Controls.TControl.SetHeight
 0001:00049500       Controls.TControl.SetHelpContext
 0001:00049514       Controls.TControl.SetHelpKeyword
 0001:000492AC       Controls.TControl.SetLeft
 0001:0004CAC0       Controls.TControl.SetMargins
 0001:00049EF4       Controls.TControl.SetMouseCapture
 0001:00049A84       Controls.TControl.SetName
 0001:00049B70       Controls.TControl.SetParent
 0001:00049EA4       Controls.TControl.SetParentBiDiMode
 0001:00049E80       Controls.TControl.SetParentColor
 0001:00048C18       Controls.TControl.SetParentComponent
 0001:00049E1C       Controls.TControl.SetParentCustomHint
 0001:00049DA8       Controls.TControl.SetParentFont
 0001:00049DF0       Controls.TControl.SetParentShowHint
 0001:00049C50       Controls.TControl.SetPopupMenu
 0001:00049DCC       Controls.TControl.SetShowHint
 0001:00049CAC       Controls.TControl.SetText
 0001:00049104       Controls.TControl.SetTextBuf
 0001:000492E0       Controls.TControl.SetTop
 0001:00049BBC       Controls.TControl.SetVisible
 0001:00049314       Controls.TControl.SetWidth
 0001:00049FB8       Controls.TControl.SetZOrder
 0001:00049F30       Controls.TControl.SetZOrderPosition
 0001:0004A29C       Controls.TControl.Update
 0001:00049128       Controls.TControl.UpdateAnchorRules
 0001:0004B094       Controls.TControl.UpdateBoundsRect
 0001:0004CB04       Controls.TControl.UpdateExplicitBounds
 0001:0004A3CC       Controls.TControl.UseRightToLeftAlignment
 0001:0004A3B4       Controls.TControl.UseRightToLeftReading
 0001:0004A3E4       Controls.TControl.UseRightToLeftScrollBar
 0001:0004B0C4       Controls.TControl.VisibleChanging
 0001:0004BE28       Controls.TControl.WMCancelMode
 0001:0004C804       Controls.TControl.WMContextMenu
 0001:0004BA50       Controls.TControl.WMLButtonDblClk
 0001:0004B9E8       Controls.TControl.WMLButtonDown
 0001:0004BD10       Controls.TControl.WMLButtonUp
 0001:0004BBC8       Controls.TControl.WMMButtonDblClk
 0001:0004BB9C       Controls.TControl.WMMButtonDown
 0001:0004BDB0       Controls.TControl.WMMButtonUp
 0001:0004BC28       Controls.TControl.WMMouseMove
 0001:0004BDD0       Controls.TControl.WMMouseWheel
 0001:0004BA34       Controls.TControl.WMNCLButtonDown
 0001:0004BB70       Controls.TControl.WMRButtonDblClk
 0001:0004BB44       Controls.TControl.WMRButtonDown
 0001:0004BD90       Controls.TControl.WMRButtonUp
 0001:0004BE68       Controls.TControl.WMWindowPosChanged
 0001:0004B0C8       Controls.TControl.WndProc
 0001:0004CB48       Controls.TControl.WriteExplicitHeight
 0001:0004CB58       Controls.TControl.WriteExplicitLeft
 0001:0004CB38       Controls.TControl.WriteExplicitTop
 0001:0004CB80       Controls.TControl.WriteExplicitWidth
 0001:0004B454       Controls.TControl.WriteIsControl
 0001:000485B4       Controls.TControlActionLink.AssignClient
 0001:000485D0       Controls.TControlActionLink.DoShowHint
 0001:000486CC       Controls.TControlActionLink.IsCaptionLinked
 0001:00048740       Controls.TControlActionLink.IsDropdownMenuLinked
 0001:00048754       Controls.TControlActionLink.IsEnabledLinked
 0001:00048788       Controls.TControlActionLink.IsEnableDropdownLinked
 0001:0004892C       Controls.TControlActionLink.IsHelpLinked
 0001:0004879C       Controls.TControlActionLink.IsHintLinked
 0001:00048848       Controls.TControlActionLink.IsOnExecuteLinked
 0001:000487D4       Controls.TControlActionLink.IsPopupMenuLinked
 0001:00048814       Controls.TControlActionLink.IsVisibleLinked
 0001:00048870       Controls.TControlActionLink.SetCaption
 0001:00048890       Controls.TControlActionLink.SetDropdownMenu
 0001:00048894       Controls.TControlActionLink.SetEnabled
 0001:000488B8       Controls.TControlActionLink.SetEnableDropdown
 0001:000489B4       Controls.TControlActionLink.SetHelpContext
 0001:00048994       Controls.TControlActionLink.SetHelpKeyword
 0001:000489D4       Controls.TControlActionLink.SetHelpType
 0001:000488BC       Controls.TControlActionLink.SetHint
 0001:00048900       Controls.TControlActionLink.SetOnExecute
 0001:000489F4       Controls.TControlActionLink.SetPopupMenu
 0001:000488E0       Controls.TControlActionLink.SetVisible
 0001:00048370       Controls.TControlCanvas.CreateHandle
 0001:00048344       Controls.TControlCanvas.Destroy
 0001:00048418       Controls.TControlCanvas.FreeHandle
 0001:0004844C       Controls.TControlCanvas.SetControl
 0001:00048464       Controls.TControlCanvas.UpdateTextFlags
 0001:00054704       Controls.TCustomControl.Create
 0001:00054760       Controls.TCustomControl.Destroy
 0001:0005485C       Controls.TCustomControl.Paint
 0001:000547B0       Controls.TCustomControl.PaintWindow
 0001:00054790       Controls.TCustomControl.WMPaint
 0001:00058A44       Controls.TCustomHint.Create
 0001:00058A94       Controls.TCustomHint.Destroy
 0001:00058AE0       Controls.TCustomHint.HideHint
 0001:00058AEC       Controls.TCustomHint.HideHint
 0001:00058AF4       Controls.TCustomHint.NCPaintHint
 0001:00058AF8       Controls.TCustomHint.Notification
 0001:00058B24       Controls.TCustomHint.PaintHint
 0001:00058904       Controls.TCustomHint.SetHintSize
 0001:00058A2C       Controls.TCustomHint.SetImages
 0001:00058D64       Controls.TCustomHint.ShowAnotherHint
 0001:00058D6C       Controls.TCustomHint.ShowHint
 0001:00058E88       Controls.TCustomHint.ShowHint
 0001:00058F20       Controls.TCustomHint.ShowHint
 0001:00058F5C       Controls.TCustomHintShowHideThread.Create
 0001:00058FE0       Controls.TCustomHintShowHideThread.Destroy
 0001:000591A8       Controls.TCustomHintShowHideThread.Execute
 0001:000595F4       Controls.TCustomHintShowHideThread.QueHintWindow
 0001:00059600       Controls.TCustomHintShowHideThread.ResumeWork
 0001:00058698       Controls.TCustomHintWindow.AutoSize
 0001:000586A8       Controls.TCustomHintWindow.CMTextChanged
 0001:000586B0       Controls.TCustomHintWindow.Create
 0001:00058734       Controls.TCustomHintWindow.CreateParams
 0001:00058750       Controls.TCustomHintWindow.CreateWnd
 0001:000587A8       Controls.TCustomHintWindow.NCPaint
 0001:000587C0       Controls.TCustomHintWindow.Paint
 0001:000587D0       Controls.TCustomHintWindow.PositionAt
 0001:00058874       Controls.TCustomHintWindow.WMNCHitTest
 0001:0005887C       Controls.TCustomHintWindow.WMNCPaint
 0001:000588E0       Controls.TCustomHintWindow.WMPrint
 0001:00057518       Controls.TDockTree.ActualSize
 0001:00055108       Controls.TDockTree.AdjustDockRect
 0001:000575AC       Controls.TDockTree.AdjustFrameRect
 0001:00055120       Controls.TDockTree.BeginUpdate
 0001:000571F8       Controls.TDockTree.ControlVisibilityChanged
 0001:00054F48       Controls.TDockTree.Create
 0001:000550B0       Controls.TDockTree.Destroy
 0001:00056DF8       Controls.TDockTree.DrawSizeSplitter
 0001:00055124       Controls.TDockTree.EndUpdate
 0001:000557D8       Controls.TDockTree.FindControlAtPos
 0001:00055190       Controls.TDockTree.FindControlZone
 0001:000551F8       Controls.TDockTree.ForEachAt
 0001:00055210       Controls.TDockTree.GetControlBounds
 0001:00056F74       Controls.TDockTree.GetNextLimit
 0001:00055288       Controls.TDockTree.HitTest
 0001:00055298       Controls.TDockTree.InsertControl
 0001:000554B4       Controls.TDockTree.InsertNewParent
 0001:0005565C       Controls.TDockTree.InsertSibling
 0001:00055974       Controls.TDockTree.InternalHitTest
 0001:00055AB0       Controls.TDockTree.LoadFromStream
 0001:000575EC       Controls.TDockTree.MouseDown
 0001:000577A8       Controls.TDockTree.MouseMove
 0001:000577F8       Controls.TDockTree.MouseUp
 0001:00055F7C       Controls.TDockTree.PaintDockFrame
 0001:000560D0       Controls.TDockTree.PaintSite
 0001:00056204       Controls.TDockTree.PositionDockRect
 0001:000563B4       Controls.TDockTree.PruneZone
 0001:00057580       Controls.TDockTree.ReferenceFromOrient
 0001:00057548       Controls.TDockTree.RelativeSize
 0001:00056410       Controls.TDockTree.RemoveControl
 0001:00056450       Controls.TDockTree.RemoveZone
 0001:000566F0       Controls.TDockTree.ResetBounds
 0001:000569DC       Controls.TDockTree.SaveToStream
 0001:000567D4       Controls.TDockTree.ScaleZone
 0001:00056C54       Controls.TDockTree.SetNewBounds
 0001:00056C84       Controls.TDockTree.SetReplacingControl
 0001:00056C9C       Controls.TDockTree.ShiftZone
 0001:0005786C       Controls.TDockTree.ShowHint
 0001:00056CD0       Controls.TDockTree.SplitterMouseDown
 0001:00056D30       Controls.TDockTree.SplitterMouseUp
 0001:00056DAC       Controls.TDockTree.UpdateAll
 0001:00056DD4       Controls.TDockTree.UpdateZone
 0001:00056DE4       Controls.TDockTree.WindowProc
 0001:00057280       Controls.TDockTree.WndProc
 0001:000556D4       Controls.TDockTree.ZoneCaptionHitTest
 0001:000548A0       Controls.TDockZone.Create
 0001:00054E74       Controls.TDockZone.ExpandZoneLimit
 0001:00054F3C       Controls.TDockZone.FirstVisibleChild
 0001:000548DC       Controls.TDockZone.GetChildCount
 0001:00054BC0       Controls.TDockZone.GetControlName
 0001:00054A60       Controls.TDockZone.GetHeightWidth
 0001:0005494C       Controls.TDockZone.GetLimitBegin
 0001:00054994       Controls.TDockZone.GetLimitSize
 0001:000549DC       Controls.TDockZone.GetTopLeft
 0001:00054914       Controls.TDockZone.GetVisible
 0001:000548F0       Controls.TDockZone.GetVisibleChildCount
 0001:00054E38       Controls.TDockZone.GetZoneLimit
 0001:00054F14       Controls.TDockZone.NextVisible
 0001:00054F20       Controls.TDockZone.PrevVisible
 0001:00054B18       Controls.TDockZone.ResetChildren
 0001:00054EB4       Controls.TDockZone.ResetZoneLimits
 0001:00054C08       Controls.TDockZone.SetControlName
 0001:00054E60       Controls.TDockZone.SetZoneLimit
 0001:00054CBC       Controls.TDockZone.Update
 0001:00046EC0       Controls.TDragControlObject.GetDragCursor
 0001:00046ED8       Controls.TDragControlObject.GetDragImages
 0001:00046EE4       Controls.TDragControlObject.HideDragImage
 0001:00046F04       Controls.TDragControlObject.ShowDragImage
 0001:00046F24       Controls.TDragControlObjectEx.BeforeDestruction
 0001:00047060       Controls.TDragDockObject.AdjustDockRect
 0001:00046FC0       Controls.TDragDockObject.Assign
 0001:00046F28       Controls.TDragDockObject.Create
 0001:00046F90       Controls.TDragDockObject.Destroy
 0001:000470DC       Controls.TDragDockObject.DrawDragDockImage
 0001:00047020       Controls.TDragDockObject.EndDrag
 0001:000470F0       Controls.TDragDockObject.EraseDragDockImage
 0001:00047104       Controls.TDragDockObject.GetDragCursor
 0001:00047110       Controls.TDragDockObject.GetEraseWhenMoving
 0001:00047114       Controls.TDragDockObject.GetFrameWidth
 0001:0004711C       Controls.TDragDockObjectEx.BeforeDestruction
 0001:0005453C       Controls.TDragImageList.BeginDrag
 0001:000545B4       Controls.TDragImageList.DragLock
 0001:0005463C       Controls.TDragImageList.DragMove
 0001:00054618       Controls.TDragImageList.DragUnlock
 0001:000546B0       Controls.TDragImageList.EndDrag
 0001:00054510       Controls.TDragImageList.GetHotSpot
 0001:00054698       Controls.TDragImageList.HideDragImage
 0001:00054488       Controls.TDragImageList.Initialize
 0001:000544EC       Controls.TDragImageList.SetDragCursor
 0001:000544A0       Controls.TDragImageList.SetDragImage
 0001:00054680       Controls.TDragImageList.ShowDragImage
 0001:00046DF0       Controls.TDragObject.AfterConstruction
 0001:00046BB0       Controls.TDragObject.Assign
 0001:00046DE0       Controls.TDragObject.BeforeDestruction
 0001:00046BF0       Controls.TDragObject.Capture
 0001:00046C08       Controls.TDragObject.Finished
 0001:00046D6C       Controls.TDragObject.GetDragCursor
 0001:00046D68       Controls.TDragObject.GetDragImages
 0001:00046C10       Controls.TDragObject.GetName
 0001:00046D84       Controls.TDragObject.HideDragImage
 0001:00046D88       Controls.TDragObject.Instance
 0001:00046D94       Controls.TDragObject.MainWndProc
 0001:00046C24       Controls.TDragObject.ReleaseCapture
 0001:00046D90       Controls.TDragObject.ShowDragImage
 0001:00046C38       Controls.TDragObject.WndProc
 0001:00053BAC       Controls.TGraphicControl.Create
 0001:00053C08       Controls.TGraphicControl.Destroy
 0001:00053CFC       Controls.TGraphicControl.Paint
 0001:00053C48       Controls.TGraphicControl.WMPaint
 0001:00054068       Controls.THintWindow.ActivateHint
 0001:00054330       Controls.THintWindow.ActivateHintData
 0001:00054358       Controls.THintWindow.CalcHintRect
 0001:00053FD0       Controls.THintWindow.CMTextChanged
 0001:00053D00       Controls.THintWindow.Create
 0001:00053D68       Controls.THintWindow.CreateParams
 0001:00053F5C       Controls.THintWindow.IsHintMsg
 0001:000543B8       Controls.THintWindow.NCPaint
 0001:00053E38       Controls.THintWindow.Paint
 0001:00053FC0       Controls.THintWindow.ReleaseHandle
 0001:00054444       Controls.THintWindow.ShouldHideHint
 0001:00053DCC       Controls.THintWindow.WMNCHitTest
 0001:00053DD4       Controls.THintWindow.WMNCPaint
 0001:00054420       Controls.THintWindow.WMPrint
 0001:00058310       Controls.TMargins.AssignTo
 0001:00058358       Controls.TMargins.Change
 0001:000582CC       Controls.TMargins.Create
 0001:000584D0       Controls.TMargins.GetControlBound
 0001:0005836C       Controls.TMargins.InitDefaults
 0001:000583E4       Controls.TMargins.SetControlBounds
 0001:0005838C       Controls.TMargins.SetMargin
 0001:00057960       Controls.TMouse.Create
 0001:000579F0       Controls.TMouse.CreatePanningWindow
 0001:00057A1C       Controls.TMouse.Destroy
 0001:00057A4C       Controls.TMouse.GetCapture
 0001:00057A54       Controls.TMouse.GetCursorPos
 0001:00057A70       Controls.TMouse.GetIsDragging
 0001:00057A7C       Controls.TMouse.GetIsPanning
 0001:00057AA0       Controls.TMouse.GetMouseData
 0001:00057ABC       Controls.TMouse.GetNativeData
 0001:00057AEC       Controls.TMouse.GetRegisteredData
 0001:00057B14       Controls.TMouse.SetCapture
 0001:00057B3C       Controls.TMouse.SetPanningWindow
 0001:00057B64       Controls.TMouse.SettingChanged
 0001:00058694       Controls.TPadding.InitDefaults
 0001:00051480       Controls.TraverseControls
 0003:000018E8       Controls.TreeStreamEndFlag
 0001:00046A94       Controls.TSiteList.AddSite
 0001:00046B18       Controls.TSiteList.Clear
 0001:00046A30       Controls.TSiteList.Find
 0001:00046B4C       Controls.TSiteList.GetTopSite
 0001:000484CC       Controls.TSizeConstraints.AssignTo
 0001:000485A0       Controls.TSizeConstraints.Change
 0001:00048490       Controls.TSizeConstraints.Create
 0001:00048514       Controls.TSizeConstraints.SetConstraints
 0001:00053224       Controls.TWinControl.ActionChange
 0001:0004E344       Controls.TWinControl.AddBiDiModeExStyle
 0001:0004CF94       Controls.TWinControl.AdjustClientRect
 0001:000526D4       Controls.TWinControl.AdjustSize
 0001:0004DC90       Controls.TWinControl.AlignControl
 0001:0004DAD0       Controls.TWinControl.AlignControls
 0001:0004CFC4       Controls.TWinControl.ArrangeControl
 0001:0005326C       Controls.TWinControl.AssignTo
 0001:0004E240       Controls.TWinControl.Broadcast
 0001:00052D5C       Controls.TWinControl.CalcConstraints
 0001:0005329C       Controls.TWinControl.CanAutoSize
 0001:00052490       Controls.TWinControl.CanFocus
 0001:00052C90       Controls.TWinControl.CanResize
 0001:00052048       Controls.TWinControl.ChangeScale
 0001:000517B0       Controls.TWinControl.CMBiDiModeChanged
 0001:00051A40       Controls.TWinControl.CMBorderChanged
 0001:000518BC       Controls.TWinControl.CMChanged
 0001:000518D0       Controls.TWinControl.CMChildKey
 0001:0005199C       Controls.TWinControl.CMColorChanged
 0001:00051BAC       Controls.TWinControl.CMControlListChange
 0001:00051BC0       Controls.TWinControl.CMControlListChanging
 0001:00051A80       Controls.TWinControl.CMCtl3DChanged
 0001:00051A00       Controls.TWinControl.CMCursorChanged
 0001:0005189C       Controls.TWinControl.CMDesignHitTest
 0001:000518EC       Controls.TWinControl.CMDialogChar
 0001:000518E4       Controls.TWinControl.CMDialogKey
 0001:00051018       Controls.TWinControl.CMDockClient
 0001:000517E8       Controls.TWinControl.CMDoubleBufferedChanged
 0001:00051B4C       Controls.TWinControl.CMDrag
 0001:00051954       Controls.TWinControl.CMEnabledChanged
 0001:0005180C       Controls.TWinControl.CMEnter
 0001:00051890       Controls.TWinControl.CMExit
 0001:00051130       Controls.TWinControl.CMFloat
 0001:000518F4       Controls.TWinControl.CMFocusChanged
 0001:00051B3C       Controls.TWinControl.CMFontChange
 0001:000519C4       Controls.TWinControl.CMFontChanged
 0001:0005238C       Controls.TWinControl.CMInvalidate
 0001:00051AC0       Controls.TWinControl.CMParentCtl3DChanged
 0001:00051B00       Controls.TWinControl.CMParentDoubleBufferedChanged
 0001:0004EBC8       Controls.TWinControl.CMRecreateWnd
 0001:00051798       Controls.TWinControl.CMShowHintChanged
 0001:0005192C       Controls.TWinControl.CMShowingChanged
 0001:00051B2C       Controls.TWinControl.CMSysColorChange
 0001:00051BD4       Controls.TWinControl.CMSysFontChanged
 0001:000539A4       Controls.TWinControl.CMTextChanged
 0001:00051B44       Controls.TWinControl.CMTimeChange
 0001:00051108       Controls.TWinControl.CMUnDockClient
 0001:000518FC       Controls.TWinControl.CMVisibleChanged
 0001:00051B34       Controls.TWinControl.CMWinIniChange
 0001:00051DC0       Controls.TWinControl.CNChar
 0001:00051C88       Controls.TWinControl.CNKeyDown
 0001:00051D6C       Controls.TWinControl.CNKeyUp
 0001:00051E6C       Controls.TWinControl.CNSysChar
 0001:00051E10       Controls.TWinControl.CNSysKeyDown
 0001:000531E8       Controls.TWinControl.ConstrainedResize
 0001:0004DF70       Controls.TWinControl.ContainsControl
 0001:0004F0D4       Controls.TWinControl.ControlAtPos
 0001:00050E98       Controls.TWinControl.ControlsAligned
 0001:0004CC0C       Controls.TWinControl.Create
 0001:00050E9C       Controls.TWinControl.CreateDockManager
 0001:0004E9EC       Controls.TWinControl.CreateHandle
[...]
 0004:00002CA4       SysUtils.TEncoding.FUTF7Encoding
 0004:00002CA8       SysUtils.TEncoding.FUTF8Encoding
 0004:00002CAC       SysUtils..36
 0004:00002CB0       SysUtils.OutOfMemory
 0004:00002CB4       SysUtils.InvalidPointer
 0004:00002CB8       SysUtils.SyncEventCache
 0004:00002DB8       SysUtils.EventCache
 0004:00002DBC       SysUtils.EventItemHolders
 0004:00002DC0       SysUtils.ValidatedUnitHashBuckets
 0004:00003DB4       SysUtils.UnitHashBuckets
 0004:00004DA8       SysUtils.FLanguages
 0004:00004DAC       VarUtils.VariantChangeTypeEx
 0004:00004DB0       VarUtils.VarNeg
 0004:00004DB4       VarUtils.VarNot
 0004:00004DB8       VarUtils.VarAdd
 0004:00004DBC       VarUtils.VarSub
 0004:00004DC0       VarUtils.VarMul
 0004:00004DC4       VarUtils.VarDiv
 0004:00004DC8       VarUtils.VarIDiv
 0004:00004DCC       VarUtils.VarMod
 0004:00004DD0       VarUtils.VarAnd
 0004:00004DD4       VarUtils.VarOr
 0004:00004DD8       VarUtils.VarXor
 0004:00004DDC       VarUtils.VarCmp
 0004:00004DE0       VarUtils.VarI4FromStr
 0004:00004DE4       VarUtils.VarR4FromStr
 0004:00004DE8       VarUtils.VarR8FromStr
 0004:00004DEC       VarUtils.VarDateFromStr
 0004:00004DF0       VarUtils.VarCyFromStr
 0004:00004DF4       VarUtils.VarBoolFromStr
 0004:00004DF8       VarUtils.VarBstrFromCy
 0004:00004DFC       VarUtils.VarBstrFromDate
 0004:00004E00       VarUtils.VarBstrFromBool
 0004:00004E04       VarUtils..5
 0004:00004E08       Variants.EmptyParam
 0004:00004E18       Variants.VarDispProc
 0004:00004E1C       Variants.ClearAnyProc
 0004:00004E20       Variants.ChangeAnyProc
 0004:00004E24       Variants.RefAnyProc
 0004:00004E28       Variants..81
 0004:00004E2C       Variants.LVarTypes
 0004:00004E30       Variants.LVarTypeSync
 0004:00004E48       TypInfo..5
 0004:00004E4C       Classes.GlobalNameSpace
 0004:00004E50       Classes.IsUniqueGlobalComponentNameProc
 0004:00004E54       Classes.SyncEvent
 0004:00004E58       Classes..66
 0004:00004E5C       Classes.IntConstList
 0004:00004E60       Classes.RegGroups
 0004:00004E64       Classes.FindGlobalComponentProcs
 0004:00004E68       Classes.GlobalFixupList
 0004:00004E6C       Classes.ThreadLock
 0004:00004E84       Classes.ThreadCount
 0004:00004E88       Classes.ExternalThreads
 0004:00004E8C       Classes.InstBlockList
 0004:00004E90       Classes.InstFreeList
 0004:00004E94       HelpIntfs..2
 0004:00004E98       HelpIntfs.HelpManager
 0004:00004E9C       MultiMon.GetSystemMetrics
 0004:00004EA0       MultiMon.MonitorFromWindow
 0004:00004EA4       MultiMon.MonitorFromRect
 0004:00004EA8       MultiMon.MonitorFromPoint
 0004:00004EAC       MultiMon.GetMonitorInfo
 0004:00004EB0       MultiMon.GetMonitorInfoA
 0004:00004EB4       MultiMon.GetMonitorInfoW
 0004:00004EB8       MultiMon.EnumDisplayMonitors
 0004:00004EBC       MultiMon..1
 0004:00004EC0       MultiMon.User32Dll
 0004:00004EC4       MultiMon.InitApis
 0004:00004ECC       MultiMon.MMAvailable
 0004:00004ED0       CommCtrl.ComCtl32DLL
 0004:00004ED4       CommCtrl._InitCommonControlsEx
 0004:00004ED8       CommCtrl._TaskDialogIndirect
 0004:00004EDC       IniFiles..7
 0004:00004EE0       Registry..5
 0004:00004EE4       Graphics.SystemPalette16
 0004:00004EE8       Graphics..12
 0004:00004EEC       Graphics.ScreenLogPixels
 0004:00004EF0       Graphics.StockPen
 0004:00004EF4       Graphics.StockBrush
 0004:00004EF8       Graphics.StockFont
 0004:00004EFC       Graphics.StockIcon
 0004:00004F00       Graphics.BitmapImageLock
 0004:00004F18       Graphics.CounterLock
 0004:00004F30       Graphics.FontManager
 0004:00004F34       Graphics.PenManager
 0004:00004F38       Graphics.BrushManager
 0004:00004F3C       Graphics.CanvasList
 0004:00004F40       Graphics.PatternManager
 0004:00004F44       SyncObjs..01
 0004:00004F48       SyncObjs.CoWaitForMultipleHandlesProc
 0004:00004F4C       SyncObjs.InitializeConditionVariableProc
 0004:00004F50       SyncObjs.SleepConditionVariableCSProc
 0004:00004F54       SyncObjs.WakeConditionVariableProc
 0004:00004F58       SyncObjs.WakeAllConditionVariableProc
 0004:00004F5C       UxTheme.OpenThemeData
 0004:00004F60       UxTheme.CloseThemeData
 0004:00004F64       UxTheme.DrawThemeBackground
 0004:00004F68       UxTheme.DrawThemeText
 0004:00004F6C       UxTheme.GetThemeBackgroundContentRect
 0004:00004F70       UxTheme.GetThemeBackgroundExtent
 0004:00004F74       UxTheme.GetThemePartSize
 0004:00004F78       UxTheme.GetThemeTextExtent
 0004:00004F7C       UxTheme.GetThemeTextMetrics
 0004:00004F80       UxTheme.GetThemeBackgroundRegion
 0004:00004F84       UxTheme.HitTestThemeBackground
 0004:00004F88       UxTheme.DrawThemeEdge
 0004:00004F8C       UxTheme.DrawThemeIcon
 0004:00004F90       UxTheme.IsThemePartDefined
 0004:00004F94       UxTheme.IsThemeBackgroundPartiallyTransparent
 0004:00004F98       UxTheme.GetThemeColor
 0004:00004F9C       UxTheme.GetThemeMetric
 0004:00004FA0       UxTheme.GetThemeString
 0004:00004FA4       UxTheme.GetThemeBool
 0004:00004FA8       UxTheme.GetThemeInt
 0004:00004FAC       UxTheme.GetThemeEnumValue
 0004:00004FB0       UxTheme.GetThemePosition
 0004:00004FB4       UxTheme.GetThemeFont
 0004:00004FB8       UxTheme.GetThemeRect
 0004:00004FBC       UxTheme.GetThemeMargins
 0004:00004FC0       UxTheme.GetThemeIntList
 0004:00004FC4       UxTheme.GetThemePropertyOrigin
 0004:00004FC8       UxTheme.SetWindowTheme
 0004:00004FCC       UxTheme.GetThemeFilename
 0004:00004FD0       UxTheme.GetThemeSysColor
 0004:00004FD4       UxTheme.GetThemeSysColorBrush
 0004:00004FD8       UxTheme.GetThemeSysBool
 0004:00004FDC       UxTheme.GetThemeSysSize
 0004:00004FE0       UxTheme.GetThemeSysFont
 0004:00004FE4       UxTheme.GetThemeSysString
 0004:00004FE8       UxTheme.GetThemeSysInt
 0004:00004FEC       UxTheme.IsThemeActive
 0004:00004FF0       UxTheme.IsAppThemed
 0004:00004FF4       UxTheme.GetWindowTheme
 0004:00004FF8       UxTheme.EnableThemeDialogTexture
 0004:00004FFC       UxTheme.IsThemeDialogTextureEnabled
 0004:00005000       UxTheme.GetThemeAppProperties
 0004:00005004       UxTheme.SetThemeAppProperties
 0004:00005008       UxTheme.GetCurrentThemeName
 0004:0000500C       UxTheme.GetThemeDocumentationProperty
 0004:00005010       UxTheme.DrawThemeParentBackground
 0004:00005014       UxTheme.EnableTheming
 0004:00005018       UxTheme..1
 0004:0000501C       UxTheme.ThemeLibrary
 0004:00005020       UxTheme.ReferenceCount
 0004:00005024       UxTheme.Lock
 0004:00005028       UxTheme._DrawThemeTextEx
 0004:0000502C       UxTheme._BeginBufferedPaint
 0004:00005030       UxTheme._EndBufferedPaint
 0004:00005034       UxTheme._BufferedPaintSetAlpha
 0004:00005038       DwmApi..1
 0004:0000503C       DwmApi.hDWMAPI
 0004:00005040       DwmApi._DwmExtendFrameIntoClientArea
 0004:00005044       DwmApi._DwmIsCompositionEnabled
 0004:00005048       GraphUtil..2
 0004:0000504C       GraphUtil.MsImgHandle
 0004:00005050       GraphUtil.MsImgInitialized
 0004:00005054       GraphUtil.GradientFillFunc
 0004:00005058       Printers..3
 0004:0000505C       Clipbrd.CF_PICTURE
 0004:0000505E       Clipbrd.CF_COMPONENT
 0004:00005060       Clipbrd..3
 0004:00005064       Clipbrd.FClipboard
 0004:00005068       ExtCtrls.TCustomTrayIcon.RM_TaskbarCreated
 0004:0000506C       ExtCtrls..94
 0004:00005070       ComCtrls..96
 0004:00005074       ComCtrls.ConversionFormatList
 0004:00005078       ComCtrls.ShellModule
 0004:0000507C       ComCtrls.FRichEditModule
 0004:00005080       Dialogs..03
 0004:00005084       Dialogs.HelpMsg
 0004:00005088       Dialogs.FindMsg
 0004:0000508C       Dialogs.ButtonWidths
 0004:000050BC       FlatSB.FlatSB_EnableScrollBar
 0004:000050C0       FlatSB.FlatSB_ShowScrollBar
 0004:000050C4       FlatSB.FlatSB_GetScrollRange
 0004:000050C8       FlatSB.FlatSB_GetScrollInfo
 0004:000050CC       FlatSB.FlatSB_GetScrollPos
 0004:000050D0       FlatSB.FlatSB_SetScrollPos
 0004:000050D4       FlatSB.FlatSB_SetScrollInfo
 0004:000050D8       FlatSB.FlatSB_SetScrollRange
 0004:000050DC       FlatSB..1
 0004:000050E0       FlatSB._FlatSB_GetScrollProp
 0004:000050E4       FlatSB._FlatSB_SetScrollProp
 0004:000050E8       FlatSB._InitializeFlatSB
 0004:000050EC       FlatSB._UninitializeFlatSB
 0004:000050F0       Menus.PopupList
 0004:000050F4       Menus.ShortCutItems
 0004:000050F8       Menus..01
 0004:000050FC       Menus.CommandPool
 0004:00005100       Controls.Mouse
 0004:00005104       Controls.IsVCLControlHook
 0004:0000510C       Controls.NewStyleControls
 0004:00005110       Controls..73
 0004:00005114       Controls.WindowAtom
 0004:00005116       Controls.ControlAtom
 0004:00005118       Controls.WindowAtomString
 0004:0000511C       Controls.ControlAtomString
 0004:00005120       Controls.RM_GetObjectInstance
 0004:00005124       Controls.DragControl
 0004:00005128       Controls.DragObject
 0004:0000512C       Controls.DragInternalObject
 0004:00005130       Controls.DragCapture
 0004:00005134       Controls.DragStartPos
 0004:0000513C       Controls.DragSaveCursor
 0004:00005140       Controls.DragThreshold
 0004:00005144       Controls.ActiveDrag
 0004:00005148       Controls.DragImageList
 0004:0000514C       Controls.DockSiteList
 0004:00005150       Controls.QualifyingSites
 0004:00005154       Controls.DragSave
 0004:00005158       Controls.CanvasList
 0004:0000515C       Controls.FlagControl
 0004:00005160       Controls._WINNLSEnableIME
 0004:00005164       Controls._ImmGetContext
 0004:00005168       Controls._ImmReleaseContext
 0004:0000516C       Controls._ImmGetConversionStatus
 0004:00005170       Controls._ImmSetConversionStatus
 0004:00005174       Controls._ImmSetOpenStatus
 0004:00005178       Controls._ImmSetCompositionWindow
 0004:0000517C       Controls._ImmSetCompositionFont
 0004:00005180       Controls._ImmGetCompositionString
 0004:00005184       Controls._ImmIsIME
 0004:00005188       Controls._ImmNotifyIME
 0004:0000518C       Themes..2
 0004:00005190       Themes.InternalServices
 0004:00005194       Themes.RM_UnthemedDesigner
 0004:00005198       ImgList.CachedComCtrlVer
 0004:0000519C       ImgList.ImageListWriteExProc
 0004:000051A0       ActnList..9
 0004:000051A4       Forms.Application
 0004:000051A8       Forms.Screen
 0004:000051AC       Forms..51
 0004:000051B0       Forms.RM_TaskbarCreated
 0004:000051B4       Forms.HintThreadID
 0004:000051B8       Forms.HintDoneEvent
 0004:000051BC       Forms.HintHook
 0004:000051C0       Forms.HintThread
 0004:000051C4       Forms.IdleTimerHandle
 0004:000051C8       Forms.IdleTimerDelegate
 0004:000051CC       NempApi..1
 0004:000051D0       MainUnit.MainForm
 0005:00000000       System.RaiseListPtr
 0005:00000004       System.InOutRes
 0005:00000008       Classes.GlobalLoaded
 0005:0000000C       Classes.GlobalLists
 0005:00000010       Classes.InternalCurrentThread
 0005:00000014       SyncObjs.OleThreadWnd
 0005:00000018       GraphUtil.CachedHighlightLum
 0005:0000001C       GraphUtil.CachedHighlightColor
 0005:00000020       GraphUtil.CachedHighlight
 0005:00000024       GraphUtil.CachedShadowLum
 0005:00000028       GraphUtil.CachedShadowColor
 0005:0000002C       GraphUtil.CachedShadow
 0005:00000030       GraphUtil.CachedColorValue
 0005:00000034       GraphUtil.CachedLumValue
 0005:00000038       GraphUtil.CachedColorAdjustLuma
 0005:0000003C       SysInit.TlsLast


Line numbers for NempApi(NempApi.pas) segment .text

   297 0001:0006CE98   298 0001:0006CE9E   299 0001:0006CEB0   300 0001:0006CEB4
   301 0001:0006CEC1   305 0001:0006CEC4   306 0001:0006CECA   307 0001:0006CEDC
   308 0001:0006CEE0   310 0001:0006CEE6   311 0001:0006CEF3   315 0001:0006CEF8
   316 0001:0006CF04   320 0001:0006CF08   321 0001:0006CF12   523 0001:0006CF14
   524 0001:0006CF24   525 0001:0006CF38   527 0001:0006CF3C   530 0001:0006CF45
   531 0001:0006CF49   533 0001:0006CF5A   534 0001:0006CF5C   535 0001:0006CF6B
   537 0001:0006CF70   538 0001:0006CF77   540 0001:0006CF79   541 0001:0006CF80
   542 0001:0006CF8F   543 0001:0006CFA5   544 0001:0006CFAB   546 0001:0006CFBB
   549 0001:0006CFC8   550 0001:0006CFCE   551 0001:0006CFDC   554 0001:0006CFE0
   555 0001:0006CFE6   556 0001:0006CFF4   711 0001:0006CFF8   712 0001:0006D004
   732 0001:0006D008   733 0001:0006D014   737 0001:0006D018   738 0001:0006D027
   827 0001:0006D028   828 0001:0006D034   840 0001:0006D038   841 0001:0006D04A
   842 0001:0006D060   847 0001:0006D064   848 0001:0006D076   849 0001:0006D08C
   854 0001:0006D090   855 0001:0006D0A2   856 0001:0006D0B8   868 0001:0006D0BC
   869 0001:0006D0CE   870 0001:0006D0E4

Line numbers for NempApi(NempApi.pas) segment .itext

   979 0002:00000790

Line numbers for lcdg15(lcdg15.pas) segment .text

   220 0001:0006D1D4   223 0001:0006D1DC   226 0001:0006D1E4   229 0001:0006D1EC
   232 0001:0006D1F4   238 0001:0006D1FC   241 0001:0006D204   257 0001:0006D20C
   258 0001:0006D23D   262 0001:0006D242   263 0001:0006D247   266 0001:0006D25F
   267 0001:0006D26A   268 0001:0006D270   270 0001:0006D276   272 0001:0006D27C
   273 0001:0006D283   277 0001:0006D288   278 0001:0006D28D   281 0001:0006D292
   284 0001:0006D299   285 0001:0006D2A3   286 0001:0006D2BB   289 0001:0006D2D5
   290 0001:0006D2EA   292 0001:0006D302   293 0001:0006D308   294 0001:0006D30D
   295 0001:0006D314   296 0001:0006D317   297 0001:0006D31E   298 0001:0006D328
   299 0001:0006D340   300 0001:0006D35A   303 0001:0006D430   304 0001:0006D43B
   305 0001:0006D445   306 0001:0006D44A   313 0001:0006D458   314 0001:0006D46F
   315 0001:0006D478   316 0001:0006D47A   318 0001:0006D47C   320 0001:0006D47E
   321 0001:0006D48D   322 0001:0006D494   324 0001:0006D49B   325 0001:0006D4A0
   326 0001:0006D4A1   318 0001:0006D4A2   327 0001:0006D4AA   316 0001:0006D4AB
   328 0001:0006D4B0   329 0001:0006D4B8   330 0001:0006D4D7   367 0001:0006D4E4
   368 0001:0006D4EC   369 0001:0006D4EE   371 0001:0006D4F2   373 0001:0006D4FB
   376 0001:0006D506   379 0001:0006D510   380 0001:0006D518   381 0001:0006D51A
   383 0001:0006D51E   385 0001:0006D527   388 0001:0006D52F   472 0001:0006D537

Line numbers for lcdg15Nemp(lcdg15Nemp.pas) segment .text

    65 0001:0006D5C4    66 0001:0006D5D0    67 0001:0006D5DF    68 0001:0006D5ED
    69 0001:0006D5F8    70 0001:0006D60C    71 0001:0006D610    73 0001:0006D616
    74 0001:0006D61A    75 0001:0006D62D    77 0001:0006D645    79 0001:0006D655
    82 0001:0006D65C    83 0001:0006D677    84 0001:0006D688    85 0001:0006D694
    86 0001:0006D699    88 0001:0006D6BB    89 0001:0006D6DB    98 0001:0006D728
    99 0001:0006D743   100 0001:0006D755   101 0001:0006D767   102 0001:0006D777
   104 0001:0006D787   105 0001:0006D79C   106 0001:0006D7B4   108 0001:0006D7CC
   109 0001:0006D7D9   110 0001:0006D7E0   111 0001:0006D7E8   112 0001:0006D7F8
   114 0001:0006D800   115 0001:0006D808   117 0001:0006D810   118 0001:0006D826
   119 0001:0006D82F   120 0001:0006D83F   122 0001:0006D853   123 0001:0006D85D
   125 0001:0006D867   126 0001:0006D875   127 0001:0006D894   129 0001:0006D8A1
   130 0001:0006D8B5   132 0001:0006D8D1   134 0001:0006D8DE   137 0001:0006D950
   138 0001:0006D95B   139 0001:0006D963   140 0001:0006D96B   141 0001:0006D973
   142 0001:0006D97B   143 0001:0006D987   154 0001:0006D998   155 0001:0006D99B
   156 0001:0006D9A2   157 0001:0006D9AE   164 0001:0006D9B4   166 0001:0006D9BA
   169 0001:0006D9C0   171 0001:0006D9D5   172 0001:0006D9DA   175 0001:0006D9E4
   176 0001:0006D9E9   177 0001:0006D9EC   179 0001:0006D9F6   181 0001:0006DA00
   183 0001:0006DA0A   184 0001:0006DA11   185 0001:0006DA1B   186 0001:0006DA25
   187 0001:0006DA29   189 0001:0006DA2F   191 0001:0006DA32   198 0001:0006DA3E
   199 0001:0006DA48   200 0001:0006DA52   202 0001:0006DA64   203 0001:0006DA6A
   206 0001:0006DA6F   207 0001:0006DA74   208 0001:0006DA7A   211 0001:0006DA7F
   212 0001:0006DA87   215 0001:0006DA8E   216 0001:0006DA98   220 0001:0006DA9D
   223 0001:0006DAA0   224 0001:0006DAA6   225 0001:0006DABB   227 0001:0006DADF
   229 0001:0006DAF4   230 0001:0006DB09   232 0001:0006DB18   233 0001:0006DB2D
   236 0001:0006DB3F   237 0001:0006DB5B   238 0001:0006DB77   241 0001:0006DB93
   242 0001:0006DB9A   244 0001:0006DBA2   245 0001:0006DBB3   253 0001:0006DC24
   254 0001:0006DC54   255 0001:0006DC5B   259 0001:0006DC71   261 0001:0006DC78
   264 0001:0006DC89   265 0001:0006DC94   267 0001:0006DCAA   268 0001:0006DCB2
   270 0001:0006DCC8   271 0001:0006DCCD   272 0001:0006DCE2   273 0001:0006DCF1
   277 0001:0006DD0C   278 0001:0006DD21   281 0001:0006DD47   284 0001:0006DD59
   285 0001:0006DD6E   287 0001:0006DD7D   289 0001:0006DD83   290 0001:0006DDB1
   291 0001:0006DDB4   292 0001:0006DDDD   295 0001:0006DDE4   298 0001:0006DDF9
   299 0001:0006DE0E   301 0001:0006DE1D   302 0001:0006DE47   305 0001:0006DE76
   306 0001:0006DE8D   309 0001:0006DEAE   310 0001:0006DECC   311 0001:0006DEDE
   312 0001:0006DEE4   314 0001:0006DF23   318 0001:0006DF3F   319 0001:0006DF51
   322 0001:0006DF54   323 0001:0006DF80   327 0001:0006DFAE   333 0001:0006E01F
   334 0001:0006E04B   340 0001:0006E0BC   341 0001:0006E0E8   347 0001:0006E159
   348 0001:0006E16E   350 0001:0006E18C   351 0001:0006E1A3   353 0001:0006E1BA
   354 0001:0006E1D1   356 0001:0006E1E8   357 0001:0006E1FF   359 0001:0006E216
   360 0001:0006E22D   362 0001:0006E244   363 0001:0006E25D   364 0001:0006E276
   365 0001:0006E28F   367 0001:0006E2A8   368 0001:0006E2AF   370 0001:0006E2B7
   371 0001:0006E2C8   376 0001:0006E368   378 0001:0006E389   379 0001:0006E39E
   382 0001:0006E3C4   383 0001:0006E3D9   386 0001:0006E3E8   388 0001:0006E3F0
   389 0001:0006E3F5   392 0001:0006E3FB   394 0001:0006E403   395 0001:0006E408
   396 0001:0006E410   397 0001:0006E414   401 0001:0006E419   402 0001:0006E41E
   404 0001:0006E430   406 0001:0006E435   407 0001:0006E44A   408 0001:0006E45C
   409 0001:0006E46E   410 0001:0006E497   413 0001:0006E4AB   414 0001:0006E4BD
   415 0001:0006E4D2   417 0001:0006E4E4   418 0001:0006E50E   419 0001:0006E511
   402 0001:0006E512   422 0001:0006E51B   423 0001:0006E52D   424 0001:0006E542
   425 0001:0006E554   426 0001:0006E570   428 0001:0006E58C   433 0001:0006E5FD
   438 0001:0006E66E   439 0001:0006E675   441 0001:0006E67D   442 0001:0006E68E
   447 0001:0006E6EC   448 0001:0006E6EF   449 0001:0006E6F9   450 0001:0006E6FE
   452 0001:0006E72E

Line numbers for MainUnit(MainUnit.pas) segment .text

    46 0001:0006E96C    47 0001:0006E971    54 0001:0006E974    55 0001:0006E97C
    59 0001:0006E980    60 0001:0006E98A    61 0001:0006E991    65 0001:0006E994
    66 0001:0006E998    67 0001:0006E9A5    70 0001:0006E9AE    71 0001:0006E9C2
    72 0001:0006E9CF    73 0001:0006E9DE    75 0001:0006E9EE    76 0001:0006E9FA
    78 0001:0006EA04    79 0001:0006EA11    85 0001:0006EA34    86 0001:0006EA37
    87 0001:0006EA4B    88 0001:0006EA4F    91 0001:0006EA58    93 0001:0006EA61
    95 0001:0006EA6D    98 0001:0006EA7A    99 0001:0006EA86   101 0001:0006EA8D
   104 0001:0006EA92   109 0001:0006EA94   112 0001:0006EA97   114 0001:0006EA9D
   115 0001:0006EAAC   118 0001:0006EAD0   120 0001:0006EADF   124 0001:0006EB0F

Line numbers for NempG15App(NempG15App.dpr) segment .itext

    13 0002:00000798    14 0002:000007A8    15 0002:000007B4    16 0002:000007C2
    17 0002:000007DA    18 0002:000007E6

Bound resource files

c:\program files (x86)\codegear\rad studio\6.0\lib\character.res
c:\program files (x86)\codegear\rad studio\6.0\lib\Controls.res
MainUnit.dfm
NempG15App.res
NempG15App.drf


Program entry point at 0002:00000798
