
 Start         Length     Name                   Class
 0001:00401000 00072BDCH .text                   CODE
 0002:00474000 000007ECH .itext                  ICODE
 0003:00475000 0000201CH .data                   DATA
 0004:00478000 000051D4H .bss                    BSS
 0005:00000000 0000003CH .tls                    TLS


Detailed map of segments

 0001:00000000 000068BB C=CODE     S=.text    G=(none)   M=System   ACBP=A9
 0001:000068BC 00000105 C=CODE     S=.text    G=(none)   M=SysInit  ACBP=A9
 0001:000069C4 000002F8 C=CODE     S=.text    G=(none)   M=Types    ACBP=A9
 0001:00006CBC 00000DE8 C=CODE     S=.text    G=(none)   M=Windows  ACBP=A9
 0001:00007AA4 00000071 C=CODE     S=.text    G=(none)   M=Messages ACBP=A9
 0001:00007B18 0000001E C=CODE     S=.text    G=(none)   M=ActiveX  ACBP=A9
 0001:00007B38 00000320 C=CODE     S=.text    G=(none)   M=SysConst ACBP=A9
 0001:00007E58 00000150 C=CODE     S=.text    G=(none)   M=RTLConsts ACBP=A9
 0001:00007FA8 00000230 C=CODE     S=.text    G=(none)   M=Character ACBP=A9
 0001:000081D8 000000D6 C=CODE     S=.text    G=(none)   M=StrUtils ACBP=A9
 0001:000082B0 00009CE2 C=CODE     S=.text    G=(none)   M=SysUtils ACBP=A9
 0001:00011F94 000007FA C=CODE     S=.text    G=(none)   M=VarUtils ACBP=A9
 0001:00012790 00002E34 C=CODE     S=.text    G=(none)   M=Variants ACBP=A9
 0001:000155C4 00000DF3 C=CODE     S=.text    G=(none)   M=TypInfo  ACBP=A9
 0001:000163B8 0000BCF7 C=CODE     S=.text    G=(none)   M=Classes  ACBP=A9
 0001:000220B0 000001A9 C=CODE     S=.text    G=(none)   M=Contnrs  ACBP=A9
 0001:0002225C 0000182A C=CODE     S=.text    G=(none)   M=HelpIntfs ACBP=A9
 0001:00023A88 00000876 C=CODE     S=.text    G=(none)   M=MultiMon ACBP=A9
 0001:00024300 00000200 C=CODE     S=.text    G=(none)   M=CommCtrl ACBP=A9
 0001:00024500 00000290 C=CODE     S=.text    G=(none)   M=Consts   ACBP=A9
 0001:00024790 00001EAD C=CODE     S=.text    G=(none)   M=IniFiles ACBP=A9
 0001:00026640 00000659 C=CODE     S=.text    G=(none)   M=Registry ACBP=A9
 0001:00026C9C 0000A2FA C=CODE     S=.text    G=(none)   M=Graphics ACBP=A9
 0001:00030F98 00000BC2 C=CODE     S=.text    G=(none)   M=SyncObjs ACBP=A9
 0001:00031B5C 00000F71 C=CODE     S=.text    G=(none)   M=UxTheme  ACBP=A9
 0001:00032AD0 000001E0 C=CODE     S=.text    G=(none)   M=DwmApi   ACBP=A9
 0001:00032CB0 0000178A C=CODE     S=.text    G=(none)   M=GraphUtil ACBP=A9
 0001:0003443C 00000016 C=CODE     S=.text    G=(none)   M=ShlObj   ACBP=A9
 0001:00034454 000053E0 C=CODE     S=.text    G=(none)   M=StdCtrls ACBP=A9
 0001:00039834 0000003A C=CODE     S=.text    G=(none)   M=Printers ACBP=A9
 0001:00039870 00000047 C=CODE     S=.text    G=(none)   M=WideStrUtils ACBP=A9
 0001:000398B8 0000003A C=CODE     S=.text    G=(none)   M=Clipbrd  ACBP=A9
 0001:000398F4 00000FF2 C=CODE     S=.text    G=(none)   M=ExtCtrls ACBP=A9
 0001:0003A8E8 000002D5 C=CODE     S=.text    G=(none)   M=ComCtrls ACBP=A9
 0001:0003ABC0 00003864 C=CODE     S=.text    G=(none)   M=Dialogs  ACBP=A9
 0001:0003E424 00000139 C=CODE     S=.text    G=(none)   M=StdActns ACBP=A9
 0001:0003E560 000003AE C=CODE     S=.text    G=(none)   M=FlatSB   ACBP=A9
 0001:0003E910 00008145 C=CODE     S=.text    G=(none)   M=Menus    ACBP=A9
 0001:00046A58 000161C0 C=CODE     S=.text    G=(none)   M=Controls ACBP=A9
 0001:0005CC18 00000E0E C=CODE     S=.text    G=(none)   M=Themes   ACBP=A9
 0001:0005DA28 00001961 C=CODE     S=.text    G=(none)   M=ImgList  ACBP=A9
 0001:0005F38C 00001542 C=CODE     S=.text    G=(none)   M=ActnList ACBP=A9
 0001:000608D0 0000FB38 C=CODE     S=.text    G=(none)   M=Forms    ACBP=A9
 0001:00070408 0000030F C=CODE     S=.text    G=(none)   M=lcdg15   ACBP=A9
 0001:00070718 000002B6 C=CODE     S=.text    G=(none)   M=NempApi  ACBP=A9
 0001:000709D0 000019C0 C=CODE     S=.text    G=(none)   M=lcdg15Nemp ACBP=A9
 0001:00072390 00000623 C=CODE     S=.text    G=(none)   M=MainUnit ACBP=A9
 0001:000729B4 00000228 C=CODE     S=.text    G=(none)   M=NempG15App ACBP=A9
 0002:00000000 000000AE C=ICODE    S=.itext   G=(none)   M=System   ACBP=A9
 0002:000000B0 00000011 C=ICODE    S=.itext   G=(none)   M=Windows  ACBP=A9
 0002:000000C4 00000094 C=ICODE    S=.itext   G=(none)   M=SysUtils ACBP=A9
 0002:00000158 0000000F C=ICODE    S=.itext   G=(none)   M=VarUtils ACBP=A9
 0002:00000168 000000AA C=ICODE    S=.itext   G=(none)   M=Variants ACBP=A9
 0002:00000214 00000008 C=ICODE    S=.itext   G=(none)   M=TypInfo  ACBP=A9
 0002:0000021C 00000092 C=ICODE    S=.itext   G=(none)   M=Classes  ACBP=A9
 0002:000002B0 00000008 C=ICODE    S=.itext   G=(none)   M=HelpIntfs ACBP=A9
 0002:000002B8 0000000F C=ICODE    S=.itext   G=(none)   M=MultiMon ACBP=A9
 0002:000002C8 00000008 C=ICODE    S=.itext   G=(none)   M=IniFiles ACBP=A9
 0002:000002D0 00000008 C=ICODE    S=.itext   G=(none)   M=Registry ACBP=A9
 0002:000002D8 000000FB C=ICODE    S=.itext   G=(none)   M=Graphics ACBP=A9
 0002:000003D4 0000000F C=ICODE    S=.itext   G=(none)   M=SyncObjs ACBP=A9
 0002:000003E4 0000001B C=ICODE    S=.itext   G=(none)   M=UxTheme  ACBP=A9
 0002:00000400 00000008 C=ICODE    S=.itext   G=(none)   M=DwmApi   ACBP=A9
 0002:00000408 00000086 C=ICODE    S=.itext   G=(none)   M=GraphUtil ACBP=A9
 0002:00000490 00000008 C=ICODE    S=.itext   G=(none)   M=Printers ACBP=A9
 0002:00000498 00000078 C=ICODE    S=.itext   G=(none)   M=Clipbrd  ACBP=A9
 0002:00000510 00000054 C=ICODE    S=.itext   G=(none)   M=ExtCtrls ACBP=A9
 0002:00000564 00000039 C=ICODE    S=.itext   G=(none)   M=ComCtrls ACBP=A9
 0002:000005A0 0000003D C=ICODE    S=.itext   G=(none)   M=Dialogs  ACBP=A9
 0002:000005E0 0000000F C=ICODE    S=.itext   G=(none)   M=FlatSB   ACBP=A9
 0002:000005F0 00000085 C=ICODE    S=.itext   G=(none)   M=Menus    ACBP=A9
 0002:00000678 00000088 C=ICODE    S=.itext   G=(none)   M=Controls ACBP=A9
 0002:00000700 00000008 C=ICODE    S=.itext   G=(none)   M=Themes   ACBP=A9
 0002:00000708 0000002A C=ICODE    S=.itext   G=(none)   M=ActnList ACBP=A9
 0002:00000734 0000005C C=ICODE    S=.itext   G=(none)   M=Forms    ACBP=A9
 0002:00000790 00000008 C=ICODE    S=.itext   G=(none)   M=NempApi  ACBP=A9
 0002:00000798 00000053 C=ICODE    S=.itext   G=(none)   M=NempG15App ACBP=A9
 0003:00000000 000007B6 C=DATA     S=.data    G=DGROUP   M=System   ACBP=A9
 0003:000007B8 00000020 C=DATA     S=.data    G=DGROUP   M=SysInit  ACBP=A9
 0003:000007D8 00000100 C=DATA     S=.data    G=DGROUP   M=Character ACBP=A9
 0003:000008D8 0000027C C=DATA     S=.data    G=DGROUP   M=SysUtils ACBP=A9
 0003:00000B54 00000008 C=DATA     S=.data    G=DGROUP   M=VarUtils ACBP=A9
 0003:00000B5C 00000092 C=DATA     S=.data    G=DGROUP   M=Variants ACBP=A9
 0003:00000BF0 0000000C C=DATA     S=.data    G=DGROUP   M=TypInfo  ACBP=A9
 0003:00000BFC 000000F4 C=DATA     S=.data    G=DGROUP   M=Classes  ACBP=A9
 0003:00000CF0 00000008 C=DATA     S=.data    G=DGROUP   M=IniFiles ACBP=A9
 0003:00000CF8 00000008 C=DATA     S=.data    G=DGROUP   M=Registry ACBP=A9
 0003:00000D00 000003B8 C=DATA     S=.data    G=DGROUP   M=Graphics ACBP=A9
 0003:000010B8 00000450 C=DATA     S=.data    G=DGROUP   M=GraphUtil ACBP=A9
 0003:00001508 0000007C C=DATA     S=.data    G=DGROUP   M=StdCtrls ACBP=A9
 0003:00001584 00000004 C=DATA     S=.data    G=DGROUP   M=Printers ACBP=A9
 0003:00001588 00000010 C=DATA     S=.data    G=DGROUP   M=ComCtrls ACBP=A9
 0003:00001598 00000198 C=DATA     S=.data    G=DGROUP   M=Dialogs  ACBP=A9
 0003:00001730 00000134 C=DATA     S=.data    G=DGROUP   M=Menus    ACBP=A9
 0003:00001864 0000013C C=DATA     S=.data    G=DGROUP   M=Controls ACBP=A9
 0003:000019A0 00000068 C=DATA     S=.data    G=DGROUP   M=Themes   ACBP=A9
 0003:00001A08 0000003C C=DATA     S=.data    G=DGROUP   M=ImgList  ACBP=A9
 0003:00001A44 00000140 C=DATA     S=.data    G=DGROUP   M=Forms    ACBP=A9
 0003:00001B84 00000004 C=DATA     S=.data    G=DGROUP   M=NempApi  ACBP=A9
 0004:00000000 00002B48 C=BSS      S=.bss     G=DGROUP   M=System   ACBP=A9
 0004:00002B48 0000000C C=BSS      S=.bss     G=DGROUP   M=SysInit  ACBP=A9
 0004:00002B54 00000008 C=BSS      S=.bss     G=DGROUP   M=Windows  ACBP=A9
 0004:00002B5C 0000001C C=BSS      S=.bss     G=DGROUP   M=Character ACBP=A9
 0004:00002B78 00002234 C=BSS      S=.bss     G=DGROUP   M=SysUtils ACBP=A9
 0004:00004DAC 0000005C C=BSS      S=.bss     G=DGROUP   M=VarUtils ACBP=A9
 0004:00004E08 00000040 C=BSS      S=.bss     G=DGROUP   M=Variants ACBP=A9
 0004:00004E48 00000004 C=BSS      S=.bss     G=DGROUP   M=TypInfo  ACBP=A9
 0004:00004E4C 00000048 C=BSS      S=.bss     G=DGROUP   M=Classes  ACBP=A9
 0004:00004E94 00000008 C=BSS      S=.bss     G=DGROUP   M=HelpIntfs ACBP=A9
 0004:00004E9C 00000031 C=BSS      S=.bss     G=DGROUP   M=MultiMon ACBP=A9
 0004:00004ED0 0000000C C=BSS      S=.bss     G=DGROUP   M=CommCtrl ACBP=A9
 0004:00004EDC 00000004 C=BSS      S=.bss     G=DGROUP   M=IniFiles ACBP=A9
 0004:00004EE0 00000004 C=BSS      S=.bss     G=DGROUP   M=Registry ACBP=A9
 0004:00004EE4 00000060 C=BSS      S=.bss     G=DGROUP   M=Graphics ACBP=A9
 0004:00004F44 00000018 C=BSS      S=.bss     G=DGROUP   M=SyncObjs ACBP=A9
 0004:00004F5C 000000DC C=BSS      S=.bss     G=DGROUP   M=UxTheme  ACBP=A9
 0004:00005038 00000010 C=BSS      S=.bss     G=DGROUP   M=DwmApi   ACBP=A9
 0004:00005048 00000010 C=BSS      S=.bss     G=DGROUP   M=GraphUtil ACBP=A9
 0004:00005058 00000004 C=BSS      S=.bss     G=DGROUP   M=Printers ACBP=A9
 0004:0000505C 0000000C C=BSS      S=.bss     G=DGROUP   M=Clipbrd  ACBP=A9
 0004:00005068 00000008 C=BSS      S=.bss     G=DGROUP   M=ExtCtrls ACBP=A9
 0004:00005070 00000010 C=BSS      S=.bss     G=DGROUP   M=ComCtrls ACBP=A9
 0004:00005080 0000003C C=BSS      S=.bss     G=DGROUP   M=Dialogs  ACBP=A9
 0004:000050BC 00000034 C=BSS      S=.bss     G=DGROUP   M=FlatSB   ACBP=A9
 0004:000050F0 00000010 C=BSS      S=.bss     G=DGROUP   M=Menus    ACBP=A9
 0004:00005100 0000008C C=BSS      S=.bss     G=DGROUP   M=Controls ACBP=A9
 0004:0000518C 0000000C C=BSS      S=.bss     G=DGROUP   M=Themes   ACBP=A9
 0004:00005198 00000008 C=BSS      S=.bss     G=DGROUP   M=ImgList  ACBP=A9
 0004:000051A0 00000004 C=BSS      S=.bss     G=DGROUP   M=ActnList ACBP=A9
 0004:000051A4 00000028 C=BSS      S=.bss     G=DGROUP   M=Forms    ACBP=A9
 0004:000051CC 00000004 C=BSS      S=.bss     G=DGROUP   M=NempApi  ACBP=A9
 0004:000051D0 00000004 C=BSS      S=.bss     G=DGROUP   M=MainUnit ACBP=A9
 0005:00000000 00000008 C=TLS      S=.tls     G=(none)   M=System   ACBP=A9
 0005:00000008 0000000C C=TLS      S=.tls     G=(none)   M=Classes  ACBP=A9
 0005:00000014 00000004 C=TLS      S=.tls     G=(none)   M=SyncObjs ACBP=A9
 0005:00000018 00000024 C=TLS      S=.tls     G=(none)   M=GraphUtil ACBP=A9


  Address             Publics by Name

 0001:00007B18       ActiveX.CoTaskMemAlloc
 0001:00007B20       ActiveX.CoTaskMemFree
 0001:00007B28       ActiveX.OleInitialize
 0001:00007B30       ActiveX.OleUninitialize
 0004:000051A0       ActnList..9
 0001:0005F7F4       ActnList..TActionLink
 0001:0005F38C       ActnList..TContainedAction
 0001:0005F6E0       ActnList..TCustomAction
 0001:0005F4BC       ActnList..TCustomActionList
 0001:0005F5A8       ActnList..TShortCutList
 0002:00000708       ActnList.ActnList
 0001:000608A0       ActnList.Finalization
 0001:0005FF0C       ActnList.TActionLink.IsCaptionLinked
 0001:0005FF20       ActnList.TActionLink.IsCheckedLinked
 0001:0005FF34       ActnList.TActionLink.IsEnabledLinked
 0001:0005FF48       ActnList.TActionLink.IsGroupIndexLinked
 0001:0005FF5C       ActnList.TActionLink.IsHelpContextLinked
 0001:0005FF70       ActnList.TActionLink.IsHelpLinked
 0001:0005FF84       ActnList.TActionLink.IsHintLinked
 0001:0005FF98       ActnList.TActionLink.IsImageIndexLinked
 0001:0005FFAC       ActnList.TActionLink.IsShortCutLinked
 0001:0005FFC0       ActnList.TActionLink.IsVisibleLinked
 0001:0005FFD4       ActnList.TActionLink.SetAutoCheck
 0001:0005FFD8       ActnList.TActionLink.SetCaption
 0001:0005FFDC       ActnList.TActionLink.SetChecked
 0001:0005FFE0       ActnList.TActionLink.SetEnabled
 0001:0005FFE4       ActnList.TActionLink.SetGroupIndex
 0001:0005FFE8       ActnList.TActionLink.SetHelpContext
 0001:0005FFEC       ActnList.TActionLink.SetHelpKeyword
 0001:0005FFF0       ActnList.TActionLink.SetHelpType
 0001:0005FFF4       ActnList.TActionLink.SetHint
 0001:0005FFF8       ActnList.TActionLink.SetImageIndex
 0001:0005FFFC       ActnList.TActionLink.SetShortCut
 0001:00060000       ActnList.TActionLink.SetVisible
 0001:0005F8D0       ActnList.TContainedAction.Destroy
 0001:0005FA3C       ActnList.TContainedAction.Execute
 0001:0005F904       ActnList.TContainedAction.GetIndex
 0001:0005F920       ActnList.TContainedAction.GetParentComponent
 0001:0005F930       ActnList.TContainedAction.HasParent
 0001:0005F91C       ActnList.TContainedAction.IsCategoryStored
 0001:0005F940       ActnList.TContainedAction.ReadState
 0001:0005F9E8       ActnList.TContainedAction.SetActionList
 0001:0005F9BC       ActnList.TContainedAction.SetCategory
 0001:0005F974       ActnList.TContainedAction.SetIndex
 0001:0005FA10       ActnList.TContainedAction.SetParentComponent
 0001:0005FA94       ActnList.TContainedAction.Update
 0001:000600B0       ActnList.TCustomAction.AssignTo
 0001:00060004       ActnList.TCustomAction.Create
 0001:00060058       ActnList.TCustomAction.Destroy
 0001:0006073C       ActnList.TCustomAction.DoHint
 0001:00060764       ActnList.TCustomAction.Execute
 0001:000607C8       ActnList.TCustomAction.GetSecondaryShortCuts
 0001:00060824       ActnList.TCustomAction.HandleShortCut
 0001:000601BC       ActnList.TCustomAction.SetAutoCheck
 0001:0006021C       ActnList.TCustomAction.SetCaption
 0001:0006027C       ActnList.TCustomAction.SetChecked
 0001:00060384       ActnList.TCustomAction.SetEnabled
 0001:00060400       ActnList.TCustomAction.SetGroupIndex
 0001:00060518       ActnList.TCustomAction.SetHelpContext
 0001:000604B0       ActnList.TCustomAction.SetHelpKeyword
 0001:00060458       ActnList.TCustomAction.SetHelpType
 0001:00060570       ActnList.TCustomAction.SetHint
 0001:000605D0       ActnList.TCustomAction.SetImageIndex
 0001:000606F0       ActnList.TCustomAction.SetName
 0001:000607F0       ActnList.TCustomAction.SetSecondaryShortCuts
 0001:0006062C       ActnList.TCustomAction.SetShortCut
 0001:00060690       ActnList.TCustomAction.SetVisible
 0001:0005FCD4       ActnList.TCustomActionList.AddAction
 0001:0005FD1C       ActnList.TCustomActionList.Change
 0001:0005FAEC       ActnList.TCustomActionList.Create
 0001:0005FB58       ActnList.TCustomActionList.Destroy
 0001:0005FE28       ActnList.TCustomActionList.ExecuteAction
 0001:0005FC28       ActnList.TCustomActionList.GetAction
 0001:0005FC3C       ActnList.TCustomActionList.GetActionCount
 0001:0005FBB0       ActnList.TCustomActionList.GetChildren
 0001:0005FC78       ActnList.TCustomActionList.ImageListChange
 0001:0005FD84       ActnList.TCustomActionList.IsShortCut
 0001:0005FC84       ActnList.TCustomActionList.Notification
 0001:0005FCF4       ActnList.TCustomActionList.RemoveAction
 0001:0005FBF8       ActnList.TCustomActionList.SetChildOrder
 0001:0005FC44       ActnList.TCustomActionList.SetImages
 0001:0005FE68       ActnList.TCustomActionList.SetState
 0001:0005FE48       ActnList.TCustomActionList.UpdateAction
 0001:00060830       ActnList.TShortCutList.Add
 0001:0006085C       ActnList.TShortCutList.IndexOfShortCut
 0004:00002B68       Character.CategoryTable
 0004:00002B60       Character.CatIndexPrimary
 0004:00002B64       Character.CatIndexSecondary
 0004:00002B5C       Character.DataTable
 0003:000007D8       Character.Latin1Categories
 0004:00002B74       Character.NumericValueTable
 0004:00002B6C       Character.NumIndexPrimary
 0004:00002B70       Character.NumIndexSecondary
 0001:00007FA8       Character.TCharacter.CheckLetter
 0001:00007FB4       Character.TCharacter.CheckLetterOrDigit
 0001:000080D0       Character.TCharacter.GetUnicodeCategory
 0001:00008130       Character.TCharacter.Initialize
 0001:000080C4       Character.TCharacter.IsAscii
 0001:00007FC4       Character.TCharacter.IsLatin1
 0001:00007FD0       Character.TCharacter.IsLetter
 0001:0000805C       Character.TCharacter.IsLetterOrDigit
 0004:00004E58       Classes..66
 0001:000169F0       Classes..EBitsError
 0001:000168A4       Classes..EClassNotFound
 0001:00016AD0       Classes..EComponentError
 0001:00016684       Classes..EFCreateError
 0001:00016760       Classes..EFilerError
 0001:00016610       Classes..EFileStreamError
 0001:000166F4       Classes..EFOpenError
 0001:00016BB0       Classes..EInvalidOperation
 0001:00016984       Classes..EListError
 0001:00016B40       Classes..EOutOfResources
 0001:000167CC       Classes..EReadError
 0001:00016914       Classes..EResNotFound
 0001:000165A0       Classes..EStreamError
 0001:00016A5C       Classes..EStringListError
 0001:00017A80       Classes..EThread
 0001:00016838       Classes..EWriteError
 0001:00017EB0       Classes..TBasicAction
 0001:00017E24       Classes..TBasicActionLink
 0001:00016CF8       Classes..TBits
 0001:00017908       Classes..TClassFinder
 0001:00016FD4       Classes..TCollection
 0001:00016F10       Classes..TCollectionItem
 0001:00017CB8       Classes..TComponent
 0001:000175D0       Classes..TCustomMemoryStream
 0001:00017970       Classes..TFiler
 0001:0001753C       Classes..TFileStream
 0001:000174B8       Classes..THandleStream
 0001:00018DFC       Classes..TIntConst
 0001:00016E50       Classes..TInterfacedPersistent
 0001:00016C24       Classes..TList
 0001:00017658       Classes..TMemoryStream
 0001:000170B4       Classes..TOwnedCollection
 0001:00016D58       Classes..TPersistent
 0001:0001CBE0       Classes..TPropFixup
 0001:0001CC64       Classes..TPropIntfFixup
 0001:000179E0       Classes..TReader
 0001:00018030       Classes..TRegGroup
 0001:00018094       Classes..TRegGroups
 0001:000176E0       Classes..TResourceStream
 0001:0001743C       Classes..TStream
 0001:00017874       Classes..TStreamAdapter
 0001:00017308       Classes..TStringList
 0001:000171B4       Classes..TStrings
 0001:00017B48       Classes..TThread
 0001:00016C94       Classes..TThreadList
 0001:00018DA0       Classes.ActivateClassGroup
 0003:00000BFC       Classes.AddDataModule
 0001:0001CF1C       Classes.AddFinished
 0001:0001CF54       Classes.AddNotFinished
 0001:0001DAD4       Classes.AddSubComponentsToLoaded
 0001:00020484       Classes.AddThread
 0001:00021EEC       Classes.AllocateHWnd
 0003:00000C0C       Classes.ApplicationHandleException
 0003:00000C14       Classes.ApplicationShowException
 0001:00019104       Classes.BeginGlobalLoading
 0001:000202B8       Classes.BinToHex
 0003:00000CC4       Classes.BlockCode
 0001:00017FF4       Classes.Bounds
 0001:00021E1C       Classes.CalcJmpOffset
 0001:0001DB10       Classes.CheckSubComponents
 0001:0002049C       Classes.CheckSynchronize
 0002:0000021C       Classes.Classes
 0001:00018B64       Classes.ClassNotFound
 0001:0001DBF0       Classes.ComponentCreated
 0003:00000C50       Classes.Convert
 0003:00000C30       Classes.Convert
 0001:0001DC70       Classes.CreateComponent
 0001:00021FA0       Classes.DeallocateHWnd
 0001:000203B8       Classes.DoneThreadSynchronization
 0001:0001A80C       Classes.DoWrite
 0001:0001918C       Classes.EndGlobalLoading
 0001:00018708       Classes.Error
 0001:0001CA18       Classes.Error
 0004:00004E88       Classes.ExternalThreads
 0003:00000C24       Classes.FilerSignature
 0001:00021FC8       Classes.Finalization
 0001:00018C24       Classes.FindClass
 0001:0001DE20       Classes.FindExistingComponent
 0001:0001901C       Classes.FindGlobalComponent
 0004:00004E64       Classes.FindGlobalComponentProcs
 0001:00018EC4       Classes.FindIdentToInt
 0001:0001CE24       Classes.FindNestedComponent
 0001:0001EE9C       Classes.FindUniqueName
 0001:000203D0       Classes.FreeExternalThreads
 0001:00021D88       Classes.FreeIntConstList
 0001:00021EBC       Classes.FreeObjectInstance
 0001:00018BD0       Classes.GetClass
 0001:00019DB8       Classes.GetDesigner
 0001:00018B58       Classes.GetFieldClassTable
 0004:00004E68       Classes.GlobalFixupList
 0001:0001CF9C       Classes.GlobalFixupReferences
 0005:0000000C       Classes.GlobalLists
 0005:00000008       Classes.GlobalLoaded
 0004:00004E4C       Classes.GlobalNameSpace
 0001:00018D4C       Classes.GroupDescendentsWith
 0001:0001E630       Classes.HandleException
 0001:000202F8       Classes.HexToBin
 0001:00018F40       Classes.IdentToInt
 0001:000191E8       Classes.InitComponent
 0001:00019274       Classes.InitInheritedComponent
 0001:00020384       Classes.InitThreadSynchronization
 0004:00004E8C       Classes.InstBlockList
 0004:00004E90       Classes.InstFreeList
 0004:00004E5C       Classes.IntConstList
 0005:00000010       Classes.InternalCurrentThread
 0001:00019080       Classes.InternalReadComponentRes
 0001:00018F80       Classes.IntToIdent
 0001:0001801C       Classes.InvalidPoint
 0001:0001905C       Classes.IsUniqueGlobalComponentName
 0004:00004E50       Classes.IsUniqueGlobalComponentNameProc
 0001:00021E24       Classes.MakeObjectInstance
 0001:00019A08       Classes.Min
 0001:00021DF4       Classes.ModuleUnload
 0003:00000C28       Classes.NilMethod
 0001:00019E58       Classes.NotifyDesigner
 0001:0001915C       Classes.NotifyGlobalLoading
 0001:00017FB4       Classes.Point
 0001:0001D2BC       Classes.PropertyNotFound
 0001:0001E700       Classes.PropPathError
 0001:0001D2B0       Classes.PropValueError
 0001:0001C1E0       Classes.RaiseException
 0001:0001FB34       Classes.ReadCustomVariant
 0001:0001D298       Classes.ReadError
 0001:0001DC10       Classes.Recover
 0001:00017FCC       Classes.Rect
 0004:00004E60       Classes.RegGroups
 0001:00018C44       Classes.RegisterClass
 0001:00018FC4       Classes.RegisterFindGlobalComponentProc
 0001:00018E98       Classes.RegisterIntegerConsts
 0003:00000C04       Classes.RemoveDataModule
 0001:0001D168       Classes.RemoveFixupReferences
 0001:0001D214       Classes.RemoveFixups
 0001:0001D57C       Classes.RemoveGlobalFixup
 0001:00020490       Classes.RemoveThread
 0001:00020450       Classes.ResetSyncEvent
 0001:0001A978       Classes.ReturnAddr
 0001:00019400       Classes.ReturnAddr
 0001:0001DD80       Classes.SetCompName
 0001:0001D2E8       Classes.SetElementValue
 0001:0001EA78       Classes.SetInterfaceReference
 0001:0001E994       Classes.SetIntIdent
 0001:0001E9DC       Classes.SetObjectIdent
 0001:0001DB88       Classes.SetSubComponentState
 0001:0001EA1C       Classes.SetVariantReference
 0001:00020478       Classes.SignalSyncEvent
 0001:0001F654       Classes.SkipBinary
 0001:0001F684       Classes.SkipCollection
 0001:0001F62C       Classes.SkipList
 0001:00018D00       Classes.StartClassGroup
 0001:00021DFC       Classes.StdWndProc
 0001:0001BEC0       Classes.StringListCompareStrings
 0004:00004E54       Classes.SyncEvent
 0003:00000CC0       Classes.SyncList
 0001:000217F4       Classes.TBasicAction.Change
 0001:00021680       Classes.TBasicAction.Create
 0001:000216C4       Classes.TBasicAction.Destroy
 0001:00021760       Classes.TBasicAction.Execute
 0001:00021730       Classes.TBasicAction.ExecuteTarget
 0001:0002172C       Classes.TBasicAction.HandlesTarget
 0001:00021734       Classes.TBasicAction.Notification
 0001:00021808       Classes.TBasicAction.RegisterChanges
 0001:00021854       Classes.TBasicAction.SetActionComponent
 0001:00021798       Classes.TBasicAction.SetOnExecute
 0001:00021814       Classes.TBasicAction.UnRegisterChanges
 0001:0002177C       Classes.TBasicAction.Update
 0001:0002175C       Classes.TBasicAction.UpdateTarget
 0001:000215D0       Classes.TBasicActionLink.AssignClient
 0001:00021608       Classes.TBasicActionLink.Change
 0001:0002158C       Classes.TBasicActionLink.Create
 0001:000215D4       Classes.TBasicActionLink.Destroy
 0001:00021620       Classes.TBasicActionLink.Execute
 0001:00021668       Classes.TBasicActionLink.IsOnExecuteLinked
 0001:0002163C       Classes.TBasicActionLink.SetAction
 0001:0002166C       Classes.TBasicActionLink.SetOnExecute
 0001:00021674       Classes.TBasicActionLink.Update
 0001:000199C0       Classes.TBits.Destroy
 0001:000199F0       Classes.TBits.Error
 0001:00019AE4       Classes.TBits.OpenBit
 0001:00019AB8       Classes.TBits.SetBit
 0001:00019A14       Classes.TBits.SetSize
 0001:00018974       Classes.TClassFinder.Create
 0001:00018AA0       Classes.TClassFinder.Destroy
 0001:00018AD0       Classes.TClassFinder.GetClass
 0001:0001A11C       Classes.TCollection.Add
 0001:0001A594       Classes.TCollection.Added
 0001:0001A13C       Classes.TCollection.Assign
 0001:0001A1E4       Classes.TCollection.BeginUpdate
 0001:0001A1E8       Classes.TCollection.Changed
 0001:0001A1F8       Classes.TCollection.Clear
 0001:0001A084       Classes.TCollection.Create
 0001:0001A598       Classes.TCollection.Deleting
 0001:0001A0D0       Classes.TCollection.Destroy
 0001:0001A260       Classes.TCollection.EndUpdate
 0001:0001A270       Classes.TCollection.GetAttr
 0001:0001A26C       Classes.TCollection.GetAttrCount
 0001:0001A2A0       Classes.TCollection.GetCount
 0001:0001A2A8       Classes.TCollection.GetItem
 0001:0001A280       Classes.TCollection.GetItemAttr
 0001:0001A2BC       Classes.TCollection.GetNamePath
 0001:0001A370       Classes.TCollection.GetPropName
 0001:0001A4C4       Classes.TCollection.InsertItem
 0001:0001A59C       Classes.TCollection.Notify
 0001:0001A588       Classes.TCollection.Owner
 0001:0001A52C       Classes.TCollection.RemoveItem
 0001:0001A580       Classes.TCollection.SetItemName
 0001:0001A584       Classes.TCollection.Update
 0001:00019F24       Classes.TCollectionItem.Changed
 0001:00019EBC       Classes.TCollectionItem.Create
 0001:00019EF4       Classes.TCollectionItem.Destroy
 0001:00019F60       Classes.TCollectionItem.GetDisplayName
 0001:00019F48       Classes.TCollectionItem.GetIndex
 0001:00019F74       Classes.TCollectionItem.GetNamePath
 0001:0001A020       Classes.TCollectionItem.GetOwner
 0001:0001A024       Classes.TCollectionItem.SetCollection
 0001:0001A04C       Classes.TCollectionItem.SetDisplayName
 0001:0001A054       Classes.TCollectionItem.SetIndex
 0001:00020E34       Classes.TComponent.BeforeDestruction
 0001:0002137C       Classes.TComponent.ChangeName
 0001:00020D64       Classes.TComponent.Create
 0001:000210FC       Classes.TComponent.DefineProperties
 0001:00020DB0       Classes.TComponent.Destroy
 0001:00020FC4       Classes.TComponent.DestroyComponents
 0001:00021020       Classes.TComponent.Destroying
 0001:00021498       Classes.TComponent.ExecuteAction
 0001:0002129C       Classes.TComponent.FindComponent
 0001:00020E40       Classes.TComponent.FreeNotification
 0001:000211A0       Classes.TComponent.GetChildOwner
 0001:000211A4       Classes.TComponent.GetChildParent
 0001:00021198       Classes.TComponent.GetChildren
 0001:00021390       Classes.TComponent.GetComponent
 0001:000213BC       Classes.TComponent.GetComponentCount
 0001:000211A8       Classes.TComponent.GetNamePath
 0001:000211BC       Classes.TComponent.GetOwner
 0001:000211C4       Classes.TComponent.GetParentComponent
 0001:00021194       Classes.TComponent.HasParent
 0001:00020ED4       Classes.TComponent.Insert
 0001:00020F28       Classes.TComponent.InsertComponent
 0001:00021588       Classes.TComponent.IntfGetComponent
 0001:000211E4       Classes.TComponent.Loaded
 0001:0002109C       Classes.TComponent.Notification
 0001:000211F0       Classes.TComponent.PaletteCreated
 0001:00021508       Classes.TComponent.QueryInterface
 0001:00020E94       Classes.TComponent.ReadLeft
 0001:000211F4       Classes.TComponent.ReadState
 0001:00020EA8       Classes.TComponent.ReadTop
 0001:00020F00       Classes.TComponent.Remove
 0001:00020F8C       Classes.TComponent.RemoveComponent
 0001:00021080       Classes.TComponent.RemoveFreeNotification
 0001:0002105C       Classes.TComponent.RemoveNotification
 0001:000214E8       Classes.TComponent.SafeCallException
 0001:000211C0       Classes.TComponent.SetChildOrder
 0001:000213CC       Classes.TComponent.SetComponentIndex
 0001:00021420       Classes.TComponent.SetDesigning
 0001:000212EC       Classes.TComponent.SetName
 0001:000211C8       Classes.TComponent.SetParentComponent
 0001:00021470       Classes.TComponent.SetReference
 0001:000214C0       Classes.TComponent.UpdateAction
 0001:000211D8       Classes.TComponent.Updated
 0001:00021500       Classes.TComponent.UpdateRegistry
 0001:000211CC       Classes.TComponent.Updating
 0001:00021284       Classes.TComponent.ValidateContainer
 0001:00021298       Classes.TComponent.ValidateInsert
 0001:00021204       Classes.TComponent.ValidateRename
 0001:00020EBC       Classes.TComponent.WriteLeft
 0001:000211FC       Classes.TComponent.WriteState
 0001:00020EC8       Classes.TComponent.WriteTop
 0001:00021548       Classes.TComponent._AddRef
 0001:00021568       Classes.TComponent._Release
 0001:0001C7C4       Classes.TCustomMemoryStream.Read
 0001:0001C7FC       Classes.TCustomMemoryStream.Seek
 0001:0001C7BC       Classes.TCustomMemoryStream.SetPointer
 0001:0001CB6C       Classes.TFiler.Create
 0001:0001CBB4       Classes.TFiler.Destroy
 0001:0001CBDC       Classes.TFiler.SetRoot
 0001:0001C614       Classes.TFileStream.Create
 0001:0001C5D0       Classes.TFileStream.Create
 0001:0001C788       Classes.TFileStream.Destroy
 0001:0001C50C       Classes.THandleStream.Create
 0001:0001C548       Classes.THandleStream.Read
 0001:0001C568       Classes.THandleStream.Seek
 0001:0001C5A8       Classes.THandleStream.SetSize
 0001:0001C594       Classes.THandleStream.SetSize
 0001:0001C558       Classes.THandleStream.Write
 0004:00004E84       Classes.ThreadCount
 0004:00004E6C       Classes.ThreadLock
 0001:00020690       Classes.ThreadProc
 0001:00018E60       Classes.TIntConst.Create
 0001:00019D00       Classes.TInterfacedPersistent.AfterConstruction
 0001:00019D90       Classes.TInterfacedPersistent.QueryInterface
 0001:00019D50       Classes.TInterfacedPersistent._AddRef
 0001:00019D70       Classes.TInterfacedPersistent._Release
 0001:00019358       Classes.TList.Add
 0001:0001938C       Classes.TList.Clear
 0001:000193A4       Classes.TList.Delete
 0001:00019338       Classes.TList.Destroy
 0001:0001943C       Classes.TList.Error
 0001:00019404       Classes.TList.Error
 0001:00019490       Classes.TList.Expand
 0001:000194A8       Classes.TList.First
 0001:000194B0       Classes.TList.Get
 0001:000194D8       Classes.TList.Grow
 0001:0001950C       Classes.TList.IndexOf
 0001:00019530       Classes.TList.Insert
 0001:0001959C       Classes.TList.Last
 0001:000195C0       Classes.TList.Move
 0001:000197AC       Classes.TList.Notify
 0001:00019688       Classes.TList.Pack
 0001:00019618       Classes.TList.Put
 0001:00019668       Classes.TList.Remove
 0001:000196FC       Classes.TList.SetCapacity
 0001:00019738       Classes.TList.SetCount
 0001:0001C84C       Classes.TMemoryStream.Clear
 0001:0001C820       Classes.TMemoryStream.Destroy
 0001:0001C864       Classes.TMemoryStream.LoadFromStream
 0001:0001C8F0       Classes.TMemoryStream.Realloc
 0001:0001C89C       Classes.TMemoryStream.SetCapacity
 0001:0001C8C4       Classes.TMemoryStream.SetSize
 0001:0001C970       Classes.TMemoryStream.Write
 0001:0001A5C0       Classes.TOwnedCollection.Create
 0001:0001A604       Classes.TOwnedCollection.GetOwner
 0001:00019B88       Classes.TPersistent.Assign
 0001:00019B9C       Classes.TPersistent.AssignError
 0001:00019C58       Classes.TPersistent.AssignTo
 0001:00019C60       Classes.TPersistent.DefineProperties
 0001:00019B5C       Classes.TPersistent.Destroy
 0001:00019C64       Classes.TPersistent.GetNamePath
 0001:00019CFC       Classes.TPersistent.GetOwner
 0001:0001CCD0       Classes.TPropFixup.Create
 0001:0001CD28       Classes.TPropFixup.MakeGlobalReference
 0001:0001CD90       Classes.TPropFixup.ResolveReference
 0001:0001CDA0       Classes.TPropIntfFixup.ResolveReference
 0001:0001D33C       Classes.TReader.CheckValue
 0001:0001D39C       Classes.TReader.DefineBinaryProperty
 0001:0001D360       Classes.TReader.DefineProperty
 0001:0001D300       Classes.TReader.Destroy
 0001:0001D5F8       Classes.TReader.DoFixupReferences
 0001:0001D484       Classes.TReader.EndOfList
 0001:0001D498       Classes.TReader.Error
 0001:0001F980       Classes.TReader.FindAncestorComponent
 0001:0001FA78       Classes.TReader.FindComponentClass
 0001:0001D52C       Classes.TReader.FindMethod
 0001:0001D4BC       Classes.TReader.FindMethodInstance
 0001:0001D73C       Classes.TReader.FlushBuffer
 0001:0001D760       Classes.TReader.FreeFixups
 0001:0001D79C       Classes.TReader.GetFieldClass
 0001:0001D830       Classes.TReader.GetPosition
 0001:0001D848       Classes.TReader.NextValue
 0001:0001D858       Classes.TReader.PropertyError
 0001:0001D86C       Classes.TReader.Read
 0001:0001D8F4       Classes.TReader.ReadBoolean
 0001:0001D8B8       Classes.TReader.ReadBuffer
 0001:0001D908       Classes.TReader.ReadChar
 0001:0001D9FC       Classes.TReader.ReadCollection
 0001:0001DEC4       Classes.TReader.ReadComponent
 0001:0001E304       Classes.TReader.ReadCurrency
 0001:0001E104       Classes.TReader.ReadData
 0001:0001E174       Classes.TReader.ReadDataInner
 0001:0001E354       Classes.TReader.ReadDate
 0001:0001E27C       Classes.TReader.ReadDouble
 0001:0001E244       Classes.TReader.ReadFloat
 0001:0001E398       Classes.TReader.ReadIdent
 0001:0001E59C       Classes.TReader.ReadInt64
 0001:0001E530       Classes.TReader.ReadInteger
 0001:0001E5E0       Classes.TReader.ReadListBegin
 0001:0001E5E8       Classes.TReader.ReadListEnd
 0001:0001E5F0       Classes.TReader.ReadPrefix
 0001:0001E71C       Classes.TReader.ReadProperty
 0001:0001EB38       Classes.TReader.ReadPropValue
 0001:0001EF04       Classes.TReader.ReadRootComponent
 0001:0001F238       Classes.TReader.ReadSet
 0001:0001F2F4       Classes.TReader.ReadSignature
 0001:0001E2C0       Classes.TReader.ReadSingle
 0001:0001F318       Classes.TReader.ReadStr
 0001:0001F3A8       Classes.TReader.ReadString
 0001:0001F5D0       Classes.TReader.ReadValue
 0001:0001FCFC       Classes.TReader.ReadVariant
 0001:0001D99C       Classes.TReader.ReadWideChar
 0001:0001F490       Classes.TReader.ReadWideString
 0001:0001FA38       Classes.TReader.ReferenceName
 0001:0001FA50       Classes.TReader.SetName
 0001:0001FAEC       Classes.TReader.SkipBytes
 0001:0001F8D8       Classes.TReader.SkipComponent
 0001:0001F890       Classes.TReader.SkipProperty
 0001:0001F5E4       Classes.TReader.SkipSetBody
 0001:0001F6E0       Classes.TReader.SkipValue
 0001:000180F8       Classes.TRegGroup.AddClass
 0001:00018104       Classes.TRegGroup.BestClass
 0001:00018164       Classes.TRegGroup.BestGroup
 0001:000181D4       Classes.TRegGroup.Create
 0001:00018230       Classes.TRegGroup.Destroy
 0001:00018270       Classes.TRegGroup.GetClass
 0001:000182C0       Classes.TRegGroup.InGroup
 0001:00018304       Classes.TRegGroup.RegisterClass
 0001:000183B8       Classes.TRegGroup.Registered
 0001:00018420       Classes.TRegGroup.UnregisterModuleClasses
 0001:00018560       Classes.TRegGroups.Activate
 0001:000185AC       Classes.TRegGroups.Create
 0001:00018620       Classes.TRegGroups.Destroy
 0001:00018680       Classes.TRegGroups.FindGroup
 0001:000186C4       Classes.TRegGroups.GetClass
 0001:0001878C       Classes.TRegGroups.GroupWith
 0001:00018860       Classes.TRegGroups.Lock
 0001:0001886C       Classes.TRegGroups.RegisterClass
 0001:00018884       Classes.TRegGroups.Registered
 0001:000188C8       Classes.TRegGroups.StartGroup
 0001:00018918       Classes.TRegGroups.Unlock
 0001:00018924       Classes.TRegGroups.UnregisterModuleClasses
 0001:0001C9C0       Classes.TResourceStream.Create
 0001:0001CB24       Classes.TResourceStream.Destroy
 0001:0001CAB8       Classes.TResourceStream.Initialize
 0001:0001CB54       Classes.TResourceStream.Write
 0001:0001C3B8       Classes.TStream.CopyFrom
 0001:0001C0F4       Classes.TStream.GetPosition
 0001:0001C128       Classes.TStream.GetSize
 0001:0001C348       Classes.TStream.ReadBuffer
 0001:0001C4AC       Classes.TStream.ReadComponent
 0001:0001C2D8       Classes.TStream.Seek
 0001:0001C254       Classes.TStream.Seek
 0001:0001C114       Classes.TStream.SetPosition
 0001:0001C174       Classes.TStream.SetSize
 0001:0001C18C       Classes.TStream.SetSize
 0001:0001C178       Classes.TStream.SetSize64
 0001:0001C380       Classes.TStream.WriteBuffer
 0001:00021D70       Classes.TStreamAdapter.Clone
 0001:00021CC4       Classes.TStreamAdapter.Commit
 0001:00021ABC       Classes.TStreamAdapter.CopyTo
 0001:00021880       Classes.TStreamAdapter.Create
 0001:000218CC       Classes.TStreamAdapter.Destroy
 0001:00021CDC       Classes.TStreamAdapter.LockRegion
 0001:00021904       Classes.TStreamAdapter.Read
 0001:00021CD0       Classes.TStreamAdapter.Revert
 0001:000219D4       Classes.TStreamAdapter.Seek
 0001:00021A58       Classes.TStreamAdapter.SetSize
 0001:00021CF4       Classes.TStreamAdapter.Stat
 0001:00021CE8       Classes.TStreamAdapter.UnlockRegion
 0001:0002196C       Classes.TStreamAdapter.Write
 0001:0001B8C0       Classes.TStringList.Add
 0001:0001B8D0       Classes.TStringList.AddObject
 0001:0001B934       Classes.TStringList.Changed
 0001:0001B950       Classes.TStringList.Changing
 0001:0001B96C       Classes.TStringList.Clear
 0001:0001BF28       Classes.TStringList.CompareStrings
 0001:0001C094       Classes.TStringList.Create
 0001:0001BEF0       Classes.TStringList.CustomSort
 0001:0001B9D4       Classes.TStringList.Delete
 0001:0001B83C       Classes.TStringList.Destroy
 0001:0001BA54       Classes.TStringList.Exchange
 0001:0001BAB0       Classes.TStringList.ExchangeItems
 0001:0001BAD4       Classes.TStringList.Find
 0001:0001BB58       Classes.TStringList.Get
 0001:0001BB8C       Classes.TStringList.GetCapacity
 0001:0001BB90       Classes.TStringList.GetCount
 0001:0001BB94       Classes.TStringList.GetObject
 0001:0001BBBC       Classes.TStringList.Grow
 0001:0001BBF0       Classes.TStringList.IndexOf
 0001:0001BC2C       Classes.TStringList.Insert
 0001:0001BC90       Classes.TStringList.InsertItem
 0001:0001BC3C       Classes.TStringList.InsertObject
 0001:0001BD0C       Classes.TStringList.Put
 0001:0001BD68       Classes.TStringList.PutObject
 0001:0001BDA8       Classes.TStringList.QuickSort
 0001:0001BE40       Classes.TStringList.SetCapacity
 0001:0001C0CC       Classes.TStringList.SetCaseSensitive
 0001:0001BE80       Classes.TStringList.SetSorted
 0001:0001BEA0       Classes.TStringList.SetUpdateState
 0001:0001BEE0       Classes.TStringList.Sort
 0001:0001A638       Classes.TStrings.Add
 0001:0001A65C       Classes.TStrings.AddObject
 0001:0001A680       Classes.TStrings.AddStrings
 0001:0001A738       Classes.TStrings.Assign
 0001:0001A7F4       Classes.TStrings.BeginUpdate
 0001:0001B730       Classes.TStrings.CompareStrings
 0001:0001A864       Classes.TStrings.DefineProperties
 0001:0001A608       Classes.TStrings.Destroy
 0001:0001A8BC       Classes.TStrings.EndUpdate
 0001:0001A8D0       Classes.TStrings.Equals
 0001:0001A97C       Classes.TStrings.Error
 0001:0001A9B4       Classes.TStrings.Error
 0001:0001AA0C       Classes.TStrings.Exchange
 0001:0001AAF8       Classes.TStrings.ExtractName
 0001:0001AB74       Classes.TStrings.GetCapacity
 0001:0001B6C8       Classes.TStrings.GetLineBreak
 0001:0001AB7C       Classes.TStrings.GetName
 0001:0001B800       Classes.TStrings.GetNameValueSeparator
 0001:0001ABDC       Classes.TStrings.GetObject
 0001:0001ABE0       Classes.TStrings.GetText
 0001:0001AC34       Classes.TStrings.GetTextStr
 0001:0001ADCC       Classes.TStrings.IndexOf
 0001:0001AE58       Classes.TStrings.IndexOfName
 0001:0001AF2C       Classes.TStrings.IndexOfObject
 0001:0001AF60       Classes.TStrings.InsertObject
 0001:0001AF90       Classes.TStrings.LoadFromFile
 0001:0001AFE4       Classes.TStrings.LoadFromFile
 0001:0001B040       Classes.TStrings.LoadFromStream
 0001:0001B04C       Classes.TStrings.LoadFromStream
 0001:0001B140       Classes.TStrings.Move
 0001:0001B1F0       Classes.TStrings.Put
 0001:0001B220       Classes.TStrings.PutObject
 0001:0001B224       Classes.TStrings.ReadData
 0001:0001B2D4       Classes.TStrings.SaveToFile
 0001:0001B2E4       Classes.TStrings.SaveToFile
 0001:0001B344       Classes.TStrings.SaveToStream
 0001:0001B354       Classes.TStrings.SaveToStream
 0001:0001B40C       Classes.TStrings.SetCapacity
 0001:0001B704       Classes.TStrings.SetLineBreak
 0001:0001B81C       Classes.TStrings.SetNameValueSeparator
 0001:0001B410       Classes.TStrings.SetStringsAdapter
 0001:0001B444       Classes.TStrings.SetText
 0001:0001B494       Classes.TStrings.SetTextStr
 0001:0001B640       Classes.TStrings.SetUpdateState
 0001:0001B644       Classes.TStrings.WriteData
 0001:000208CC       Classes.TThread.AfterConstruction
 0001:00020974       Classes.TThread.CallOnTerminate
 0001:000208E0       Classes.TThread.CheckThreadError
 0001:0002095C       Classes.TThread.CheckThreadError
 0001:00020744       Classes.TThread.Create
 0001:0002084C       Classes.TThread.Destroy
 0001:00020988       Classes.TThread.DoTerminate
 0001:0002099C       Classes.TThread.RemoveQueuedEvents
 0001:00020C58       Classes.TThread.Resume
 0001:00020C24       Classes.TThread.Synchronize
 0001:00020A60       Classes.TThread.Synchronize
 0001:00020C80       Classes.TThread.Terminate
 0001:00020CA4       Classes.TThread.WaitFor
 0001:00019880       Classes.TThreadList.Add
 0001:00019908       Classes.TThreadList.Clear
 0001:000197B0       Classes.TThreadList.Create
 0001:00019804       Classes.TThreadList.Destroy
 0001:00019950       Classes.TThreadList.LockList
 0001:00019964       Classes.TThreadList.Remove
 0001:000199B4       Classes.TThreadList.UnlockList
 0001:0001FF1C       Classes.TWriter.Write
 0001:0001FF80       Classes.TWriter.WriteBoolean
 0001:0001FF68       Classes.TWriter.WriteBuffer
 0001:0001FF94       Classes.TWriter.WriteInteger
 0001:00020008       Classes.TWriter.WriteListBegin
 0001:00020010       Classes.TWriter.WriteListEnd
 0001:00020018       Classes.TWriter.WriteMinStr
 0001:0002016C       Classes.TWriter.WriteString
 0001:000202A4       Classes.TWriter.WriteValue
 0001:00019004       Classes.UnregisterFindGlobalComponentProc
 0001:00018CB4       Classes.UnRegisterModuleClasses
 0003:00000CC8       Classes.UtilWindowClass
 0001:0002045C       Classes.WaitForSyncEvent
 0003:00000C1C       Classes.WakeMainThread
 0004:00005060       Clipbrd..3
 0004:0000505E       Clipbrd.CF_COMPONENT
 0004:0000505C       Clipbrd.CF_PICTURE
 0002:00000498       Clipbrd.Clipbrd
 0004:00005064       Clipbrd.FClipboard
 0001:000398B8       Clipbrd.Finalization
 0004:00005070       ComCtrls..96
 0001:0003A934       ComCtrls..TConversion
 0002:00000564       ComCtrls.ComCtrls
 0004:00005074       ComCtrls.ConversionFormatList
 0001:0003AB40       ComCtrls.Finalization
 0001:0003AAE4       ComCtrls.FreeConversionFormatList
 0004:0000507C       ComCtrls.FRichEditModule
 0003:00001588       ComCtrls.RTFConversionFormat
 0004:00005078       ComCtrls.ShellModule
 0001:0003AA2C       ComCtrls.TConversion.ConvertReadStream
 0001:0003AA88       ComCtrls.TConversion.ConvertWriteStream
 0001:0003A9F4       ComCtrls.TConversion.Create
 0003:00001590       ComCtrls.TextConversionFormat
 0004:00004ED0       CommCtrl.ComCtl32DLL
 0001:00024430       CommCtrl.FlatSB_GetScrollInfo
 0001:00024438       CommCtrl.FlatSB_GetScrollPos
 0001:00024440       CommCtrl.FlatSB_SetScrollInfo
 0001:00024448       CommCtrl.FlatSB_SetScrollPos
 0001:00024450       CommCtrl.FlatSB_SetScrollProp
 0001:000243A0       CommCtrl.ImageList_Add
 0001:000243D0       CommCtrl.ImageList_BeginDrag
 0001:00024380       CommCtrl.ImageList_Create
 0001:00024388       CommCtrl.ImageList_Destroy
 0001:000243E0       CommCtrl.ImageList_DragEnter
 0001:000243E8       CommCtrl.ImageList_DragLeave
 0001:000243F0       CommCtrl.ImageList_DragMove
 0001:000243F8       CommCtrl.ImageList_DragShowNolock
 0001:000243B8       CommCtrl.ImageList_Draw
 0001:000243C0       CommCtrl.ImageList_DrawEx
 0001:000243D8       CommCtrl.ImageList_EndDrag
 0001:000243B0       CommCtrl.ImageList_GetBkColor
 0001:00024400       CommCtrl.ImageList_GetDragImage
 0001:00024418       CommCtrl.ImageList_GetIconSize
 0001:00024390       CommCtrl.ImageList_GetImageCount
 0001:00024408       CommCtrl.ImageList_Read
 0001:000243C8       CommCtrl.ImageList_Remove
 0001:000243A8       CommCtrl.ImageList_SetBkColor
 0001:00024420       CommCtrl.ImageList_SetIconSize
 0001:00024398       CommCtrl.ImageList_SetImageCount
 0001:00024410       CommCtrl.ImageList_Write
 0001:00024300       CommCtrl.InitComCtl
 0001:00024458       CommCtrl.InitializeFlatSB
 0001:00024460       CommCtrl.TaskDialogIndirect
 0004:00004ED4       CommCtrl._InitCommonControlsEx
 0004:00004ED8       CommCtrl._TaskDialogIndirect
 0001:00024428       CommCtrl._TrackMouseEvent
 0001:000220B0       Contnrs..TOrderedList
 0001:00022124       Contnrs..TStack
 0001:000221A8       Contnrs.TOrderedList.Create
 0001:000221EC       Contnrs.TOrderedList.Destroy
 0001:0002221C       Contnrs.TOrderedList.PeekItem
 0001:00022190       Contnrs.TOrderedList.Pop
 0001:00022230       Contnrs.TOrderedList.PopItem
 0001:00022198       Contnrs.TOrderedList.Push
 0001:00022250       Contnrs.TStack.PushItem
 0004:00005110       Controls..73
 0001:00046BB8       Controls..TBaseDragControlObject
 0001:00047FC8       Controls..TControl
 0001:000470DC       Controls..TControlActionLink
 0001:00046F3C       Controls..TControlCanvas
 0001:00048C8C       Controls..TCustomControl
 0001:00046FE8       Controls..TCustomControlAction
 0001:000497AC       Controls..TCustomHint
 0001:00049730       Controls..TCustomHintShowHideThread
 0001:00049580       Controls..TCustomHintWindow
 0001:0004942C       Controls..TDockTree
 0001:000492D4       Controls..TDockZone
 0001:00046C88       Controls..TDragControlObject
 0001:00046D20       Controls..TDragControlObjectEx
 0001:00046DBC       Controls..TDragDockObject
 0001:00046E90       Controls..TDragDockObjectEx
 0001:00048FA8       Controls..TDragImageList
 0001:00046B08       Controls..TDragObject
 0001:00048B5C       Controls..TGraphicControl
 0001:00048E08       Controls..THintWindow
 0001:00049080       Controls..TImageList
 0001:00047544       Controls..TMargins
 0001:000494DC       Controls..TMouse
 0001:00047668       Controls..TPadding
 0001:00049F48       Controls..TSiteList
 0001:000473EC       Controls..TSizeConstraints
 0001:00048730       Controls..TWinControl
 0001:00048494       Controls..TWinControlActionLink
 0001:0004A5C8       Controls.AbsMin
 0004:00005144       Controls.ActiveDrag
 0001:00050D28       Controls.AlignNestedControls
 0001:00050CD4       Controls.AlignWork
 0003:00001870       Controls.AnchorAlign
 0003:00001864       Controls.AnimateWindowProc
 0003:0000196C       Controls.AnimationStyle
 0001:0004D658       Controls.BackgroundClipped
 0001:0005ACB4       Controls.CalcSplitterPos
 0001:0004B658       Controls.CancelDrag
 0004:00005158       Controls.CanvasList
 0003:00001928       Controls.CaptureControl
 0001:00049914       Controls.ChangeBiDiModeAlignment
 0001:0004B2C0       Controls.CheckUndock
 0001:000579E4       Controls.ClientToWindow
 0004:00005116       Controls.ControlAtom
 0004:0000511C       Controls.ControlAtomString
 0002:00000678       Controls.Controls
 0003:0000186C       Controls.CreationControl
 0003:00001964       Controls.Ctl3DStyles
 0003:00001878       Controls.Cursors
 0001:00049DDC       Controls.CursorToIdent
 0003:00001868       Controls.DefaultDockTreeClass
 0001:00052094       Controls.DestroyChildWindow
 0001:00050FA0       Controls.DoAdjustSize
 0001:00050B48       Controls.DoAlign
 0001:00056234       Controls.DoCalcConstraints
 0004:0000514C       Controls.DockSiteList
 0001:00052F68       Controls.DoControlMsg
 0001:0004ABC8       Controls.DoDragOver
 0001:000586D4       Controls.DoFindControlZone
 0001:00058DFC       Controls.DoFindZone
 0001:00058758       Controls.DoForEach
 0001:0005A480       Controls.DoGetNextLimit
 0001:0005B5AC       Controls.DoneControls
 0001:00050B00       Controls.DoPosition
 0001:0005991C       Controls.DoPrune
 0001:00059E64       Controls.DoSaveZone
 0001:0005A168       Controls.DoSetNewBounds
 0001:00051D28       Controls.DoWriteDesignSize
 0001:0004EA30       Controls.DoWriteExplicit
 0001:0004E9FC       Controls.DoWriteIsControl
 0004:00005130       Controls.DragCapture
 0004:00005124       Controls.DragControl
 0001:0004B334       Controls.DragDone
 0001:0004AB78       Controls.DragFindTarget
 0001:0004AB4C       Controls.DragFindWindow
 0004:00005148       Controls.DragImageList
 0001:0004AF8C       Controls.DragInit
 0001:0004B0FC       Controls.DragInitControl
 0004:0000512C       Controls.DragInternalObject
 0001:0004AA94       Controls.DragMessage
 0004:00005128       Controls.DragObject
 0004:00005154       Controls.DragSave
 0004:0000513C       Controls.DragSaveCursor
 0004:00005134       Controls.DragStartPos
 0004:00005140       Controls.DragThreshold
 0001:0004ACA4       Controls.DragTo
 0001:000593A0       Controls.DrawCloseButton
 0001:00059434       Controls.DrawGrabberLine
 0001:000594BC       Controls.DrawThemedGrabber
 0001:00053418       Controls.DrawThemeEdge
 0003:00001954       Controls.EdgeStyles
 0001:0005CBA8       Controls.Finalization
 0001:00049A6C       Controls.FindControl
 0001:0004B6A4       Controls.FindDragTarget
 0001:0004B670       Controls.FindVCLWindow
 0004:0000515C       Controls.FlagControl
 0001:0004B768       Controls.FreeDeviceContext
 0001:0004B824       Controls.FreeDeviceContexts
 0001:00049EDC       Controls.GetCaptureControl
 0001:00050970       Controls.GetClientSize
 0001:000525A0       Controls.GetControlAtPos
 0001:0005A560       Controls.GetDockAlign
 0001:0004A8EC       Controls.GetDockSiteAtPos
 0001:0004AC04       Controls.GetDropCtl
 0001:00058400       Controls.GetLastChildZone
 0001:00049E44       Controls.GetLongHint
 0001:00049DFC       Controls.GetShortHint
 0001:00049FF4       Controls.GetTopParent
 0001:0005A5DC       Controls.HideZone
 0001:00049DEC       Controls.IdentToCursor
 0003:00001994       Controls.IMM32DLL
 0001:0005B598       Controls.Imm32IsIME
 0001:0005B64C       Controls.InitControls
 0001:0005B164       Controls.InitIMM32
 0001:00049928       Controls.InitWndProc
 0003:00001934       Controls.InnerStyles
 0001:000509D0       Controls.InsertBefore
 0001:0004A6AC       Controls.IsBeforeTargetWindow
 0001:0004AAEC       Controls.IsDelphiHandle
 0001:00057E18       Controls.IsOrientationSet
 0001:0004A8A8       Controls.IsSiteChildOfClient
 0001:00049AC8       Controls.IsVCLControl
 0004:00005104       Controls.IsVCLControlHook
 0001:0005C63C       Controls.LatestHintWindow
 0001:0004B6F0       Controls.ListAdd
 0001:0004B718       Controls.ListRemove
 0003:00001980       Controls.MakeLast
 0001:0004FBC4       Controls.MinVar
 0003:00001998       Controls.ModeMap
 0004:00005100       Controls.Mouse
 0001:0004B738       Controls.MoveWindowOrg
 0004:0000510C       Controls.NewStyleControls
 0001:00057DFC       Controls.NextVisibleZone
 0001:00049A38       Controls.ObjectFromHWnd
 0003:00001978       Controls.OrientArray
 0003:00001944       Controls.OuterStyles
 0001:00058228       Controls.ParentNotLast
 0001:00049E8C       Controls.PerformEraseBackground
 0001:00051D14       Controls.PointsEqual
 0004:00005150       Controls.QualifyingSites
 0001:00058F98       Controls.ReadControlName
 0001:0004AA38       Controls.RegisterDockSite
 0004:00005120       Controls.RM_GetObjectInstance
 0001:00049AF8       Controls.SendAppMessage
 0001:00049F04       Controls.SetCaptureControl
 0001:0005B4C0       Controls.SetImeMode
 0001:0004F500       Controls.SetParentColor
 0003:0000192C       Controls.ShowFlags
 0001:0005A65C       Controls.ShowZone
 0003:0000198C       Controls.SizeCursors
 0001:0004A3C8       Controls.TBaseDragControlObject.Assign
 0001:0004A38C       Controls.TBaseDragControlObject.Create
 0001:0004A3F4       Controls.TBaseDragControlObject.EndDrag
 0001:0004A418       Controls.TBaseDragControlObject.Finished
 0001:0004F8F4       Controls.TControl.ActionChange
 0001:0004FCE4       Controls.TControl.AdjustSize
 0001:0004FB18       Controls.TControl.AssignTo
 0001:0004D99C       Controls.TControl.BeginAutoDrag
 0001:0004D9B8       Controls.TControl.BeginDrag
 0001:0004D4B8       Controls.TControl.BringToFront
 0001:0004E418       Controls.TControl.CalcCursorPos
 0001:0004E5BC       Controls.TControl.CalcDockSizes
 0001:0004E318       Controls.TControl.CanAutoSize
 0001:0004E31C       Controls.TControl.CanResize
 0001:0004CE30       Controls.TControl.Changed
 0001:0004CE40       Controls.TControl.ChangeScale
 0001:0004F044       Controls.TControl.CheckNewSize
 0001:0004EE30       Controls.TControl.Click
 0001:0004FF20       Controls.TControl.ClientToParent
 0001:0004CC34       Controls.TControl.ClientToScreen
 0001:0004F608       Controls.TControl.CMBiDiModeChanged
 0001:0004F4F4       Controls.TControl.CMColorChanged
 0001:0004F780       Controls.TControl.CMDesignHitTest
 0001:0004F4DC       Controls.TControl.CMEnabledChanged
 0001:0004F894       Controls.TControl.CMFloat
 0001:0004F4E8       Controls.TControl.CMFontChanged
 0001:0004FD70       Controls.TControl.CMHintShow
 0001:0004F6B0       Controls.TControl.CMHitTest
 0001:00050030       Controls.TControl.CMMouseActivate
 0001:0004F6B8       Controls.TControl.CMMouseEnter
 0001:0004F71C       Controls.TControl.CMMouseLeave
 0001:0004F598       Controls.TControl.CMMouseWheel
 0001:0004F574       Controls.TControl.CMParentBiDiModeChanged
 0001:0004F538       Controls.TControl.CMParentColorChanged
 0001:0004F660       Controls.TControl.CMParentFontChanged
 0001:0004F624       Controls.TControl.CMParentShowHintChanged
 0001:0004F690       Controls.TControl.CMSysFontChanged
 0001:0004F4B4       Controls.TControl.CMVisibleChanged
 0001:0004E3E8       Controls.TControl.ConstrainedResize
 0001:0004BFA4       Controls.TControl.Create
 0001:0004F788       Controls.TControl.CreateFloatingDockSite
 0001:0004EEA8       Controls.TControl.DblClick
 0001:0004DE44       Controls.TControl.DefaultDockImage
 0001:0004E948       Controls.TControl.DefaultHandler
 0001:0004EC50       Controls.TControl.DefineProperties
 0001:0004E444       Controls.TControl.DesignWndProc
 0001:0004C0B4       Controls.TControl.Destroy
 0001:0004F9F4       Controls.TControl.DoActionChange
 0001:0004E34C       Controls.TControl.DoCanAutoSize
 0001:0004E3B8       Controls.TControl.DoCanResize
 0001:0004C908       Controls.TControl.Dock
 0001:0004DC30       Controls.TControl.DockTrackNoTarget
 0001:0004E478       Controls.TControl.DoConstrainedResize
 0001:0004E30C       Controls.TControl.DoConstraintsChange
 0001:0004FEE0       Controls.TControl.DoContextPopup
 0001:0004CA34       Controls.TControl.DoDock
 0001:0004DF90       Controls.TControl.DoDragMsg
 0001:0004DC48       Controls.TControl.DoEndDock
 0001:0004DB30       Controls.TControl.DoEndDrag
 0001:00050054       Controls.TControl.DoMarginChange
 0001:0004DCA4       Controls.TControl.DoMouseActivate
 0001:0004EF00       Controls.TControl.DoMouseDown
 0001:0004F274       Controls.TControl.DoMouseUp
 0001:0004DCD8       Controls.TControl.DoMouseWheel
 0001:0004DDAC       Controls.TControl.DoMouseWheelDown
 0001:0004DDF8       Controls.TControl.DoMouseWheelUp
 0001:0004DC74       Controls.TControl.DoStartDock
 0001:0004DB10       Controls.TControl.DoStartDrag
 0001:0004DA98       Controls.TControl.DragCanceled
 0001:0004DAE4       Controls.TControl.DragDrop
 0001:0004DA9C       Controls.TControl.Dragging
 0001:0004DAA8       Controls.TControl.DragOver
 0001:0004DF70       Controls.TControl.DrawDragDockImage
 0001:0004FD04       Controls.TControl.DrawTextBiDiModeFlags
 0001:0004FD44       Controls.TControl.DrawTextBiDiModeFlagsReadingOnly
 0001:0004DF80       Controls.TControl.EraseDragDockImage
 0001:0004D2C8       Controls.TControl.FontChanged
 0001:0004C244       Controls.TControl.GetAction
 0001:0004FA18       Controls.TControl.GetActionLinkClass
 0001:00050068       Controls.TControl.GetAlignWithMargins
 0001:0004CAC4       Controls.TControl.GetBoundsRect
 0001:0004CB64       Controls.TControl.GetClientHeight
 0001:0004CBA4       Controls.TControl.GetClientOrigin
 0001:0004CB08       Controls.TControl.GetClientRect
 0001:0004CB20       Controls.TControl.GetClientWidth
 0001:0004D94C       Controls.TControl.GetControlsAlignment
 0001:0004E594       Controls.TControl.GetCustomHint
 0001:0004D5B0       Controls.TControl.GetDeviceContext
 0001:0004FC00       Controls.TControl.GetDockEdge
 0001:0004C188       Controls.TControl.GetDragImages
 0001:0004C3D4       Controls.TControl.GetDragMode
 0001:0004C18C       Controls.TControl.GetEnabled
 0001:0004FCB0       Controls.TControl.GetFloating
 0001:0004FCDC       Controls.TControl.GetFloatingDockSiteClass
 0001:0004D480       Controls.TControl.GetMouseCapture
 0001:0004C194       Controls.TControl.GetPalette
 0001:0004C1A0       Controls.TControl.GetParentComponent
 0001:0004F040       Controls.TControl.GetPopupMenu
 0001:0004D210       Controls.TControl.GetText
 0001:0004D1B8       Controls.TControl.GetTextBuf
 0001:0004D1A8       Controls.TControl.GetTextLen
 0001:0004D1C4       Controls.TControl.GetUndockHeight
 0001:0004D1D8       Controls.TControl.GetUndockWidth
 0001:0004C198       Controls.TControl.HasParent
 0001:0004FD60       Controls.TControl.InitiateAction
 0001:0004D774       Controls.TControl.Invalidate
 0001:0004D6E0       Controls.TControl.InvalidateControl
 0001:0004C370       Controls.TControl.IsAnchorsStored
 0001:0004D33C       Controls.TControl.IsBiDiModeStored
 0001:0004FA20       Controls.TControl.IsCaptionStored
 0001:0004D414       Controls.TControl.IsColorStored
 0001:0004FA40       Controls.TControl.IsEnabledStored
 0001:0004D31C       Controls.TControl.IsFontStored
 0001:0004FA80       Controls.TControl.IsHelpContextStored
 0001:0004FA60       Controls.TControl.IsHintStored
 0001:0004FAC0       Controls.TControl.IsOnClickStored
 0001:0004D330       Controls.TControl.IsShowHintStored
 0001:0004FAA0       Controls.TControl.IsVisibleStored
 0001:0004FAE0       Controls.TControl.Loaded
 0001:0004E080       Controls.TControl.ManualDock
 0001:0004E26C       Controls.TControl.ManualFloat
 0001:0004D788       Controls.TControl.MouseActivate
 0001:0004EEC8       Controls.TControl.MouseDown
 0001:0004F190       Controls.TControl.MouseMove
 0001:0004F23C       Controls.TControl.MouseUp
 0001:0004D7D0       Controls.TControl.MouseWheelHandler
 0001:0004C4A0       Controls.TControl.Notification
 0001:0004C1CC       Controls.TControl.PaletteChanged
 0001:0004E580       Controls.TControl.Perform
 0001:0004E54C       Controls.TControl.Perform
 0001:0004DB5C       Controls.TControl.PositionDockRect
 0001:00050144       Controls.TControl.ReadExplicitHeight
 0001:0005015C       Controls.TControl.ReadExplicitLeft
 0001:0005012C       Controls.TControl.ReadExplicitTop
 0001:00050104       Controls.TControl.ReadExplicitWidth
 0001:0004E9DC       Controls.TControl.ReadIsControl
 0001:0004C3FC       Controls.TControl.ReadState
 0001:0004D850       Controls.TControl.Repaint
 0001:0004C3C4       Controls.TControl.RequestAlign
 0001:0004C3DC       Controls.TControl.Resize
 0001:0004CC60       Controls.TControl.ScaleConstraints
 0001:0004CCE4       Controls.TControl.ScaleMargins
 0001:0004CD68       Controls.TControl.ScreenToClient
 0001:0004CD94       Controls.TControl.SendCancelMode
 0001:0004CDC4       Controls.TControl.SendDockNotification
 0001:0004C2F4       Controls.TControl.SetAction
 0001:0004C508       Controls.TControl.SetAlign
 0001:00050070       Controls.TControl.SetAlignWithMargins
 0001:0004C254       Controls.TControl.SetAnchors
 0001:0004D008       Controls.TControl.SetAutoSize
 0001:0004D2AC       Controls.TControl.SetBiDiMode
 0001:0004C5F0       Controls.TControl.SetBounds
 0001:0004CAE4       Controls.TControl.SetBoundsRect
 0001:0004CB7C       Controls.TControl.SetClientHeight
 0001:0004D0C4       Controls.TControl.SetClientSize
 0001:0004CB38       Controls.TControl.SetClientWidth
 0001:0004D3C8       Controls.TControl.SetColor
 0001:0004FF14       Controls.TControl.SetConstraints
 0001:0004D464       Controls.TControl.SetCursor
 0001:0004D578       Controls.TControl.SetCustomHint
 0001:0004C388       Controls.TControl.SetDesignVisible
 0001:0004C3C0       Controls.TControl.SetDragMode
 0001:0004D190       Controls.TControl.SetEnabled
 0001:0004D30C       Controls.TControl.SetFont
 0001:0004C8D4       Controls.TControl.SetHeight
 0001:0004CA8C       Controls.TControl.SetHelpContext
 0001:0004CAA0       Controls.TControl.SetHelpKeyword
 0001:0004C838       Controls.TControl.SetLeft
 0001:0005005C       Controls.TControl.SetMargins
 0001:0004D490       Controls.TControl.SetMouseCapture
 0001:0004D020       Controls.TControl.SetName
 0001:0004D10C       Controls.TControl.SetParent
 0001:0004D440       Controls.TControl.SetParentBiDiMode
 0001:0004D41C       Controls.TControl.SetParentColor
 0001:0004C1A4       Controls.TControl.SetParentComponent
 0001:0004D3B8       Controls.TControl.SetParentCustomHint
 0001:0004D344       Controls.TControl.SetParentFont
 0001:0004D38C       Controls.TControl.SetParentShowHint
 0001:0004D1EC       Controls.TControl.SetPopupMenu
 0001:0004D368       Controls.TControl.SetShowHint
 0001:0004D248       Controls.TControl.SetText
 0001:0004C690       Controls.TControl.SetTextBuf
 0001:0004C86C       Controls.TControl.SetTop
 0001:0004D158       Controls.TControl.SetVisible
 0001:0004C8A0       Controls.TControl.SetWidth
 0001:0004D554       Controls.TControl.SetZOrder
 0001:0004D4CC       Controls.TControl.SetZOrderPosition
 0001:0004D838       Controls.TControl.Update
 0001:0004C6B4       Controls.TControl.UpdateAnchorRules
 0001:0004E630       Controls.TControl.UpdateBoundsRect
 0001:000500A0       Controls.TControl.UpdateExplicitBounds
 0001:0004D968       Controls.TControl.UseRightToLeftAlignment
 0001:0004D950       Controls.TControl.UseRightToLeftReading
 0001:0004D980       Controls.TControl.UseRightToLeftScrollBar
 0001:0004E660       Controls.TControl.VisibleChanging
 0001:0004F3C4       Controls.TControl.WMCancelMode
 0001:0004FDA0       Controls.TControl.WMContextMenu
 0001:0004EFEC       Controls.TControl.WMLButtonDblClk
 0001:0004EF84       Controls.TControl.WMLButtonDown
 0001:0004F2AC       Controls.TControl.WMLButtonUp
 0001:0004F164       Controls.TControl.WMMButtonDblClk
 0001:0004F138       Controls.TControl.WMMButtonDown
 0001:0004F34C       Controls.TControl.WMMButtonUp
 0001:0004F1C4       Controls.TControl.WMMouseMove
 0001:0004F36C       Controls.TControl.WMMouseWheel
 0001:0004EFD0       Controls.TControl.WMNCLButtonDown
 0001:0004F10C       Controls.TControl.WMRButtonDblClk
 0001:0004F0E0       Controls.TControl.WMRButtonDown
 0001:0004F32C       Controls.TControl.WMRButtonUp
 0001:0004F404       Controls.TControl.WMWindowPosChanged
 0001:0004E664       Controls.TControl.WndProc
 0001:000500E4       Controls.TControl.WriteExplicitHeight
 0001:000500F4       Controls.TControl.WriteExplicitLeft
 0001:000500D4       Controls.TControl.WriteExplicitTop
 0001:0005011C       Controls.TControl.WriteExplicitWidth
 0001:0004E9F0       Controls.TControl.WriteIsControl
 0001:0004BB40       Controls.TControlActionLink.AssignClient
 0001:0004BB5C       Controls.TControlActionLink.DoShowHint
 0001:0004BC58       Controls.TControlActionLink.IsCaptionLinked
 0001:0004BCCC       Controls.TControlActionLink.IsDropdownMenuLinked
 0001:0004BCE0       Controls.TControlActionLink.IsEnabledLinked
 0001:0004BD14       Controls.TControlActionLink.IsEnableDropdownLinked
 0001:0004BEB8       Controls.TControlActionLink.IsHelpLinked
 0001:0004BD28       Controls.TControlActionLink.IsHintLinked
 0001:0004BDD4       Controls.TControlActionLink.IsOnExecuteLinked
 0001:0004BD60       Controls.TControlActionLink.IsPopupMenuLinked
 0001:0004BDA0       Controls.TControlActionLink.IsVisibleLinked
 0001:0004BDFC       Controls.TControlActionLink.SetCaption
 0001:0004BE1C       Controls.TControlActionLink.SetDropdownMenu
 0001:0004BE20       Controls.TControlActionLink.SetEnabled
 0001:0004BE44       Controls.TControlActionLink.SetEnableDropdown
 0001:0004BF40       Controls.TControlActionLink.SetHelpContext
 0001:0004BF20       Controls.TControlActionLink.SetHelpKeyword
 0001:0004BF60       Controls.TControlActionLink.SetHelpType
 0001:0004BE48       Controls.TControlActionLink.SetHint
 0001:0004BE8C       Controls.TControlActionLink.SetOnExecute
 0001:0004BF80       Controls.TControlActionLink.SetPopupMenu
 0001:0004BE6C       Controls.TControlActionLink.SetVisible
 0001:0004B8FC       Controls.TControlCanvas.CreateHandle
 0001:0004B8D0       Controls.TControlCanvas.Destroy
 0001:0004B9A4       Controls.TControlCanvas.FreeHandle
 0001:0004B9D8       Controls.TControlCanvas.SetControl
 0001:0004B9F0       Controls.TControlCanvas.UpdateTextFlags
 0001:00057CA0       Controls.TCustomControl.Create
 0001:00057CFC       Controls.TCustomControl.Destroy
 0001:00057DF8       Controls.TCustomControl.Paint
 0001:00057D4C       Controls.TCustomControl.PaintWindow
 0001:00057D2C       Controls.TCustomControl.WMPaint
 0001:0005BFE0       Controls.TCustomHint.Create
 0001:0005C030       Controls.TCustomHint.Destroy
 0001:0005C07C       Controls.TCustomHint.HideHint
 0001:0005C088       Controls.TCustomHint.HideHint
 0001:0005C090       Controls.TCustomHint.NCPaintHint
 0001:0005C094       Controls.TCustomHint.Notification
 0001:0005C0C0       Controls.TCustomHint.PaintHint
 0001:0005BEA0       Controls.TCustomHint.SetHintSize
 0001:0005BFC8       Controls.TCustomHint.SetImages
 0001:0005C300       Controls.TCustomHint.ShowAnotherHint
 0001:0005C424       Controls.TCustomHint.ShowHint
 0001:0005C4BC       Controls.TCustomHint.ShowHint
 0001:0005C308       Controls.TCustomHint.ShowHint
 0001:0005C4F8       Controls.TCustomHintShowHideThread.Create
 0001:0005C57C       Controls.TCustomHintShowHideThread.Destroy
 0001:0005C744       Controls.TCustomHintShowHideThread.Execute
 0001:0005CB90       Controls.TCustomHintShowHideThread.QueHintWindow
 0001:0005CB9C       Controls.TCustomHintShowHideThread.ResumeWork
 0001:0005BC34       Controls.TCustomHintWindow.AutoSize
 0001:0005BC44       Controls.TCustomHintWindow.CMTextChanged
 0001:0005BC4C       Controls.TCustomHintWindow.Create
 0001:0005BCD0       Controls.TCustomHintWindow.CreateParams
 0001:0005BCEC       Controls.TCustomHintWindow.CreateWnd
 0001:0005BD44       Controls.TCustomHintWindow.NCPaint
 0001:0005BD5C       Controls.TCustomHintWindow.Paint
 0001:0005BD6C       Controls.TCustomHintWindow.PositionAt
 0001:0005BE10       Controls.TCustomHintWindow.WMNCHitTest
 0001:0005BE18       Controls.TCustomHintWindow.WMNCPaint
 0001:0005BE7C       Controls.TCustomHintWindow.WMPrint
 0001:0005AAB4       Controls.TDockTree.ActualSize
 0001:000586A4       Controls.TDockTree.AdjustDockRect
 0001:0005AB48       Controls.TDockTree.AdjustFrameRect
 0001:000586BC       Controls.TDockTree.BeginUpdate
 0001:0005A794       Controls.TDockTree.ControlVisibilityChanged
 0001:000584E4       Controls.TDockTree.Create
 0001:0005864C       Controls.TDockTree.Destroy
 0001:0005A394       Controls.TDockTree.DrawSizeSplitter
 0001:000586C0       Controls.TDockTree.EndUpdate
 0001:00058D74       Controls.TDockTree.FindControlAtPos
 0001:0005872C       Controls.TDockTree.FindControlZone
 0001:00058794       Controls.TDockTree.ForEachAt
 0001:000587AC       Controls.TDockTree.GetControlBounds
 0001:0005A510       Controls.TDockTree.GetNextLimit
 0001:00058824       Controls.TDockTree.HitTest
 0001:00058834       Controls.TDockTree.InsertControl
 0001:00058A50       Controls.TDockTree.InsertNewParent
 0001:00058BF8       Controls.TDockTree.InsertSibling
 0001:00058F10       Controls.TDockTree.InternalHitTest
 0001:0005904C       Controls.TDockTree.LoadFromStream
 0001:0005AB88       Controls.TDockTree.MouseDown
 0001:0005AD44       Controls.TDockTree.MouseMove
 0001:0005AD94       Controls.TDockTree.MouseUp
 0001:00059518       Controls.TDockTree.PaintDockFrame
 0001:0005966C       Controls.TDockTree.PaintSite
 0001:000597A0       Controls.TDockTree.PositionDockRect
 0001:00059950       Controls.TDockTree.PruneZone
 0001:0005AB1C       Controls.TDockTree.ReferenceFromOrient
 0001:0005AAE4       Controls.TDockTree.RelativeSize
 0001:000599AC       Controls.TDockTree.RemoveControl
 0001:000599EC       Controls.TDockTree.RemoveZone
 0001:00059C8C       Controls.TDockTree.ResetBounds
 0001:00059F78       Controls.TDockTree.SaveToStream
 0001:00059D70       Controls.TDockTree.ScaleZone
 0001:0005A1F0       Controls.TDockTree.SetNewBounds
 0001:0005A220       Controls.TDockTree.SetReplacingControl
 0001:0005A238       Controls.TDockTree.ShiftZone
 0001:0005AE08       Controls.TDockTree.ShowHint
 0001:0005A26C       Controls.TDockTree.SplitterMouseDown
 0001:0005A2CC       Controls.TDockTree.SplitterMouseUp
 0001:0005A348       Controls.TDockTree.UpdateAll
 0001:0005A370       Controls.TDockTree.UpdateZone
 0001:0005A380       Controls.TDockTree.WindowProc
 0001:0005A81C       Controls.TDockTree.WndProc
 0001:00058C70       Controls.TDockTree.ZoneCaptionHitTest
 0001:00057E3C       Controls.TDockZone.Create
 0001:00058410       Controls.TDockZone.ExpandZoneLimit
 0001:000584D8       Controls.TDockZone.FirstVisibleChild
 0001:00057E78       Controls.TDockZone.GetChildCount
 0001:0005815C       Controls.TDockZone.GetControlName
 0001:00057FFC       Controls.TDockZone.GetHeightWidth
 0001:00057EE8       Controls.TDockZone.GetLimitBegin
 0001:00057F30       Controls.TDockZone.GetLimitSize
 0001:00057F78       Controls.TDockZone.GetTopLeft
 0001:00057EB0       Controls.TDockZone.GetVisible
 0001:00057E8C       Controls.TDockZone.GetVisibleChildCount
 0001:000583D4       Controls.TDockZone.GetZoneLimit
 0001:000584B0       Controls.TDockZone.NextVisible
 0001:000584BC       Controls.TDockZone.PrevVisible
 0001:000580B4       Controls.TDockZone.ResetChildren
 0001:00058450       Controls.TDockZone.ResetZoneLimits
 0001:000581A4       Controls.TDockZone.SetControlName
 0001:000583FC       Controls.TDockZone.SetZoneLimit
 0001:00058258       Controls.TDockZone.Update
 0001:0004A44C       Controls.TDragControlObject.GetDragCursor
 0001:0004A464       Controls.TDragControlObject.GetDragImages
 0001:0004A470       Controls.TDragControlObject.HideDragImage
 0001:0004A490       Controls.TDragControlObject.ShowDragImage
 0001:0004A4B0       Controls.TDragControlObjectEx.BeforeDestruction
 0001:0004A5EC       Controls.TDragDockObject.AdjustDockRect
 0001:0004A54C       Controls.TDragDockObject.Assign
 0001:0004A4B4       Controls.TDragDockObject.Create
 0001:0004A51C       Controls.TDragDockObject.Destroy
 0001:0004A668       Controls.TDragDockObject.DrawDragDockImage
 0001:0004A5AC       Controls.TDragDockObject.EndDrag
 0001:0004A67C       Controls.TDragDockObject.EraseDragDockImage
 0001:0004A690       Controls.TDragDockObject.GetDragCursor
 0001:0004A69C       Controls.TDragDockObject.GetEraseWhenMoving
 0001:0004A6A0       Controls.TDragDockObject.GetFrameWidth
 0001:0004A6A8       Controls.TDragDockObjectEx.BeforeDestruction
 0001:00057AD8       Controls.TDragImageList.BeginDrag
 0001:00057B50       Controls.TDragImageList.DragLock
 0001:00057BD8       Controls.TDragImageList.DragMove
 0001:00057BB4       Controls.TDragImageList.DragUnlock
 0001:00057C4C       Controls.TDragImageList.EndDrag
 0001:00057AAC       Controls.TDragImageList.GetHotSpot
 0001:00057C34       Controls.TDragImageList.HideDragImage
 0001:00057A24       Controls.TDragImageList.Initialize
 0001:00057A88       Controls.TDragImageList.SetDragCursor
 0001:00057A3C       Controls.TDragImageList.SetDragImage
 0001:00057C1C       Controls.TDragImageList.ShowDragImage
 0001:0004A37C       Controls.TDragObject.AfterConstruction
 0001:0004A13C       Controls.TDragObject.Assign
 0001:0004A36C       Controls.TDragObject.BeforeDestruction
 0001:0004A17C       Controls.TDragObject.Capture
 0001:0004A194       Controls.TDragObject.Finished
 0001:0004A2F8       Controls.TDragObject.GetDragCursor
 0001:0004A2F4       Controls.TDragObject.GetDragImages
 0001:0004A19C       Controls.TDragObject.GetName
 0001:0004A310       Controls.TDragObject.HideDragImage
 0001:0004A314       Controls.TDragObject.Instance
 0001:0004A320       Controls.TDragObject.MainWndProc
 0001:0004A1B0       Controls.TDragObject.ReleaseCapture
 0001:0004A31C       Controls.TDragObject.ShowDragImage
 0001:0004A1C4       Controls.TDragObject.WndProc
 0001:00057148       Controls.TGraphicControl.Create
 0001:000571A4       Controls.TGraphicControl.Destroy
 0001:00057298       Controls.TGraphicControl.Paint
 0001:000571E4       Controls.TGraphicControl.WMPaint
 0001:00057604       Controls.THintWindow.ActivateHint
 0001:000578CC       Controls.THintWindow.ActivateHintData
 0001:000578F4       Controls.THintWindow.CalcHintRect
 0001:0005756C       Controls.THintWindow.CMTextChanged
 0001:0005729C       Controls.THintWindow.Create
 0001:00057304       Controls.THintWindow.CreateParams
 0001:000574F8       Controls.THintWindow.IsHintMsg
 0001:00057954       Controls.THintWindow.NCPaint
 0001:000573D4       Controls.THintWindow.Paint
 0001:0005755C       Controls.THintWindow.ReleaseHandle
 0001:000579E0       Controls.THintWindow.ShouldHideHint
 0001:00057368       Controls.THintWindow.WMNCHitTest
 0001:00057370       Controls.THintWindow.WMNCPaint
 0001:000579BC       Controls.THintWindow.WMPrint
 0001:0005B8AC       Controls.TMargins.AssignTo
 0001:0005B8F4       Controls.TMargins.Change
 0001:0005B868       Controls.TMargins.Create
 0001:0005BA6C       Controls.TMargins.GetControlBound
 0001:0005B908       Controls.TMargins.InitDefaults
 0001:0005B980       Controls.TMargins.SetControlBounds
 0001:0005B928       Controls.TMargins.SetMargin
 0001:0005AEFC       Controls.TMouse.Create
 0001:0005AF8C       Controls.TMouse.CreatePanningWindow
 0001:0005AFB8       Controls.TMouse.Destroy
 0001:0005AFE8       Controls.TMouse.GetCapture
 0001:0005AFF0       Controls.TMouse.GetCursorPos
 0001:0005B00C       Controls.TMouse.GetIsDragging
 0001:0005B018       Controls.TMouse.GetIsPanning
 0001:0005B03C       Controls.TMouse.GetMouseData
 0001:0005B058       Controls.TMouse.GetNativeData
 0001:0005B088       Controls.TMouse.GetRegisteredData
 0001:0005B0B0       Controls.TMouse.SetCapture
 0001:0005B0D8       Controls.TMouse.SetPanningWindow
 0001:0005B100       Controls.TMouse.SettingChanged
 0001:0005BC30       Controls.TPadding.InitDefaults
 0001:00054A1C       Controls.TraverseControls
 0003:00001988       Controls.TreeStreamEndFlag
 0001:0004A020       Controls.TSiteList.AddSite
 0001:0004A0A4       Controls.TSiteList.Clear
 0001:00049FBC       Controls.TSiteList.Find
 0001:0004A0D8       Controls.TSiteList.GetTopSite
 0001:0004BA58       Controls.TSizeConstraints.AssignTo
 0001:0004BB2C       Controls.TSizeConstraints.Change
 0001:0004BA1C       Controls.TSizeConstraints.Create
 0001:0004BAA0       Controls.TSizeConstraints.SetConstraints
 0001:000567C0       Controls.TWinControl.ActionChange
 0001:000518E0       Controls.TWinControl.AddBiDiModeExStyle
 0001:00050530       Controls.TWinControl.AdjustClientRect
 0001:00055C70       Controls.TWinControl.AdjustSize
 0001:0005122C       Controls.TWinControl.AlignControl
 0001:0005106C       Controls.TWinControl.AlignControls
 0001:00050560       Controls.TWinControl.ArrangeControl
 0001:00056808       Controls.TWinControl.AssignTo
 0001:000517DC       Controls.TWinControl.Broadcast
 0001:000562F8       Controls.TWinControl.CalcConstraints
 0001:00056838       Controls.TWinControl.CanAutoSize
 0001:00055A2C       Controls.TWinControl.CanFocus
 0001:0005622C       Controls.TWinControl.CanResize
 0001:000555E4       Controls.TWinControl.ChangeScale
 0001:00054D4C       Controls.TWinControl.CMBiDiModeChanged
 0001:00054FDC       Controls.TWinControl.CMBorderChanged
 0001:00054E58       Controls.TWinControl.CMChanged
 0001:00054E6C       Controls.TWinControl.CMChildKey
 0001:00054F38       Controls.TWinControl.CMColorChanged
 0001:00055148       Controls.TWinControl.CMControlListChange
 0001:0005515C       Controls.TWinControl.CMControlListChanging
 0001:0005501C       Controls.TWinControl.CMCtl3DChanged
 0001:00054F9C       Controls.TWinControl.CMCursorChanged
 0001:00054E38       Controls.TWinControl.CMDesignHitTest
 0001:00054E88       Controls.TWinControl.CMDialogChar
 0001:00054E80       Controls.TWinControl.CMDialogKey
 0001:000545B4       Controls.TWinControl.CMDockClient
 0001:00054D84       Controls.TWinControl.CMDoubleBufferedChanged
 0001:000550E8       Controls.TWinControl.CMDrag
 0001:00054EF0       Controls.TWinControl.CMEnabledChanged
 0001:00054DA8       Controls.TWinControl.CMEnter
 0001:00054E2C       Controls.TWinControl.CMExit
 0001:000546CC       Controls.TWinControl.CMFloat
 0001:00054E90       Controls.TWinControl.CMFocusChanged
 0001:000550D8       Controls.TWinControl.CMFontChange
 0001:00054F60       Controls.TWinControl.CMFontChanged
 0001:00055928       Controls.TWinControl.CMInvalidate
 0001:0005505C       Controls.TWinControl.CMParentCtl3DChanged
 0001:0005509C       Controls.TWinControl.CMParentDoubleBufferedChanged
 0001:00052164       Controls.TWinControl.CMRecreateWnd
 0001:00054D34       Controls.TWinControl.CMShowHintChanged
 0001:00054EC8       Controls.TWinControl.CMShowingChanged
 0001:000550C8       Controls.TWinControl.CMSysColorChange
 0001:00055170       Controls.TWinControl.CMSysFontChanged
 0001:00056F40       Controls.TWinControl.CMTextChanged
 0001:000550E0       Controls.TWinControl.CMTimeChange
 0001:000546A4       Controls.TWinControl.CMUnDockClient
 0001:00054E98       Controls.TWinControl.CMVisibleChanged
 0001:000550D0       Controls.TWinControl.CMWinIniChange
 0001:0005535C       Controls.TWinControl.CNChar
 0001:00055224       Controls.TWinControl.CNKeyDown
 0001:00055308       Controls.TWinControl.CNKeyUp
[...]
 0004:00004E1C       Variants.ClearAnyProc
 0004:00004E20       Variants.ChangeAnyProc
 0004:00004E24       Variants.RefAnyProc
 0004:00004E28       Variants..81
 0004:00004E2C       Variants.LVarTypes
 0004:00004E30       Variants.LVarTypeSync
 0004:00004E48       TypInfo..5
 0004:00004E4C       Classes.GlobalNameSpace
 0004:00004E50       Classes.IsUniqueGlobalComponentNameProc
 0004:00004E54       Classes.SyncEvent
 0004:00004E58       Classes..66
 0004:00004E5C       Classes.IntConstList
 0004:00004E60       Classes.RegGroups
 0004:00004E64       Classes.FindGlobalComponentProcs
 0004:00004E68       Classes.GlobalFixupList
 0004:00004E6C       Classes.ThreadLock
 0004:00004E84       Classes.ThreadCount
 0004:00004E88       Classes.ExternalThreads
 0004:00004E8C       Classes.InstBlockList
 0004:00004E90       Classes.InstFreeList
 0004:00004E94       HelpIntfs..2
 0004:00004E98       HelpIntfs.HelpManager
 0004:00004E9C       MultiMon.GetSystemMetrics
 0004:00004EA0       MultiMon.MonitorFromWindow
 0004:00004EA4       MultiMon.MonitorFromRect
 0004:00004EA8       MultiMon.MonitorFromPoint
 0004:00004EAC       MultiMon.GetMonitorInfo
 0004:00004EB0       MultiMon.GetMonitorInfoA
 0004:00004EB4       MultiMon.GetMonitorInfoW
 0004:00004EB8       MultiMon.EnumDisplayMonitors
 0004:00004EBC       MultiMon..1
 0004:00004EC0       MultiMon.User32Dll
 0004:00004EC4       MultiMon.InitApis
 0004:00004ECC       MultiMon.MMAvailable
 0004:00004ED0       CommCtrl.ComCtl32DLL
 0004:00004ED4       CommCtrl._InitCommonControlsEx
 0004:00004ED8       CommCtrl._TaskDialogIndirect
 0004:00004EDC       IniFiles..7
 0004:00004EE0       Registry..5
 0004:00004EE4       Graphics.SystemPalette16
 0004:00004EE8       Graphics..12
 0004:00004EEC       Graphics.ScreenLogPixels
 0004:00004EF0       Graphics.StockPen
 0004:00004EF4       Graphics.StockBrush
 0004:00004EF8       Graphics.StockFont
 0004:00004EFC       Graphics.StockIcon
 0004:00004F00       Graphics.BitmapImageLock
 0004:00004F18       Graphics.CounterLock
 0004:00004F30       Graphics.FontManager
 0004:00004F34       Graphics.PenManager
 0004:00004F38       Graphics.BrushManager
 0004:00004F3C       Graphics.CanvasList
 0004:00004F40       Graphics.PatternManager
 0004:00004F44       SyncObjs..01
 0004:00004F48       SyncObjs.CoWaitForMultipleHandlesProc
 0004:00004F4C       SyncObjs.InitializeConditionVariableProc
 0004:00004F50       SyncObjs.SleepConditionVariableCSProc
 0004:00004F54       SyncObjs.WakeConditionVariableProc
 0004:00004F58       SyncObjs.WakeAllConditionVariableProc
 0004:00004F5C       UxTheme.OpenThemeData
 0004:00004F60       UxTheme.CloseThemeData
 0004:00004F64       UxTheme.DrawThemeBackground
 0004:00004F68       UxTheme.DrawThemeText
 0004:00004F6C       UxTheme.GetThemeBackgroundContentRect
 0004:00004F70       UxTheme.GetThemeBackgroundExtent
 0004:00004F74       UxTheme.GetThemePartSize
 0004:00004F78       UxTheme.GetThemeTextExtent
 0004:00004F7C       UxTheme.GetThemeTextMetrics
 0004:00004F80       UxTheme.GetThemeBackgroundRegion
 0004:00004F84       UxTheme.HitTestThemeBackground
 0004:00004F88       UxTheme.DrawThemeEdge
 0004:00004F8C       UxTheme.DrawThemeIcon
 0004:00004F90       UxTheme.IsThemePartDefined
 0004:00004F94       UxTheme.IsThemeBackgroundPartiallyTransparent
 0004:00004F98       UxTheme.GetThemeColor
 0004:00004F9C       UxTheme.GetThemeMetric
 0004:00004FA0       UxTheme.GetThemeString
 0004:00004FA4       UxTheme.GetThemeBool
 0004:00004FA8       UxTheme.GetThemeInt
 0004:00004FAC       UxTheme.GetThemeEnumValue
 0004:00004FB0       UxTheme.GetThemePosition
 0004:00004FB4       UxTheme.GetThemeFont
 0004:00004FB8       UxTheme.GetThemeRect
 0004:00004FBC       UxTheme.GetThemeMargins
 0004:00004FC0       UxTheme.GetThemeIntList
 0004:00004FC4       UxTheme.GetThemePropertyOrigin
 0004:00004FC8       UxTheme.SetWindowTheme
 0004:00004FCC       UxTheme.GetThemeFilename
 0004:00004FD0       UxTheme.GetThemeSysColor
 0004:00004FD4       UxTheme.GetThemeSysColorBrush
 0004:00004FD8       UxTheme.GetThemeSysBool
 0004:00004FDC       UxTheme.GetThemeSysSize
 0004:00004FE0       UxTheme.GetThemeSysFont
 0004:00004FE4       UxTheme.GetThemeSysString
 0004:00004FE8       UxTheme.GetThemeSysInt
 0004:00004FEC       UxTheme.IsThemeActive
 0004:00004FF0       UxTheme.IsAppThemed
 0004:00004FF4       UxTheme.GetWindowTheme
 0004:00004FF8       UxTheme.EnableThemeDialogTexture
 0004:00004FFC       UxTheme.IsThemeDialogTextureEnabled
 0004:00005000       UxTheme.GetThemeAppProperties
 0004:00005004       UxTheme.SetThemeAppProperties
 0004:00005008       UxTheme.GetCurrentThemeName
 0004:0000500C       UxTheme.GetThemeDocumentationProperty
 0004:00005010       UxTheme.DrawThemeParentBackground
 0004:00005014       UxTheme.EnableTheming
 0004:00005018       UxTheme..1
 0004:0000501C       UxTheme.ThemeLibrary
 0004:00005020       UxTheme.ReferenceCount
 0004:00005024       UxTheme.Lock
 0004:00005028       UxTheme._DrawThemeTextEx
 0004:0000502C       UxTheme._BeginBufferedPaint
 0004:00005030       UxTheme._EndBufferedPaint
 0004:00005034       UxTheme._BufferedPaintSetAlpha
 0004:00005038       DwmApi..1
 0004:0000503C       DwmApi.hDWMAPI
 0004:00005040       DwmApi._DwmExtendFrameIntoClientArea
 0004:00005044       DwmApi._DwmIsCompositionEnabled
 0004:00005048       GraphUtil..2
 0004:0000504C       GraphUtil.MsImgHandle
 0004:00005050       GraphUtil.MsImgInitialized
 0004:00005054       GraphUtil.GradientFillFunc
 0004:00005058       Printers..3
 0004:0000505C       Clipbrd.CF_PICTURE
 0004:0000505E       Clipbrd.CF_COMPONENT
 0004:00005060       Clipbrd..3
 0004:00005064       Clipbrd.FClipboard
 0004:00005068       ExtCtrls.TCustomTrayIcon.RM_TaskbarCreated
 0004:0000506C       ExtCtrls..94
 0004:00005070       ComCtrls..96
 0004:00005074       ComCtrls.ConversionFormatList
 0004:00005078       ComCtrls.ShellModule
 0004:0000507C       ComCtrls.FRichEditModule
 0004:00005080       Dialogs..03
 0004:00005084       Dialogs.HelpMsg
 0004:00005088       Dialogs.FindMsg
 0004:0000508C       Dialogs.ButtonWidths
 0004:000050BC       FlatSB.FlatSB_EnableScrollBar
 0004:000050C0       FlatSB.FlatSB_ShowScrollBar
 0004:000050C4       FlatSB.FlatSB_GetScrollRange
 0004:000050C8       FlatSB.FlatSB_GetScrollInfo
 0004:000050CC       FlatSB.FlatSB_GetScrollPos
 0004:000050D0       FlatSB.FlatSB_SetScrollPos
 0004:000050D4       FlatSB.FlatSB_SetScrollInfo
 0004:000050D8       FlatSB.FlatSB_SetScrollRange
 0004:000050DC       FlatSB..1
 0004:000050E0       FlatSB._FlatSB_GetScrollProp
 0004:000050E4       FlatSB._FlatSB_SetScrollProp
 0004:000050E8       FlatSB._InitializeFlatSB
 0004:000050EC       FlatSB._UninitializeFlatSB
 0004:000050F0       Menus.PopupList
 0004:000050F4       Menus.ShortCutItems
 0004:000050F8       Menus..01
 0004:000050FC       Menus.CommandPool
 0004:00005100       Controls.Mouse
 0004:00005104       Controls.IsVCLControlHook
 0004:0000510C       Controls.NewStyleControls
 0004:00005110       Controls..73
 0004:00005114       Controls.WindowAtom
 0004:00005116       Controls.ControlAtom
 0004:00005118       Controls.WindowAtomString
 0004:0000511C       Controls.ControlAtomString
 0004:00005120       Controls.RM_GetObjectInstance
 0004:00005124       Controls.DragControl
 0004:00005128       Controls.DragObject
 0004:0000512C       Controls.DragInternalObject
 0004:00005130       Controls.DragCapture
 0004:00005134       Controls.DragStartPos
 0004:0000513C       Controls.DragSaveCursor
 0004:00005140       Controls.DragThreshold
 0004:00005144       Controls.ActiveDrag
 0004:00005148       Controls.DragImageList
 0004:0000514C       Controls.DockSiteList
 0004:00005150       Controls.QualifyingSites
 0004:00005154       Controls.DragSave
 0004:00005158       Controls.CanvasList
 0004:0000515C       Controls.FlagControl
 0004:00005160       Controls._WINNLSEnableIME
 0004:00005164       Controls._ImmGetContext
 0004:00005168       Controls._ImmReleaseContext
 0004:0000516C       Controls._ImmGetConversionStatus
 0004:00005170       Controls._ImmSetConversionStatus
 0004:00005174       Controls._ImmSetOpenStatus
 0004:00005178       Controls._ImmSetCompositionWindow
 0004:0000517C       Controls._ImmSetCompositionFont
 0004:00005180       Controls._ImmGetCompositionString
 0004:00005184       Controls._ImmIsIME
 0004:00005188       Controls._ImmNotifyIME
 0004:0000518C       Themes..2
 0004:00005190       Themes.InternalServices
 0004:00005194       Themes.RM_UnthemedDesigner
 0004:00005198       ImgList.CachedComCtrlVer
 0004:0000519C       ImgList.ImageListWriteExProc
 0004:000051A0       ActnList..9
 0004:000051A4       Forms.Application
 0004:000051A8       Forms.Screen
 0004:000051AC       Forms..51
 0004:000051B0       Forms.RM_TaskbarCreated
 0004:000051B4       Forms.HintThreadID
 0004:000051B8       Forms.HintDoneEvent
 0004:000051BC       Forms.HintHook
 0004:000051C0       Forms.HintThread
 0004:000051C4       Forms.IdleTimerHandle
 0004:000051C8       Forms.IdleTimerDelegate
 0004:000051CC       NempApi..1
 0004:000051D0       MainUnit.MainForm
 0005:00000000       System.RaiseListPtr
 0005:00000004       System.InOutRes
 0005:00000008       Classes.GlobalLoaded
 0005:0000000C       Classes.GlobalLists
 0005:00000010       Classes.InternalCurrentThread
 0005:00000014       SyncObjs.OleThreadWnd
 0005:00000018       GraphUtil.CachedHighlightLum
 0005:0000001C       GraphUtil.CachedHighlightColor
 0005:00000020       GraphUtil.CachedHighlight
 0005:00000024       GraphUtil.CachedShadowLum
 0005:00000028       GraphUtil.CachedShadowColor
 0005:0000002C       GraphUtil.CachedShadow
 0005:00000030       GraphUtil.CachedColorValue
 0005:00000034       GraphUtil.CachedLumValue
 0005:00000038       GraphUtil.CachedColorAdjustLuma
 0005:0000003C       SysInit.TlsLast


Line numbers for lcdg15(lcdg15.pas) segment .text

   221 0001:000704B8   224 0001:000704C0   227 0001:000704C8   230 0001:000704D0
   233 0001:000704D8   239 0001:000704E0   242 0001:000704E8   258 0001:000704F0
   259 0001:00070521   260 0001:00070525   264 0001:0007052A   266 0001:0007052F
   271 0001:00070537   272 0001:00070542   273 0001:00070548   275 0001:0007054E
   277 0001:00070554   278 0001:0007055B   282 0001:00070560   283 0001:00070565
   286 0001:0007056A   289 0001:00070571   291 0001:0007057B   296 0001:00070585
   297 0001:0007059A   301 0001:0007059E   302 0001:000705A4   303 0001:000705A9
   304 0001:000705B0   305 0001:000705B3   306 0001:000705BA   307 0001:000705C4
   312 0001:000705CE   315 0001:000705D2   318 0001:00070610   319 0001:0007061B
   320 0001:00070625   321 0001:0007062A   328 0001:00070638   329 0001:0007064F
   330 0001:00070658   331 0001:0007065A   333 0001:0007065C   335 0001:0007065E
   336 0001:0007066D   337 0001:00070674   339 0001:0007067B   340 0001:00070680
   341 0001:00070681   333 0001:00070682   342 0001:0007068A   331 0001:0007068B
   343 0001:00070690   344 0001:00070698   345 0001:000706B7   382 0001:000706C4
   383 0001:000706CC   384 0001:000706CE   386 0001:000706D2   388 0001:000706DB
   391 0001:000706E6   394 0001:000706F0   395 0001:000706F8   396 0001:000706FA
   398 0001:000706FE   400 0001:00070707   403 0001:0007070F   487 0001:00070717

Line numbers for NempApi(NempApi.pas) segment .text

   297 0001:00070744   298 0001:0007074A   299 0001:0007075C   300 0001:00070760
   301 0001:0007076D   305 0001:00070770   306 0001:00070776   307 0001:00070788
   308 0001:0007078C   310 0001:00070792   311 0001:0007079F   315 0001:000707A4
   316 0001:000707B0   320 0001:000707B4   321 0001:000707BE   523 0001:000707C0
   524 0001:000707D0   525 0001:000707E4   527 0001:000707E8   530 0001:000707F1
   531 0001:000707F5   533 0001:00070806   534 0001:00070808   535 0001:00070817
   537 0001:0007081C   538 0001:00070823   540 0001:00070825   541 0001:0007082C
   542 0001:0007083B   543 0001:00070851   544 0001:00070857   546 0001:00070867
   549 0001:00070874   550 0001:0007087A   551 0001:00070888   554 0001:0007088C
   555 0001:00070892   556 0001:000708A0   711 0001:000708A4   712 0001:000708B0
   732 0001:000708B4   733 0001:000708C0   737 0001:000708C4   738 0001:000708D3
   827 0001:000708D4   828 0001:000708E0   840 0001:000708E4   841 0001:000708F6
   842 0001:0007090C   847 0001:00070910   848 0001:00070922   849 0001:00070938
   854 0001:0007093C   855 0001:0007094E   856 0001:00070964   868 0001:00070968
   869 0001:0007097A   870 0001:00070990

Line numbers for NempApi(NempApi.pas) segment .itext

   979 0002:00000790

Line numbers for lcdg15Nemp(lcdg15Nemp.pas) segment .text

    69 0001:00070A64    70 0001:00070A7D    71 0001:00070A7F    72 0001:00070A97
    73 0001:00070AB0    76 0001:00070AB4    77 0001:00070AC1    78 0001:00070AC7
    80 0001:00070AEB    88 0001:00070B64    89 0001:00070B81    90 0001:00070B89
    91 0001:00070B93    92 0001:00070B9C    94 0001:00070BA2    95 0001:00070BAC
    97 0001:00070BB1    98 0001:00070BBF    99 0001:00070BC1   101 0001:00070BD9
   102 0001:00070BE6   104 0001:00070BFC   107 0001:00070C13   109 0001:00070C2A
   111 0001:00070C3F   120 0001:00070C6C   121 0001:00070C78   122 0001:00070C87
   123 0001:00070C95   124 0001:00070CA0   125 0001:00070CB4   126 0001:00070CB8
   128 0001:00070CBE   129 0001:00070CC2   130 0001:00070CD5   132 0001:00070CED
   134 0001:00070CFD   137 0001:00070D04   138 0001:00070D1F   139 0001:00070D30
   140 0001:00070D3C   141 0001:00070D41   143 0001:00070D63   144 0001:00070D83
   153 0001:00070DD0   155 0001:00070DEB   157 0001:00070DF3   158 0001:00070E05
   159 0001:00070E17   160 0001:00070E27   162 0001:00070E37   163 0001:00070E4C
   164 0001:00070E64   166 0001:00070E7C   167 0001:00070E89   168 0001:00070E90
   169 0001:00070E98   170 0001:00070EA8   172 0001:00070EB0   173 0001:00070EB8
   175 0001:00070EC0   176 0001:00070ED6   177 0001:00070EDF   178 0001:00070EEF
   180 0001:00070F03   181 0001:00070F11   182 0001:00070F30   184 0001:00070F36
   187 0001:00070F49   189 0001:00070F5C   190 0001:00070F70   192 0001:00070F8C
   194 0001:00070F99   197 0001:0007100C   198 0001:00071017   199 0001:0007101F
   200 0001:00071027   201 0001:0007102F   202 0001:00071037   203 0001:00071043
   208 0001:00071054   210 0001:00071077   213 0001:00071080   214 0001:000710A0
   215 0001:000710AE   217 0001:000710C8   222 0001:000710F7   226 0001:0007111F
   227 0001:0007114A   228 0001:00071158   229 0001:00071175   231 0001:0007119C
   234 0001:000711AC   235 0001:000711D7   236 0001:000711E5   237 0001:000711F0
   238 0001:00071207   240 0001:0007123D   243 0001:0007124D   247 0001:000713B4
   248 0001:000713D1   249 0001:000713FC   250 0001:0007140A   251 0001:00071423
   253 0001:00071449   256 0001:00071459   257 0001:00071484   258 0001:00071492
   259 0001:0007149D   260 0001:000714A6   262 0001:000714D3   265 0001:000714F4
   266 0001:000714FC   270 0001:0007150C   286 0001:00071628   287 0001:0007162B
   288 0001:00071632   289 0001:0007163E   296 0001:00071644   298 0001:0007164A
   301 0001:00071650   303 0001:00071665   304 0001:0007166A   307 0001:00071674
   308 0001:00071679   309 0001:0007167C   311 0001:00071686   313 0001:00071690
   315 0001:0007169A   316 0001:000716A1   317 0001:000716AB   318 0001:000716B5
   319 0001:000716B9   321 0001:000716BF   323 0001:000716C2   330 0001:000716CE
   331 0001:000716D8   332 0001:000716E2   334 0001:000716F4   335 0001:000716FA
   338 0001:000716FF   339 0001:00071704   340 0001:0007170A   343 0001:0007170F
   344 0001:00071717   347 0001:0007171E   348 0001:00071728   352 0001:0007172D
   355 0001:00071730   356 0001:00071736   357 0001:0007174B   359 0001:0007176F
   361 0001:00071784   362 0001:00071799   364 0001:000717A8   365 0001:000717BD
   368 0001:000717CF   369 0001:000717EB   370 0001:00071807   373 0001:00071823
   374 0001:0007182A   376 0001:00071832   377 0001:00071843   385 0001:000718B4
   386 0001:000718E4   387 0001:000718EB   391 0001:00071901   393 0001:00071908
   396 0001:00071919   397 0001:00071924   399 0001:0007193A   400 0001:00071942
   402 0001:00071958   403 0001:0007195D   404 0001:00071972   405 0001:00071981
   409 0001:0007199C   410 0001:000719B1   413 0001:000719D7   416 0001:000719E9
   417 0001:000719FE   419 0001:00071A0D   421 0001:00071A13   422 0001:00071A41
   423 0001:00071A44   424 0001:00071A6D   427 0001:00071A74   430 0001:00071A89
   431 0001:00071A9E   433 0001:00071AAD   434 0001:00071AD7   437 0001:00071B06
   438 0001:00071B1D   441 0001:00071B3E   442 0001:00071B5C   443 0001:00071B6E
   444 0001:00071B74   446 0001:00071BB3   450 0001:00071BCF   451 0001:00071BE1
   454 0001:00071BE4   455 0001:00071C10   459 0001:00071C3E   465 0001:00071CAF
   466 0001:00071CDB   472 0001:00071D4C   473 0001:00071D78   479 0001:00071DE9
   480 0001:00071DFE   482 0001:00071E1C   483 0001:00071E33   485 0001:00071E4A
   486 0001:00071E61   488 0001:00071E78   489 0001:00071E8F   491 0001:00071EA6
   492 0001:00071EBD   494 0001:00071ED4   495 0001:00071EED   496 0001:00071F06
   497 0001:00071F1F   499 0001:00071F38   500 0001:00071F3F   502 0001:00071F47
   503 0001:00071F58   508 0001:00071FF8   510 0001:00072019   511 0001:0007202E
   514 0001:00072054   515 0001:00072069   518 0001:00072078   520 0001:00072080
   521 0001:00072085   524 0001:0007208B   526 0001:00072093   527 0001:00072098
   528 0001:000720A0   529 0001:000720A4   533 0001:000720A9   534 0001:000720AE
   536 0001:000720C0   538 0001:000720C5   539 0001:000720DA   540 0001:000720EC
   541 0001:000720FE   542 0001:00072127   545 0001:0007213B   546 0001:0007214D
   547 0001:00072162   549 0001:00072174   550 0001:0007219E   551 0001:000721A1
   534 0001:000721A2   554 0001:000721AB   555 0001:000721BD   556 0001:000721D2
   557 0001:000721E4   558 0001:00072200   560 0001:0007221C   565 0001:0007228D
   570 0001:000722FE   571 0001:00072305   573 0001:0007230D   574 0001:0007231E
   579 0001:0007237C   580 0001:0007237F   581 0001:00072389   582 0001:0007238E
   584 0001:000723BE

Line numbers for MainUnit(MainUnit.pas) segment .text

    52 0001:0007267C    53 0001:00072681    56 0001:00072684    58 0001:00072687
    59 0001:0007269E    60 0001:000726B0    62 0001:000726BF    64 0001:000726CC
    65 0001:000726DE    67 0001:000726ED    69 0001:000726FA    70 0001:00072705
    74 0001:00072708    77 0001:0007270B    79 0001:00072713    80 0001:00072727
    84 0001:0007272C    85 0001:00072736    86 0001:0007273D    90 0001:00072740
    91 0001:00072744    92 0001:00072751    95 0001:0007275E    96 0001:00072772
    97 0001:0007277F    98 0001:0007278E   100 0001:0007279E   102 0001:000727AA
   104 0001:000727BF   106 0001:000727CC   107 0001:000727E4   108 0001:00072802
   109 0001:00072820   115 0001:000728EC   116 0001:000728F0   117 0001:00072906
   118 0001:00072912   121 0001:0007291C   123 0001:00072925   125 0001:00072941
   128 0001:0007294E   129 0001:0007295A   131 0001:00072961   134 0001:00072966
   139 0001:0007296C   144 0001:0007296F   145 0001:0007297E   148 0001:000729A2
   150 0001:000729B1   154 0001:000729E1

Line numbers for NempG15App(NempG15App.dpr) segment .itext

    13 0002:00000798    14 0002:000007A8    15 0002:000007B4    16 0002:000007C2
    17 0002:000007DA    18 0002:000007E6

Bound resource files

c:\program files (x86)\codegear\rad studio\6.0\lib\character.res
c:\program files (x86)\codegear\rad studio\6.0\lib\Controls.res
MainUnit.dfm
NempG15App.res
NempG15App.drf


Program entry point at 0002:00000798
